Component: ARM Compiler 5.06 update 4 (build 422) Tool: armlink [4d35d2]

==============================================================================

Section Cross References

    main.o(i.main) refers to misc.o(i.NVIC_PriorityGroupConfig) for NVIC_PriorityGroupConfig
    main.o(i.main) refers to delay.o(i.delay_init) for delay_init
    main.o(i.main) refers to delay.o(i.delay_ms) for delay_ms
    main.o(i.main) refers to usart1.o(i.Usart_Init) for Usart_Init
    main.o(i.main) refers to lcd.o(i.LCD_Init) for LCD_Init
    main.o(i.main) refers to sim900a.o(i.sim900a_init) for sim900a_init
    main.o(i.main) refers to lcd.o(i.LCD_ShowString) for LCD_ShowString
    main.o(i.main) refers to transaction.o(i.Key_Scan) for Key_Scan
    main.o(i.main) refers to transaction.o(i.Transaction_Process) for Transaction_Process
    main.o(i.main) refers to transaction.o(i.NoticeDevice_Action) for NoticeDevice_Action
    main.o(i.main) refers to usart1.o(.data) for USART1_RX_STA
    main.o(i.main) refers to transaction.o(.data) for Input_Key
    main.o(.data) refers to modbus_tcp.o(.bss) for TcpServer_WriteDataBuf1
    main.o(.data) refers to main.o(.conststring) for .conststring
    stm32f4xx_it.o(i.TIM4_IRQHandler) refers to stm32f4xx_tim.o(i.TIM_GetITStatus) for TIM_GetITStatus
    stm32f4xx_it.o(i.TIM4_IRQHandler) refers to stm32f4xx_tim.o(i.TIM_ClearITPendingBit) for TIM_ClearITPendingBit
    stm32f4xx_it.o(i.TIM4_IRQHandler) refers to stm32f4xx_tim.o(i.TIM_Cmd) for TIM_Cmd
    stm32f4xx_it.o(i.TIM4_IRQHandler) refers to usart1.o(.data) for USART1_RX_STA
    stm32f4xx_it.o(i.USART1_IRQHandler) refers to stm32f4xx_usart.o(i.USART_GetITStatus) for USART_GetITStatus
    stm32f4xx_it.o(i.USART1_IRQHandler) refers to stm32f4xx_tim.o(i.TIM_Cmd) for TIM_Cmd
    stm32f4xx_it.o(i.USART1_IRQHandler) refers to stm32f4xx_usart.o(i.USART_ReceiveData) for USART_ReceiveData
    stm32f4xx_it.o(i.USART1_IRQHandler) refers to stm32f4xx_tim.o(i.TIM_SetCounter) for TIM_SetCounter
    stm32f4xx_it.o(i.USART1_IRQHandler) refers to stm32f4xx_usart.o(i.USART_ClearITPendingBit) for USART_ClearITPendingBit
    stm32f4xx_it.o(i.USART1_IRQHandler) refers to usart1.o(.data) for USART1_RX_STA
    stm32f4xx_it.o(i.USART1_IRQHandler) refers to usart1.o(.bss) for USART1_RX_BUF
    system_stm32f4xx.o(i.SystemCoreClockUpdate) refers to system_stm32f4xx.o(.data) for SystemCoreClock
    system_stm32f4xx.o(i.SystemInit) refers to system_stm32f4xx.o(i.SetSysClock) for SetSysClock
    transaction.o(i.CheckPay_Status) refers to modbus_tcp.o(i.modbus_send_cmd) for modbus_send_cmd
    transaction.o(i.CheckPay_Status) refers to delay.o(i.delay_ms) for delay_ms
    transaction.o(i.CheckPay_Status) refers to modbus_tcp.o(i.recv_modbus_response) for recv_modbus_response
    transaction.o(i.CheckPay_Status) refers to usart1.o(.data) for USART1_RX_STA
    transaction.o(i.CheckPay_Status) refers to usart1.o(.bss) for USART1_RX_BUF
    transaction.o(i.CheckPay_Status) refers to modbus_tcp.o(.bss) for TcpServer_ReadDataBuf1
    transaction.o(i.CheckPay_Status) refers to transaction.o(.data) for Device_Transaction_Status
    transaction.o(i.Commodity_ReserveCheck) refers to modbus_tcp.o(i.modbus_send_cmd) for modbus_send_cmd
    transaction.o(i.Commodity_ReserveCheck) refers to delay.o(i.delay_ms) for delay_ms
    transaction.o(i.Commodity_ReserveCheck) refers to modbus_tcp.o(i.recv_modbus_response) for recv_modbus_response
    transaction.o(i.Commodity_ReserveCheck) refers to usart1.o(.data) for USART1_RX_STA
    transaction.o(i.Commodity_ReserveCheck) refers to usart1.o(.bss) for USART1_RX_BUF
    transaction.o(i.Commodity_ReserveCheck) refers to modbus_tcp.o(.bss) for TcpServer_ReadDataBuf1
    transaction.o(i.Commodity_ReserveCheck) refers to transaction.o(.data) for Device_Transaction_Info
    transaction.o(i.PushBuy_Request) refers to modbus_tcp.o(i.modbus_send_cmd) for modbus_send_cmd
    transaction.o(i.PushBuy_Request) refers to delay.o(i.delay_ms) for delay_ms
    transaction.o(i.PushBuy_Request) refers to modbus_tcp.o(i.recv_modbus_response) for recv_modbus_response
    transaction.o(i.PushBuy_Request) refers to usart1.o(.data) for USART1_RX_STA
    transaction.o(i.PushBuy_Request) refers to usart1.o(.bss) for USART1_RX_BUF
    transaction.o(i.Transaction_Process) refers to transaction.o(i.Key2CDID) for Key2CDID
    transaction.o(i.Transaction_Process) refers to transaction.o(i.Commodity_ReserveCheck) for Commodity_ReserveCheck
    transaction.o(i.Transaction_Process) refers to transaction.o(i.LcdShow_TransactionLack) for LcdShow_TransactionLack
    transaction.o(i.Transaction_Process) refers to transaction.o(i.ResetDevice2InitSellMode) for ResetDevice2InitSellMode
    transaction.o(i.Transaction_Process) refers to transaction.o(i.LcdShow_WaitPay) for LcdShow_WaitPay
    transaction.o(i.Transaction_Process) refers to transaction.o(i.PushBuy_Request) for PushBuy_Request
[...]
    .text                                    0x08001234   Section        0  _wcrtomb.o(.text)
    .text                                    0x08001274   Section       74  sys_stackheap_outer.o(.text)
    .text                                    0x080012c0   Section       16  rt_ctype_table.o(.text)
    .text                                    0x080012d0   Section        8  rt_locale_intlibspace.o(.text)
    .text                                    0x080012d8   Section        0  _printf_fp_infnan.o(.text)
    .text                                    0x08001358   Section        0  bigflt0.o(.text)
    .text                                    0x08001434   Section        0  exit.o(.text)
    .text                                    0x08001448   Section        8  libspace.o(.text)
    .text                                    0x08001450   Section      128  strcmpv7m.o(.text)
    CL$$btod_d2e                             0x080014d0   Section       62  btod.o(CL$$btod_d2e)
    CL$$btod_d2e_denorm_low                  0x0800150e   Section       70  btod.o(CL$$btod_d2e_denorm_low)
    CL$$btod_d2e_norm_op1                    0x08001554   Section       96  btod.o(CL$$btod_d2e_norm_op1)
    CL$$btod_div_common                      0x080015b4   Section      824  btod.o(CL$$btod_div_common)
    CL$$btod_e2e                             0x080018ec   Section      198  btod.o(CL$$btod_e2e)
    CL$$btod_ediv                            0x080019b2   Section       40  btod.o(CL$$btod_ediv)
    CL$$btod_emul                            0x080019da   Section       40  btod.o(CL$$btod_emul)
    CL$$btod_mult_common                     0x08001a02   Section      580  btod.o(CL$$btod_mult_common)
    i.BusFault_Handler                       0x08001c46   Section        0  stm32f4xx_it.o(i.BusFault_Handler)
    i.CheckPay_Status                        0x08001c4c   Section        0  transaction.o(i.CheckPay_Status)
    i.Commodity_ReserveCheck                 0x08001ce4   Section        0  transaction.o(i.Commodity_ReserveCheck)
    i.DebugMon_Handler                       0x08001d6c   Section        0  stm32f4xx_it.o(i.DebugMon_Handler)
    i.FSMC_NORSRAMCmd                        0x08001d70   Section        0  stm32f4xx_fsmc.o(i.FSMC_NORSRAMCmd)
    i.FSMC_NORSRAMInit                       0x08001da4   Section        0  stm32f4xx_fsmc.o(i.FSMC_NORSRAMInit)
    i.GPIO_Init                              0x08001e8a   Section        0  stm32f4xx_gpio.o(i.GPIO_Init)
    i.GPIO_PinAFConfig                       0x08001f1a   Section        0  stm32f4xx_gpio.o(i.GPIO_PinAFConfig)
    i.GPIO_ResetBits                         0x08001f60   Section        0  stm32f4xx_gpio.o(i.GPIO_ResetBits)
    i.GPIO_SetBits                           0x08001f64   Section        0  stm32f4xx_gpio.o(i.GPIO_SetBits)
    i.HardFault_Handler                      0x08001f68   Section        0  stm32f4xx_it.o(i.HardFault_Handler)
    i.Key2CDID                               0x08001f6c   Section        0  transaction.o(i.Key2CDID)
    i.Key_Scan                               0x08001f72   Section        0  transaction.o(i.Key_Scan)
    i.LCD_Clear                              0x08001f74   Section        0  lcd.o(i.LCD_Clear)
    i.LCD_Display_Dir                        0x08001fe0   Section        0  lcd.o(i.LCD_Display_Dir)
    i.LCD_Fast_DrawPoint                     0x080021a0   Section        0  lcd.o(i.LCD_Fast_DrawPoint)
    i.LCD_Fill                               0x08002320   Section        0  lcd.o(i.LCD_Fill)
    i.LCD_Init                               0x080023d8   Section        0  lcd.o(i.LCD_Init)
    i.LCD_RD_DATA                            0x08005d2c   Section        0  lcd.o(i.LCD_RD_DATA)
    i.LCD_ReadReg                            0x08005d40   Section        0  lcd.o(i.LCD_ReadReg)
    i.LCD_SSD_BackLightSet                   0x08005d58   Section        0  lcd.o(i.LCD_SSD_BackLightSet)
    i.LCD_Scan_Dir                           0x08005db8   Section        0  lcd.o(i.LCD_Scan_Dir)
    i.LCD_SetCursor                          0x080060a4   Section        0  lcd.o(i.LCD_SetCursor)
    i.LCD_ShowChar                           0x0800624c   Section        0  lcd.o(i.LCD_ShowChar)
    i.LCD_ShowString                         0x08006374   Section        0  lcd.o(i.LCD_ShowString)
    i.LCD_WR_DATA                            0x080063dc   Section        0  lcd.o(i.LCD_WR_DATA)
    i.LCD_WR_REG                             0x080063f4   Section        0  lcd.o(i.LCD_WR_REG)
    i.LCD_WriteRAM_Prepare                   0x0800640c   Section        0  lcd.o(i.LCD_WriteRAM_Prepare)
    i.LCD_WriteReg                           0x08006420   Section        0  lcd.o(i.LCD_WriteReg)
    i.LcdShow_PayComplete                    0x08006434   Section        0  transaction.o(i.LcdShow_PayComplete)
    i.LcdShow_PayOutTime                     0x08006436   Section        0  transaction.o(i.LcdShow_PayOutTime)
    i.LcdShow_TransactionLack                0x08006438   Section        0  transaction.o(i.LcdShow_TransactionLack)
    i.LcdShow_WaitPay                        0x0800643a   Section        0  transaction.o(i.LcdShow_WaitPay)
    i.MemManage_Handler                      0x0800643c   Section        0  stm32f4xx_it.o(i.MemManage_Handler)
    i.NMI_Handler                            0x08006440   Section        0  stm32f4xx_it.o(i.NMI_Handler)
    i.NVIC_Init                              0x08006444   Section        0  misc.o(i.NVIC_Init)
    i.NVIC_PriorityGroupConfig               0x080064bc   Section        0  misc.o(i.NVIC_PriorityGroupConfig)
    i.NoticeDevice_Action                    0x080064d0   Section        0  transaction.o(i.NoticeDevice_Action)
    i.PendSV_Handler                         0x080064d2   Section        0  stm32f4xx_it.o(i.PendSV_Handler)
    i.PushBuy_Request                        0x080064d4   Section        0  transaction.o(i.PushBuy_Request)
    i.RCC_AHB1PeriphClockCmd                 0x08006550   Section        0  stm32f4xx_rcc.o(i.RCC_AHB1PeriphClockCmd)
    i.RCC_AHB3PeriphClockCmd                 0x08006570   Section        0  stm32f4xx_rcc.o(i.RCC_AHB3PeriphClockCmd)
    i.RCC_APB1PeriphClockCmd                 0x08006590   Section        0  stm32f4xx_rcc.o(i.RCC_APB1PeriphClockCmd)
    i.RCC_APB2PeriphClockCmd                 0x080065b0   Section        0  stm32f4xx_rcc.o(i.RCC_APB2PeriphClockCmd)
    i.RCC_GetClocksFreq                      0x080065d0   Section        0  stm32f4xx_rcc.o(i.RCC_GetClocksFreq)
    i.ResetDevice2InitSellMode               0x080066b8   Section        0  transaction.o(i.ResetDevice2InitSellMode)
    i.SVC_Handler                            0x080066ba   Section        0  stm32f4xx_it.o(i.SVC_Handler)
    i.SetSysClock                            0x080066bc   Section        0  system_stm32f4xx.o(i.SetSysClock)
    SetSysClock                              0x080066bd   Thumb Code   220  system_stm32f4xx.o(i.SetSysClock)
    i.SysTick_CLKSourceConfig                0x080067a8   Section        0  misc.o(i.SysTick_CLKSourceConfig)
    i.SysTick_Handler                        0x080067d0   Section        0  stm32f4xx_it.o(i.SysTick_Handler)
    i.SystemInit                             0x080067d4   Section        0  system_stm32f4xx.o(i.SystemInit)
    i.TIM2_IRQHandler                        0x0800683c   Section        0  timer.o(i.TIM2_IRQHandler)
    i.TIM4_IRQHandler                        0x08006850   Section        0  stm32f4xx_it.o(i.TIM4_IRQHandler)
    i.TIM4_Int_Init                          0x08006884   Section        0  timer4_usart.o(i.TIM4_Int_Init)
    i.TIM5_IRQHandler                        0x080068d8   Section        0  timer.o(i.TIM5_IRQHandler)
    i.TIM_ClearITPendingBit                  0x080068f0   Section        0  stm32f4xx_tim.o(i.TIM_ClearITPendingBit)
    i.TIM_Cmd                                0x080068f6   Section        0  stm32f4xx_tim.o(i.TIM_Cmd)
    i.TIM_GetITStatus                        0x0800690e   Section        0  stm32f4xx_tim.o(i.TIM_GetITStatus)
    i.TIM_ITConfig                           0x08006930   Section        0  stm32f4xx_tim.o(i.TIM_ITConfig)
    i.TIM_SetCounter                         0x08006942   Section        0  stm32f4xx_tim.o(i.TIM_SetCounter)
    i.TIM_TimeBaseInit                       0x08006948   Section        0  stm32f4xx_tim.o(i.TIM_TimeBaseInit)
    i.Transaction_Process                    0x080069cc   Section        0  transaction.o(i.Transaction_Process)
    i.USART1_IRQHandler                      0x08006a68   Section        0  stm32f4xx_it.o(i.USART1_IRQHandler)
    i.USART_ClearFlag                        0x08006acc   Section        0  stm32f4xx_usart.o(i.USART_ClearFlag)
    i.USART_ClearITPendingBit                0x08006ade   Section        0  stm32f4xx_usart.o(i.USART_ClearITPendingBit)
    i.USART_Cmd                              0x08006afc   Section        0  stm32f4xx_usart.o(i.USART_Cmd)
    i.USART_GetFlagStatus                    0x08006b14   Section        0  stm32f4xx_usart.o(i.USART_GetFlagStatus)
    i.USART_GetITStatus                      0x08006b2e   Section        0  stm32f4xx_usart.o(i.USART_GetITStatus)
    i.USART_ITConfig                         0x08006b82   Section        0  stm32f4xx_usart.o(i.USART_ITConfig)
    i.USART_Init                             0x08006bcc   Section        0  stm32f4xx_usart.o(i.USART_Init)
    i.USART_ReceiveData                      0x08006ca0   Section        0  stm32f4xx_usart.o(i.USART_ReceiveData)
    i.USART_SendData                         0x08006caa   Section        0  stm32f4xx_usart.o(i.USART_SendData)
    i.USART_SendStr                          0x08006cb2   Section        0  usart1.o(i.USART_SendStr)
    i.UsageFault_Handler                     0x08006cf0   Section        0  stm32f4xx_it.o(i.UsageFault_Handler)
    i.Usart_Init                             0x08006cf4   Section        0  usart1.o(i.Usart_Init)
    i.__ARM_fpclassify                       0x08006dac   Section        0  fpclassify.o(i.__ARM_fpclassify)
    i._is_digit                              0x08006ddc   Section        0  __printf_wp.o(i._is_digit)
    i._sys_exit                              0x08006dea   Section        0  usart1.o(i._sys_exit)
    i.delay_init                             0x08006df0   Section        0  delay.o(i.delay_init)
    i.delay_ms                               0x08006e2c   Section        0  delay.o(i.delay_ms)
    i.delay_us                               0x08006e64   Section        0  delay.o(i.delay_us)
    i.delay_xms                              0x08006eb0   Section        0  delay.o(i.delay_xms)
    i.main                                   0x08006efc   Section        0  main.o(i.main)
    i.modbus_send_cmd                        0x08006f88   Section        0  modbus_tcp.o(i.modbus_send_cmd)
    i.recv_modbus_response                   0x0800710c   Section        0  modbus_tcp.o(i.recv_modbus_response)
    i.sim900a_check_cmd                      0x0800718c   Section        0  sim900a.o(i.sim900a_check_cmd)
    i.sim900a_connect                        0x080071c0   Section        0  sim900a.o(i.sim900a_connect)
    i.sim900a_init                           0x080076a4   Section        0  sim900a.o(i.sim900a_init)
    i.sim900a_reset                          0x080076e4   Section        0  sim900a.o(i.sim900a_reset)
    i.sim900a_send_cmd                       0x08007758   Section        0  sim900a.o(i.sim900a_send_cmd)
    i.u1_printf                              0x080077cc   Section        0  usart1.o(i.u1_printf)
    locale$$code                             0x080077f8   Section       44  lc_numeric_c.o(locale$$code)
    locale$$code                             0x08007824   Section       44  lc_ctype_c.o(locale$$code)
    x$fpl$dfixu                              0x08007850   Section       90  dfixu.o(x$fpl$dfixu)
    $v0                                      0x08007850   Number         0  dfixu.o(x$fpl$dfixu)
    x$fpl$dfltu                              0x080078aa   Section       38  dflt_clz.o(x$fpl$dfltu)
    $v0                                      0x080078aa   Number         0  dflt_clz.o(x$fpl$dfltu)
    x$fpl$dmul                               0x080078d0   Section      340  dmul.o(x$fpl$dmul)
    $v0                                      0x080078d0   Number         0  dmul.o(x$fpl$dmul)
    x$fpl$dnaninf                            0x08007a24   Section      156  dnaninf.o(x$fpl$dnaninf)
    $v0                                      0x08007a24   Number         0  dnaninf.o(x$fpl$dnaninf)
    x$fpl$dretinf                            0x08007ac0   Section       12  dretinf.o(x$fpl$dretinf)
    $v0                                      0x08007ac0   Number         0  dretinf.o(x$fpl$dretinf)
    x$fpl$fpinit                             0x08007acc   Section       10  fpinit.o(x$fpl$fpinit)
    $v0                                      0x08007acc   Number         0  fpinit.o(x$fpl$fpinit)
    x$fpl$printf1                            0x08007ad6   Section        4  printf1.o(x$fpl$printf1)
    $v0                                      0x08007ad6   Number         0  printf1.o(x$fpl$printf1)
    x$fpl$printf2                            0x08007ada   Section        4  printf2.o(x$fpl$printf2)
    $v0                                      0x08007ada   Number         0  printf2.o(x$fpl$printf2)
    .constdata                               0x08007ade   Section     6080  lcd.o(.constdata)
    x$fpl$usenofp                            0x08007ade   Section        0  usenofp.o(x$fpl$usenofp)
    .constdata                               0x0800929e   Section       17  __printf_flags_ss_wp.o(.constdata)
    maptable                                 0x0800929e   Data          17  __printf_flags_ss_wp.o(.constdata)
    .constdata                               0x080092b0   Section        8  _printf_wctomb.o(.constdata)
    initial_mbstate                          0x080092b0   Data           8  _printf_wctomb.o(.constdata)
    .constdata                               0x080092b8   Section       40  _printf_hex_int_ll_ptr.o(.constdata)
    uc_hextab                                0x080092b8   Data          20  _printf_hex_int_ll_ptr.o(.constdata)
    lc_hextab                                0x080092cc   Data          20  _printf_hex_int_ll_ptr.o(.constdata)
    .constdata                               0x080092e0   Section       38  _printf_fp_hex.o(.constdata)
    lc_hextab                                0x080092e0   Data          19  _printf_fp_hex.o(.constdata)
    uc_hextab                                0x080092f3   Data          19  _printf_fp_hex.o(.constdata)
    .constdata                               0x08009308   Section      148  bigflt0.o(.constdata)
    tenpwrs_x                                0x08009308   Data          60  bigflt0.o(.constdata)
    tenpwrs_i                                0x08009344   Data          64  bigflt0.o(.constdata)
    .conststring                             0x0800939c   Section       20  main.o(.conststring)
    locale$$data                             0x080093d0   Section       28  lc_numeric_c.o(locale$$data)
    __lcnum_c_name                           0x080093d4   Data           2  lc_numeric_c.o(locale$$data)
    __lcnum_c_start                          0x080093dc   Data           0  lc_numeric_c.o(locale$$data)
    __lcnum_c_point                          0x080093e8   Data           0  lc_numeric_c.o(locale$$data)
    __lcnum_c_thousands                      0x080093ea   Data           0  lc_numeric_c.o(locale$$data)
    __lcnum_c_grouping                       0x080093eb   Data           0  lc_numeric_c.o(locale$$data)
    locale$$data                             0x080093ec   Section      272  lc_ctype_c.o(locale$$data)
    __lcnum_c_end                            0x080093ec   Data           0  lc_numeric_c.o(locale$$data)
    __lcctype_c_name                         0x080093f0   Data           2  lc_ctype_c.o(locale$$data)
    __lcctype_c_start                        0x080093f8   Data           0  lc_ctype_c.o(locale$$data)
    __lcctype_c_end                          0x080094fc   Data           0  lc_ctype_c.o(locale$$data)
    .data                                    0x20000000   Section       40  main.o(.data)
    .data                                    0x20000028   Section       12  transaction.o(.data)
    .data                                    0x20000034   Section        4  delay.o(.data)
    fac_us                                   0x20000034   Data           1  delay.o(.data)
    fac_ms                                   0x20000036   Data           2  delay.o(.data)
    .data                                    0x20000038   Section       16  stm32f4xx_rcc.o(.data)
    APBAHBPrescTable                         0x20000038   Data          16  stm32f4xx_rcc.o(.data)
    .data                                    0x20000048   Section        4  lcd.o(.data)
    .data                                    0x2000004c   Section        6  usart1.o(.data)
    .bss                                     0x20000054   Section       14  lcd.o(.bss)
    .bss                                     0x20000062   Section      256  usart1.o(.bss)
    .bss                                     0x20000164   Section     1280  modbus_tcp.o(.bss)
    .bss                                     0x20000664   Section       96  libspace.o(.bss)
    HEAP                                     0x200006c8   Section      512  startup_stm32f40_41xxx.o(HEAP)
    Heap_Mem                                 0x200006c8   Data         512  startup_stm32f40_41xxx.o(HEAP)
    STACK                                    0x200008c8   Section     1024  startup_stm32f40_41xxx.o(STACK)
    Stack_Mem                                0x200008c8   Data        1024  startup_stm32f40_41xxx.o(STACK)
    __initial_sp                             0x20000cc8   Data           0  startup_stm32f40_41xxx.o(STACK)

    Global Symbols

    Symbol Name                              Value     Ov Type        Size  Object(Section)

    BuildAttributes$$THM_ISAv4$E$P$D$K$B$S$7EM$VFPi3$EXTD16$VFPS$VFMA$PE$A:L22UL41UL21$X:L11$S22US41US21$IEEE1$IW$USESV6$~STKCKD$USESV7$~SHL$OTIME$ROPI$IEEEJ$EBA8$UX$STANDARDLIB$REQ8$PRES8$EABIv2 0x00000000   Number         0  anon$$obj.o ABSOLUTE
    __ARM_use_no_argv                        0x00000000   Number         0  main.o ABSOLUTE
    _printf_flags                            0x00000000   Number         0  printf_stubs.o ABSOLUTE
    _printf_return_value                     0x00000000   Number         0  printf_stubs.o ABSOLUTE
    _printf_sizespec                         0x00000000   Number         0  printf_stubs.o ABSOLUTE
    _printf_widthprec                        0x00000000   Number         0  printf_stubs.o ABSOLUTE
    __ARM_exceptions_init                     - Undefined Weak Reference
    __alloca_initialize                       - Undefined Weak Reference
    __arm_preinit_                            - Undefined Weak Reference
    __cpp_initialize__aeabi_                  - Undefined Weak Reference
    __cxa_finalize                            - Undefined Weak Reference
    __sigvec_lookup                           - Undefined Weak Reference
    _atexit_init                              - Undefined Weak Reference
    _call_atexit_fns                          - Undefined Weak Reference
    _clock_init                               - Undefined Weak Reference
    _fp_trap_init                             - Undefined Weak Reference
    _fp_trap_shutdown                         - Undefined Weak Reference
    _get_lc_collate                           - Undefined Weak Reference
    _get_lc_monetary                          - Undefined Weak Reference
    _get_lc_time                              - Undefined Weak Reference
    _getenv_init                              - Undefined Weak Reference
    _handle_redirection                       - Undefined Weak Reference
    _init_alloc                               - Undefined Weak Reference
    _init_user_alloc                          - Undefined Weak Reference
    _initio                                   - Undefined Weak Reference
    _printf_mbtowc                            - Undefined Weak Reference
    _printf_wc                                - Undefined Weak Reference
    _rand_init                                - Undefined Weak Reference
    _signal_finish                            - Undefined Weak Reference
    _signal_init                              - Undefined Weak Reference
    _terminate_alloc                          - Undefined Weak Reference
    _terminate_user_alloc                     - Undefined Weak Reference
    _terminateio                              - Undefined Weak Reference
    __Vectors_Size                           0x00000188   Number         0  startup_stm32f40_41xxx.o ABSOLUTE
    __Vectors                                0x08000000   Data           4  startup_stm32f40_41xxx.o(RESET)
    __Vectors_End                            0x08000188   Data           0  startup_stm32f40_41xxx.o(RESET)
    __main                                   0x08000189   Thumb Code     8  __main.o(!!!main)
    __scatterload                            0x08000191   Thumb Code     0  __scatter.o(!!!scatter)
    __scatterload_rt2                        0x08000191   Thumb Code    44  __scatter.o(!!!scatter)
    __scatterload_rt2_thumb_only             0x08000191   Thumb Code     0  __scatter.o(!!!scatter)
    __scatterload_null                       0x0800019f   Thumb Code     0  __scatter.o(!!!scatter)
    __scatterload_copy                       0x080001c5   Thumb Code    26  __scatter_copy.o(!!handler_copy)
    __scatterload_zeroinit                   0x080001e1   Thumb Code    28  __scatter_zi.o(!!handler_zi)
    _printf_n                                0x080001fd   Thumb Code     0  _printf_n.o(.ARM.Collect$$_printf_percent$$00000001)
    _printf_percent                          0x080001fd   Thumb Code     0  _printf_percent.o(.ARM.Collect$$_printf_percent$$00000000)
    _printf_p                                0x08000203   Thumb Code     0  _printf_p.o(.ARM.Collect$$_printf_percent$$00000002)
    _printf_f                                0x08000209   Thumb Code     0  _printf_f.o(.ARM.Collect$$_printf_percent$$00000003)
    _printf_e                                0x0800020f   Thumb Code     0  _printf_e.o(.ARM.Collect$$_printf_percent$$00000004)
    _printf_g                                0x08000215   Thumb Code     0  _printf_g.o(.ARM.Collect$$_printf_percent$$00000005)
    _printf_a                                0x0800021b   Thumb Code     0  _printf_a.o(.ARM.Collect$$_printf_percent$$00000006)
    _printf_ll                               0x08000221   Thumb Code     0  _printf_ll.o(.ARM.Collect$$_printf_percent$$00000007)
    _printf_i                                0x0800022b   Thumb Code     0  _printf_i.o(.ARM.Collect$$_printf_percent$$00000008)
    _printf_d                                0x08000231   Thumb Code     0  _printf_d.o(.ARM.Collect$$_printf_percent$$00000009)
    _printf_u                                0x08000237   Thumb Code     0  _printf_u.o(.ARM.Collect$$_printf_percent$$0000000A)
    _printf_o                                0x0800023d   Thumb Code     0  _printf_o.o(.ARM.Collect$$_printf_percent$$0000000B)
    _printf_x                                0x08000243   Thumb Code     0  _printf_x.o(.ARM.Collect$$_printf_percent$$0000000C)
    _printf_lli                              0x08000249   Thumb Code     0  _printf_lli.o(.ARM.Collect$$_printf_percent$$0000000D)
    _printf_lld                              0x0800024f   Thumb Code     0  _printf_lld.o(.ARM.Collect$$_printf_percent$$0000000E)
    _printf_llu                              0x08000255   Thumb Code     0  _printf_llu.o(.ARM.Collect$$_printf_percent$$0000000F)
    _printf_llo                              0x0800025b   Thumb Code     0  _printf_llo.o(.ARM.Collect$$_printf_percent$$00000010)
    _printf_llx                              0x08000261   Thumb Code     0  _printf_llx.o(.ARM.Collect$$_printf_percent$$00000011)
    _printf_l                                0x08000267   Thumb Code     0  _printf_l.o(.ARM.Collect$$_printf_percent$$00000012)
    _printf_c                                0x08000271   Thumb Code     0  _printf_c.o(.ARM.Collect$$_printf_percent$$00000013)
    _printf_s                                0x08000277   Thumb Code     0  _printf_s.o(.ARM.Collect$$_printf_percent$$00000014)
    _printf_lc                               0x0800027d   Thumb Code     0  _printf_lc.o(.ARM.Collect$$_printf_percent$$00000015)
    _printf_ls                               0x08000283   Thumb Code     0  _printf_ls.o(.ARM.Collect$$_printf_percent$$00000016)
    _printf_percent_end                      0x08000289   Thumb Code     0  _printf_percent_end.o(.ARM.Collect$$_printf_percent$$00000017)
    __rt_lib_init                            0x0800028d   Thumb Code     0  libinit.o(.ARM.Collect$$libinit$$00000000)
    __rt_lib_init_fp_1                       0x0800028f   Thumb Code     0  libinit2.o(.ARM.Collect$$libinit$$00000001)
    __rt_lib_init_heap_1                     0x08000293   Thumb Code     0  libinit2.o(.ARM.Collect$$libinit$$0000000A)
    __rt_lib_init_lc_common                  0x08000293   Thumb Code     0  libinit2.o(.ARM.Collect$$libinit$$0000000F)
    __rt_lib_init_preinit_1                  0x08000293   Thumb Code     0  libinit2.o(.ARM.Collect$$libinit$$00000004)
    __rt_lib_init_rand_1                     0x08000293   Thumb Code     0  libinit2.o(.ARM.Collect$$libinit$$0000000E)
    __rt_lib_init_user_alloc_1               0x08000293   Thumb Code     0  libinit2.o(.ARM.Collect$$libinit$$0000000C)
    __rt_lib_init_lc_collate_1               0x08000299   Thumb Code     0  libinit2.o(.ARM.Collect$$libinit$$00000011)
    __rt_lib_init_lc_ctype_2                 0x08000299   Thumb Code     0  libinit2.o(.ARM.Collect$$libinit$$00000012)
    __rt_lib_init_lc_ctype_1                 0x080002a5   Thumb Code     0  libinit2.o(.ARM.Collect$$libinit$$00000013)
    __rt_lib_init_lc_monetary_1              0x080002a5   Thumb Code     0  libinit2.o(.ARM.Collect$$libinit$$00000015)
    __rt_lib_init_lc_numeric_2               0x080002a5   Thumb Code     0  libinit2.o(.ARM.Collect$$libinit$$00000016)
    __rt_lib_init_alloca_1                   0x080002af   Thumb Code     0  libinit2.o(.ARM.Collect$$libinit$$0000002E)
    __rt_lib_init_argv_1                     0x080002af   Thumb Code     0  libinit2.o(.ARM.Collect$$libinit$$0000002C)
    __rt_lib_init_atexit_1                   0x080002af   Thumb Code     0  libinit2.o(.ARM.Collect$$libinit$$0000001B)
    __rt_lib_init_clock_1                    0x080002af   Thumb Code     0  libinit2.o(.ARM.Collect$$libinit$$00000021)
    __rt_lib_init_cpp_1                      0x080002af   Thumb Code     0  libinit2.o(.ARM.Collect$$libinit$$00000032)
    __rt_lib_init_exceptions_1               0x080002af   Thumb Code     0  libinit2.o(.ARM.Collect$$libinit$$00000030)
    __rt_lib_init_fp_trap_1                  0x080002af   Thumb Code     0  libinit2.o(.ARM.Collect$$libinit$$0000001F)
    __rt_lib_init_getenv_1                   0x080002af   Thumb Code     0  libinit2.o(.ARM.Collect$$libinit$$00000023)
    __rt_lib_init_lc_numeric_1               0x080002af   Thumb Code     0  libinit2.o(.ARM.Collect$$libinit$$00000017)
    __rt_lib_init_lc_time_1                  0x080002af   Thumb Code     0  libinit2.o(.ARM.Collect$$libinit$$00000019)
    __rt_lib_init_return                     0x080002af   Thumb Code     0  libinit2.o(.ARM.Collect$$libinit$$00000033)
    __rt_lib_init_signal_1                   0x080002af   Thumb Code     0  libinit2.o(.ARM.Collect$$libinit$$0000001D)
    __rt_lib_init_stdio_1                    0x080002af   Thumb Code     0  libinit2.o(.ARM.Collect$$libinit$$00000025)
    __rt_lib_shutdown                        0x080002b1   Thumb Code     0  libshutdown.o(.ARM.Collect$$libshutdown$$00000000)
    __rt_lib_shutdown_cpp_1                  0x080002b3   Thumb Code     0  libshutdown2.o(.ARM.Collect$$libshutdown$$00000002)
    __rt_lib_shutdown_fp_trap_1              0x080002b3   Thumb Code     0  libshutdown2.o(.ARM.Collect$$libshutdown$$00000007)
    __rt_lib_shutdown_heap_1                 0x080002b3   Thumb Code     0  libshutdown2.o(.ARM.Collect$$libshutdown$$0000000F)
    __rt_lib_shutdown_return                 0x080002b3   Thumb Code     0  libshutdown2.o(.ARM.Collect$$libshutdown$$00000010)
    __rt_lib_shutdown_signal_1               0x080002b3   Thumb Code     0  libshutdown2.o(.ARM.Collect$$libshutdown$$0000000A)
    __rt_lib_shutdown_stdio_1                0x080002b3   Thumb Code     0  libshutdown2.o(.ARM.Collect$$libshutdown$$00000004)
    __rt_lib_shutdown_user_alloc_1           0x080002b3   Thumb Code     0  libshutdown2.o(.ARM.Collect$$libshutdown$$0000000C)
    __rt_entry                               0x080002b5   Thumb Code     0  __rtentry.o(.ARM.Collect$$rtentry$$00000000)
    __rt_entry_presh_1                       0x080002b5   Thumb Code     0  __rtentry2.o(.ARM.Collect$$rtentry$$00000002)
    __rt_entry_sh                            0x080002b5   Thumb Code     0  __rtentry4.o(.ARM.Collect$$rtentry$$00000004)
    __rt_entry_li                            0x080002bb   Thumb Code     0  __rtentry2.o(.ARM.Collect$$rtentry$$0000000A)
    __rt_entry_postsh_1                      0x080002bb   Thumb Code     0  __rtentry2.o(.ARM.Collect$$rtentry$$00000009)
    __rt_entry_main                          0x080002bf   Thumb Code     0  __rtentry2.o(.ARM.Collect$$rtentry$$0000000D)
    __rt_entry_postli_1                      0x080002bf   Thumb Code     0  __rtentry2.o(.ARM.Collect$$rtentry$$0000000C)
    __rt_exit                                0x080002c7   Thumb Code     0  rtexit.o(.ARM.Collect$$rtexit$$00000000)
    __rt_exit_ls                             0x080002c9   Thumb Code     0  rtexit2.o(.ARM.Collect$$rtexit$$00000003)
    __rt_exit_prels_1                        0x080002c9   Thumb Code     0  rtexit2.o(.ARM.Collect$$rtexit$$00000002)
    __rt_exit_exit                           0x080002cd   Thumb Code     0  rtexit2.o(.ARM.Collect$$rtexit$$00000004)
    Reset_Handler                            0x080002d5   Thumb Code     8  startup_stm32f40_41xxx.o(.text)
    ADC_IRQHandler                           0x080002ef   Thumb Code     0  startup_stm32f40_41xxx.o(.text)
    CAN1_RX0_IRQHandler                      0x080002ef   Thumb Code     0  startup_stm32f40_41xxx.o(.text)
    CAN1_RX1_IRQHandler                      0x080002ef   Thumb Code     0  startup_stm32f40_41xxx.o(.text)
    CAN1_SCE_IRQHandler                      0x080002ef   Thumb Code     0  startup_stm32f40_41xxx.o(.text)
    CAN1_TX_IRQHandler                       0x080002ef   Thumb Code     0  startup_stm32f40_41xxx.o(.text)
    CAN2_RX0_IRQHandler                      0x080002ef   Thumb Code     0  startup_stm32f40_41xxx.o(.text)
    CAN2_RX1_IRQHandler                      0x080002ef   Thumb Code     0  startup_stm32f40_41xxx.o(.text)
    CAN2_SCE_IRQHandler                      0x080002ef   Thumb Code     0  startup_stm32f40_41xxx.o(.text)
    CAN2_TX_IRQHandler                       0x080002ef   Thumb Code     0  startup_stm32f40_41xxx.o(.text)
    CRYP_IRQHandler                          0x080002ef   Thumb Code     0  startup_stm32f40_41xxx.o(.text)
    DCMI_IRQHandler                          0x080002ef   Thumb Code     0  startup_stm32f40_41xxx.o(.text)
    DMA1_Stream0_IRQHandler                  0x080002ef   Thumb Code     0  startup_stm32f40_41xxx.o(.text)
    DMA1_Stream1_IRQHandler                  0x080002ef   Thumb Code     0  startup_stm32f40_41xxx.o(.text)
    DMA1_Stream2_IRQHandler                  0x080002ef   Thumb Code     0  startup_stm32f40_41xxx.o(.text)
    DMA1_Stream3_IRQHandler                  0x080002ef   Thumb Code     0  startup_stm32f40_41xxx.o(.text)
    DMA1_Stream4_IRQHandler                  0x080002ef   Thumb Code     0  startup_stm32f40_41xxx.o(.text)
    DMA1_Stream5_IRQHandler                  0x080002ef   Thumb Code     0  startup_stm32f40_41xxx.o(.text)
    DMA1_Stream6_IRQHandler                  0x080002ef   Thumb Code     0  startup_stm32f40_41xxx.o(.text)
    DMA1_Stream7_IRQHandler                  0x080002ef   Thumb Code     0  startup_stm32f40_41xxx.o(.text)
    DMA2_Stream0_IRQHandler                  0x080002ef   Thumb Code     0  startup_stm32f40_41xxx.o(.text)
    DMA2_Stream1_IRQHandler                  0x080002ef   Thumb Code     0  startup_stm32f40_41xxx.o(.text)
    DMA2_Stream2_IRQHandler                  0x080002ef   Thumb Code     0  startup_stm32f40_41xxx.o(.text)
    DMA2_Stream3_IRQHandler                  0x080002ef   Thumb Code     0  startup_stm32f40_41xxx.o(.text)
    DMA2_Stream4_IRQHandler                  0x080002ef   Thumb Code     0  startup_stm32f40_41xxx.o(.text)
    DMA2_Stream5_IRQHandler                  0x080002ef   Thumb Code     0  startup_stm32f40_41xxx.o(.text)
    DMA2_Stream6_IRQHandler                  0x080002ef   Thumb Code     0  startup_stm32f40_41xxx.o(.text)
    DMA2_Stream7_IRQHandler                  0x080002ef   Thumb Code     0  startup_stm32f40_41xxx.o(.text)
    ETH_IRQHandler                           0x080002ef   Thumb Code     0  startup_stm32f40_41xxx.o(.text)
    ETH_WKUP_IRQHandler                      0x080002ef   Thumb Code     0  startup_stm32f40_41xxx.o(.text)
    EXTI0_IRQHandler                         0x080002ef   Thumb Code     0  startup_stm32f40_41xxx.o(.text)
    EXTI15_10_IRQHandler                     0x080002ef   Thumb Code     0  startup_stm32f40_41xxx.o(.text)
    EXTI1_IRQHandler                         0x080002ef   Thumb Code     0  startup_stm32f40_41xxx.o(.text)
    EXTI2_IRQHandler                         0x080002ef   Thumb Code     0  startup_stm32f40_41xxx.o(.text)
    EXTI3_IRQHandler                         0x080002ef   Thumb Code     0  startup_stm32f40_41xxx.o(.text)
    EXTI4_IRQHandler                         0x080002ef   Thumb Code     0  startup_stm32f40_41xxx.o(.text)
    EXTI9_5_IRQHandler                       0x080002ef   Thumb Code     0  startup_stm32f40_41xxx.o(.text)
    FLASH_IRQHandler                         0x080002ef   Thumb Code     0  startup_stm32f40_41xxx.o(.text)
    FPU_IRQHandler                           0x080002ef   Thumb Code     0  startup_stm32f40_41xxx.o(.text)
    FSMC_IRQHandler                          0x080002ef   Thumb Code     0  startup_stm32f40_41xxx.o(.text)
    HASH_RNG_IRQHandler                      0x080002ef   Thumb Code     0  startup_stm32f40_41xxx.o(.text)
    I2C1_ER_IRQHandler                       0x080002ef   Thumb Code     0  startup_stm32f40_41xxx.o(.text)
    I2C1_EV_IRQHandler                       0x080002ef   Thumb Code     0  startup_stm32f40_41xxx.o(.text)
    I2C2_ER_IRQHandler                       0x080002ef   Thumb Code     0  startup_stm32f40_41xxx.o(.text)
    I2C2_EV_IRQHandler                       0x080002ef   Thumb Code     0  startup_stm32f40_41xxx.o(.text)
    I2C3_ER_IRQHandler                       0x080002ef   Thumb Code     0  startup_stm32f40_41xxx.o(.text)
    I2C3_EV_IRQHandler                       0x080002ef   Thumb Code     0  startup_stm32f40_41xxx.o(.text)
    OTG_FS_IRQHandler                        0x080002ef   Thumb Code     0  startup_stm32f40_41xxx.o(.text)
    OTG_FS_WKUP_IRQHandler                   0x080002ef   Thumb Code     0  startup_stm32f40_41xxx.o(.text)
    OTG_HS_EP1_IN_IRQHandler                 0x080002ef   Thumb Code     0  startup_stm32f40_41xxx.o(.text)
    OTG_HS_EP1_OUT_IRQHandler                0x080002ef   Thumb Code     0  startup_stm32f40_41xxx.o(.text)
    OTG_HS_IRQHandler                        0x080002ef   Thumb Code     0  startup_stm32f40_41xxx.o(.text)
    OTG_HS_WKUP_IRQHandler                   0x080002ef   Thumb Code     0  startup_stm32f40_41xxx.o(.text)
    PVD_IRQHandler                           0x080002ef   Thumb Code     0  startup_stm32f40_41xxx.o(.text)
    RCC_IRQHandler                           0x080002ef   Thumb Code     0  startup_stm32f40_41xxx.o(.text)
    RTC_Alarm_IRQHandler                     0x080002ef   Thumb Code     0  startup_stm32f40_41xxx.o(.text)
    RTC_WKUP_IRQHandler                      0x080002ef   Thumb Code     0  startup_stm32f40_41xxx.o(.text)
    SDIO_IRQHandler                          0x080002ef   Thumb Code     0  startup_stm32f40_41xxx.o(.text)
    SPI1_IRQHandler                          0x080002ef   Thumb Code     0  startup_stm32f40_41xxx.o(.text)
    SPI2_IRQHandler                          0x080002ef   Thumb Code     0  startup_stm32f40_41xxx.o(.text)
    SPI3_IRQHandler                          0x080002ef   Thumb Code     0  startup_stm32f40_41xxx.o(.text)
    TAMP_STAMP_IRQHandler                    0x080002ef   Thumb Code     0  startup_stm32f40_41xxx.o(.text)
    TIM1_BRK_TIM9_IRQHandler                 0x080002ef   Thumb Code     0  startup_stm32f40_41xxx.o(.text)
    TIM1_CC_IRQHandler                       0x080002ef   Thumb Code     0  startup_stm32f40_41xxx.o(.text)
    TIM1_TRG_COM_TIM11_IRQHandler            0x080002ef   Thumb Code     0  startup_stm32f40_41xxx.o(.text)
    TIM1_UP_TIM10_IRQHandler                 0x080002ef   Thumb Code     0  startup_stm32f40_41xxx.o(.text)
    TIM3_IRQHandler                          0x080002ef   Thumb Code     0  startup_stm32f40_41xxx.o(.text)
    TIM6_DAC_IRQHandler                      0x080002ef   Thumb Code     0  startup_stm32f40_41xxx.o(.text)
    TIM7_IRQHandler                          0x080002ef   Thumb Code     0  startup_stm32f40_41xxx.o(.text)
    TIM8_BRK_TIM12_IRQHandler                0x080002ef   Thumb Code     0  startup_stm32f40_41xxx.o(.text)
    TIM8_CC_IRQHandler                       0x080002ef   Thumb Code     0  startup_stm32f40_41xxx.o(.text)
    TIM8_TRG_COM_TIM14_IRQHandler            0x080002ef   Thumb Code     0  startup_stm32f40_41xxx.o(.text)
    TIM8_UP_TIM13_IRQHandler                 0x080002ef   Thumb Code     0  startup_stm32f40_41xxx.o(.text)
    UART4_IRQHandler                         0x080002ef   Thumb Code     0  startup_stm32f40_41xxx.o(.text)
    UART5_IRQHandler                         0x080002ef   Thumb Code     0  startup_stm32f40_41xxx.o(.text)
    USART2_IRQHandler                        0x080002ef   Thumb Code     0  startup_stm32f40_41xxx.o(.text)
    USART3_IRQHandler                        0x080002ef   Thumb Code     0  startup_stm32f40_41xxx.o(.text)
    USART6_IRQHandler                        0x080002ef   Thumb Code     0  startup_stm32f40_41xxx.o(.text)
    WWDG_IRQHandler                          0x080002ef   Thumb Code     0  startup_stm32f40_41xxx.o(.text)
    __user_initial_stackheap                 0x080002f1   Thumb Code     0  startup_stm32f40_41xxx.o(.text)
    __use_no_semihosting                     0x08000315   Thumb Code     2  use_no_semi_2.o(.text)
    vsprintf                                 0x08000319   Thumb Code    32  vsprintf.o(.text)
    __2sprintf                               0x0800033d   Thumb Code    38  __2sprintf.o(.text)
    _printf_str                              0x08000369   Thumb Code    82  _printf_str.o(.text)
    __printf                                 0x080003bd   Thumb Code   388  __printf_flags_ss_wp.o(.text)
    strstr                                   0x08000545   Thumb Code    36  strstr.o(.text)
    strlen                                   0x08000569   Thumb Code    62  strlen.o(.text)
    __aeabi_memclr4                          0x080005a7   Thumb Code     0  rt_memclr_w.o(.text)
    __aeabi_memclr8                          0x080005a7   Thumb Code     0  rt_memclr_w.o(.text)
    __rt_memclr_w                            0x080005a7   Thumb Code    78  rt_memclr_w.o(.text)
    _memset_w                                0x080005ab   Thumb Code     0  rt_memclr_w.o(.text)
    __use_two_region_memory                  0x080005f5   Thumb Code     2  heapauxi.o(.text)
    __rt_heap_escrow$2region                 0x080005f7   Thumb Code     2  heapauxi.o(.text)
    __rt_heap_expand$2region                 0x080005f9   Thumb Code     2  heapauxi.o(.text)
    __I$use$semihosting                      0x080005fb   Thumb Code     0  use_no_semi.o(.text)
    __use_no_semihosting_swi                 0x080005fb   Thumb Code     2  use_no_semi.o(.text)
    _printf_pre_padding                      0x080005fd   Thumb Code    44  _printf_pad.o(.text)
    _printf_post_padding                     0x08000629   Thumb Code    34  _printf_pad.o(.text)
    _printf_truncate_signed                  0x0800064b   Thumb Code    18  _printf_truncate.o(.text)
    _printf_truncate_unsigned                0x0800065d   Thumb Code    18  _printf_truncate.o(.text)
    _printf_int_dec                          0x08000671   Thumb Code   104  _printf_dec.o(.text)
    _printf_charcount                        0x080006e9   Thumb Code    40  _printf_charcount.o(.text)
    _printf_char_common                      0x0800071b   Thumb Code    32  _printf_char_common.o(.text)
    _sputc                                   0x08000741   Thumb Code    10  _sputc.o(.text)
    _printf_cs_common                        0x0800074b   Thumb Code    20  _printf_char.o(.text)
    _printf_char                             0x0800075f   Thumb Code    16  _printf_char.o(.text)
    _printf_string                           0x0800076f   Thumb Code     8  _printf_char.o(.text)
    _printf_wctomb                           0x08000779   Thumb Code   182  _printf_wctomb.o(.text)
    _printf_longlong_dec                     0x08000835   Thumb Code   108  _printf_longlong_dec.o(.text)
    _printf_longlong_oct                     0x080008b1   Thumb Code    66  _printf_oct_int_ll.o(.text)
    _printf_int_oct                          0x080008f3   Thumb Code    24  _printf_oct_int_ll.o(.text)
    _printf_ll_oct                           0x0800090b   Thumb Code    12  _printf_oct_int_ll.o(.text)
    _printf_longlong_hex                     0x08000921   Thumb Code    86  _printf_hex_int_ll_ptr.o(.text)
    _printf_int_hex                          0x08000977   Thumb Code    28  _printf_hex_int_ll_ptr.o(.text)
    _printf_ll_hex                           0x08000993   Thumb Code    12  _printf_hex_int_ll_ptr.o(.text)
    _printf_hex_ptr                          0x0800099f   Thumb Code    18  _printf_hex_int_ll_ptr.o(.text)
    _ll_udiv10                               0x080009b5   Thumb Code   138  lludiv10.o(.text)
    _printf_int_common                       0x08000a3f   Thumb Code   178  _printf_intcommon.o(.text)
    __lib_sel_fp_printf                      0x08000af1   Thumb Code     2  _printf_fp_dec.o(.text)
    _printf_fp_dec_real                      0x08000c9f   Thumb Code   620  _printf_fp_dec.o(.text)
    _printf_fp_hex_real                      0x08000f0d   Thumb Code   756  _printf_fp_hex.o(.text)
    _printf_lcs_common                       0x08001209   Thumb Code    20  _printf_wchar.o(.text)
    _printf_wchar                            0x0800121d   Thumb Code    16  _printf_wchar.o(.text)
    _printf_wstring                          0x0800122d   Thumb Code     8  _printf_wchar.o(.text)
    _wcrtomb                                 0x08001235   Thumb Code    64  _wcrtomb.o(.text)
    __user_setup_stackheap                   0x08001275   Thumb Code    74  sys_stackheap_outer.o(.text)
    __rt_ctype_table                         0x080012c1   Thumb Code    16  rt_ctype_table.o(.text)
    __rt_locale                              0x080012d1   Thumb Code     8  rt_locale_intlibspace.o(.text)
    _printf_fp_infnan                        0x080012d9   Thumb Code   112  _printf_fp_infnan.o(.text)
    _btod_etento                             0x08001359   Thumb Code   216  bigflt0.o(.text)
    exit                                     0x08001435   Thumb Code    18  exit.o(.text)
    __user_libspace                          0x08001449   Thumb Code     8  libspace.o(.text)
    __user_perproc_libspace                  0x08001449   Thumb Code     0  libspace.o(.text)
    __user_perthread_libspace                0x08001449   Thumb Code     0  libspace.o(.text)
    strcmp                                   0x08001451   Thumb Code   128  strcmpv7m.o(.text)
    _btod_d2e                                0x080014d1   Thumb Code    62  btod.o(CL$$btod_d2e)
    _d2e_denorm_low                          0x0800150f   Thumb Code    70  btod.o(CL$$btod_d2e_denorm_low)
    _d2e_norm_op1                            0x08001555   Thumb Code    96  btod.o(CL$$btod_d2e_norm_op1)
    __btod_div_common                        0x080015b5   Thumb Code   696  btod.o(CL$$btod_div_common)
    _e2e                                     0x080018ed   Thumb Code   198  btod.o(CL$$btod_e2e)
    _btod_ediv                               0x080019b3   Thumb Code    40  btod.o(CL$$btod_ediv)
    _btod_emul                               0x080019db   Thumb Code    40  btod.o(CL$$btod_emul)
    __btod_mult_common                       0x08001a03   Thumb Code   580  btod.o(CL$$btod_mult_common)
    BusFault_Handler                         0x08001c47   Thumb Code     4  stm32f4xx_it.o(i.BusFault_Handler)
    CheckPay_Status                          0x08001c4d   Thumb Code   136  transaction.o(i.CheckPay_Status)
    Commodity_ReserveCheck                   0x08001ce5   Thumb Code   120  transaction.o(i.Commodity_ReserveCheck)
    DebugMon_Handler                         0x08001d6d   Thumb Code     2  stm32f4xx_it.o(i.DebugMon_Handler)
    FSMC_NORSRAMCmd                          0x08001d71   Thumb Code    46  stm32f4xx_fsmc.o(i.FSMC_NORSRAMCmd)
    FSMC_NORSRAMInit                         0x08001da5   Thumb Code   230  stm32f4xx_fsmc.o(i.FSMC_NORSRAMInit)
    GPIO_Init                                0x08001e8b   Thumb Code   144  stm32f4xx_gpio.o(i.GPIO_Init)
    GPIO_PinAFConfig                         0x08001f1b   Thumb Code    70  stm32f4xx_gpio.o(i.GPIO_PinAFConfig)
    GPIO_ResetBits                           0x08001f61   Thumb Code     4  stm32f4xx_gpio.o(i.GPIO_ResetBits)
    GPIO_SetBits                             0x08001f65   Thumb Code     4  stm32f4xx_gpio.o(i.GPIO_SetBits)
    HardFault_Handler                        0x08001f69   Thumb Code     4  stm32f4xx_it.o(i.HardFault_Handler)
    Key2CDID                                 0x08001f6d   Thumb Code     6  transaction.o(i.Key2CDID)
    Key_Scan                                 0x08001f73   Thumb Code     2  transaction.o(i.Key_Scan)
    LCD_Clear                                0x08001f75   Thumb Code   100  lcd.o(i.LCD_Clear)
    LCD_Display_Dir                          0x08001fe1   Thumb Code   444  lcd.o(i.LCD_Display_Dir)
    LCD_Fast_DrawPoint                       0x080021a1   Thumb Code   374  lcd.o(i.LCD_Fast_DrawPoint)
    LCD_Fill                                 0x08002321   Thumb Code   180  lcd.o(i.LCD_Fill)
    LCD_Init                                 0x080023d9   Thumb Code 14668  lcd.o(i.LCD_Init)
    LCD_RD_DATA                              0x08005d2d   Thumb Code    14  lcd.o(i.LCD_RD_DATA)
    LCD_ReadReg                              0x08005d41   Thumb Code    22  lcd.o(i.LCD_ReadReg)
    LCD_SSD_BackLightSet                     0x08005d59   Thumb Code    88  lcd.o(i.LCD_SSD_BackLightSet)
    LCD_Scan_Dir                             0x08005db9   Thumb Code   744  lcd.o(i.LCD_Scan_Dir)
    LCD_SetCursor                            0x080060a5   Thumb Code   418  lcd.o(i.LCD_SetCursor)
    LCD_ShowChar                             0x0800624d   Thumb Code   272  lcd.o(i.LCD_ShowChar)
    LCD_ShowString                           0x08006375   Thumb Code   102  lcd.o(i.LCD_ShowString)
    LCD_WR_DATA                              0x080063dd   Thumb Code    18  lcd.o(i.LCD_WR_DATA)
    LCD_WR_REG                               0x080063f5   Thumb Code    18  lcd.o(i.LCD_WR_REG)
    LCD_WriteRAM_Prepare                     0x0800640d   Thumb Code    10  lcd.o(i.LCD_WriteRAM_Prepare)
    LCD_WriteReg                             0x08006421   Thumb Code    14  lcd.o(i.LCD_WriteReg)
    LcdShow_PayComplete                      0x08006435   Thumb Code     2  transaction.o(i.LcdShow_PayComplete)
    LcdShow_PayOutTime                       0x08006437   Thumb Code     2  transaction.o(i.LcdShow_PayOutTime)
    LcdShow_TransactionLack                  0x08006439   Thumb Code     2  transaction.o(i.LcdShow_TransactionLack)
    LcdShow_WaitPay                          0x0800643b   Thumb Code     2  transaction.o(i.LcdShow_WaitPay)
    MemManage_Handler                        0x0800643d   Thumb Code     4  stm32f4xx_it.o(i.MemManage_Handler)
    NMI_Handler                              0x08006441   Thumb Code     2  stm32f4xx_it.o(i.NMI_Handler)
    NVIC_Init                                0x08006445   Thumb Code   106  misc.o(i.NVIC_Init)
    NVIC_PriorityGroupConfig                 0x080064bd   Thumb Code    10  misc.o(i.NVIC_PriorityGroupConfig)
    NoticeDevice_Action                      0x080064d1   Thumb Code     2  transaction.o(i.NoticeDevice_Action)
    PendSV_Handler                           0x080064d3   Thumb Code     2  stm32f4xx_it.o(i.PendSV_Handler)
    PushBuy_Request                          0x080064d5   Thumb Code   114  transaction.o(i.PushBuy_Request)
    RCC_AHB1PeriphClockCmd                   0x08006551   Thumb Code    26  stm32f4xx_rcc.o(i.RCC_AHB1PeriphClockCmd)
    RCC_AHB3PeriphClockCmd                   0x08006571   Thumb Code    26  stm32f4xx_rcc.o(i.RCC_AHB3PeriphClockCmd)
    RCC_APB1PeriphClockCmd                   0x08006591   Thumb Code    26  stm32f4xx_rcc.o(i.RCC_APB1PeriphClockCmd)
    RCC_APB2PeriphClockCmd                   0x080065b1   Thumb Code    26  stm32f4xx_rcc.o(i.RCC_APB2PeriphClockCmd)
    RCC_GetClocksFreq                        0x080065d1   Thumb Code   214  stm32f4xx_rcc.o(i.RCC_GetClocksFreq)
    ResetDevice2InitSellMode                 0x080066b9   Thumb Code     2  transaction.o(i.ResetDevice2InitSellMode)
    SVC_Handler                              0x080066bb   Thumb Code     2  stm32f4xx_it.o(i.SVC_Handler)
    SysTick_CLKSourceConfig                  0x080067a9   Thumb Code    40  misc.o(i.SysTick_CLKSourceConfig)
    SysTick_Handler                          0x080067d1   Thumb Code     2  stm32f4xx_it.o(i.SysTick_Handler)
    SystemInit                               0x080067d5   Thumb Code    88  system_stm32f4xx.o(i.SystemInit)
    TIM2_IRQHandler                          0x0800683d   Thumb Code    20  timer.o(i.TIM2_IRQHandler)
    TIM4_IRQHandler                          0x08006851   Thumb Code    42  stm32f4xx_it.o(i.TIM4_IRQHandler)
    TIM4_Int_Init                            0x08006885   Thumb Code    78  timer4_usart.o(i.TIM4_Int_Init)
    TIM5_IRQHandler                          0x080068d9   Thumb Code    20  timer.o(i.TIM5_IRQHandler)
    TIM_ClearITPendingBit                    0x080068f1   Thumb Code     6  stm32f4xx_tim.o(i.TIM_ClearITPendingBit)
    TIM_Cmd                                  0x080068f7   Thumb Code    24  stm32f4xx_tim.o(i.TIM_Cmd)
    TIM_GetITStatus                          0x0800690f   Thumb Code    34  stm32f4xx_tim.o(i.TIM_GetITStatus)
    TIM_ITConfig                             0x08006931   Thumb Code    18  stm32f4xx_tim.o(i.TIM_ITConfig)
    TIM_SetCounter                           0x08006943   Thumb Code     4  stm32f4xx_tim.o(i.TIM_SetCounter)
    TIM_TimeBaseInit                         0x08006949   Thumb Code   104  stm32f4xx_tim.o(i.TIM_TimeBaseInit)
    Transaction_Process                      0x080069cd   Thumb Code   136  transaction.o(i.Transaction_Process)
    USART1_IRQHandler                        0x08006a69   Thumb Code    82  stm32f4xx_it.o(i.USART1_IRQHandler)
    USART_ClearFlag                          0x08006acd   Thumb Code    18  stm32f4xx_usart.o(i.USART_ClearFlag)
    USART_ClearITPendingBit                  0x08006adf   Thumb Code    30  stm32f4xx_usart.o(i.USART_ClearITPendingBit)
    USART_Cmd                                0x08006afd   Thumb Code    24  stm32f4xx_usart.o(i.USART_Cmd)
    USART_GetFlagStatus                      0x08006b15   Thumb Code    26  stm32f4xx_usart.o(i.USART_GetFlagStatus)
    USART_GetITStatus                        0x08006b2f   Thumb Code    84  stm32f4xx_usart.o(i.USART_GetITStatus)
    USART_ITConfig                           0x08006b83   Thumb Code    74  stm32f4xx_usart.o(i.USART_ITConfig)
    USART_Init                               0x08006bcd   Thumb Code   204  stm32f4xx_usart.o(i.USART_Init)
    USART_ReceiveData                        0x08006ca1   Thumb Code    10  stm32f4xx_usart.o(i.USART_ReceiveData)
    USART_SendData                           0x08006cab   Thumb Code     8  stm32f4xx_usart.o(i.USART_SendData)
    USART_SendStr                            0x08006cb3   Thumb Code    62  usart1.o(i.USART_SendStr)
    UsageFault_Handler                       0x08006cf1   Thumb Code     4  stm32f4xx_it.o(i.UsageFault_Handler)
    Usart_Init                               0x08006cf5   Thumb Code   174  usart1.o(i.Usart_Init)
    __ARM_fpclassify                         0x08006dad   Thumb Code    48  fpclassify.o(i.__ARM_fpclassify)
    _is_digit                                0x08006ddd   Thumb Code    14  __printf_wp.o(i._is_digit)
    _sys_exit                                0x08006deb   Thumb Code     4  usart1.o(i._sys_exit)
    delay_init                               0x08006df1   Thumb Code    52  delay.o(i.delay_init)
    delay_ms                                 0x08006e2d   Thumb Code    56  delay.o(i.delay_ms)
    delay_us                                 0x08006e65   Thumb Code    72  delay.o(i.delay_us)
    delay_xms                                0x08006eb1   Thumb Code    72  delay.o(i.delay_xms)
    main                                     0x08006efd   Thumb Code   120  main.o(i.main)
    modbus_send_cmd                          0x08006f89   Thumb Code   380  modbus_tcp.o(i.modbus_send_cmd)
    recv_modbus_response                     0x0800710d   Thumb Code   124  modbus_tcp.o(i.recv_modbus_response)
    sim900a_check_cmd                        0x0800718d   Thumb Code    44  sim900a.o(i.sim900a_check_cmd)
    sim900a_connect                          0x080071c1   Thumb Code   890  sim900a.o(i.sim900a_connect)
    sim900a_init                             0x080076a5   Thumb Code    60  sim900a.o(i.sim900a_init)
    sim900a_reset                            0x080076e5   Thumb Code    86  sim900a.o(i.sim900a_reset)
    sim900a_send_cmd                         0x08007759   Thumb Code    98  sim900a.o(i.sim900a_send_cmd)
    u1_printf                                0x080077cd   Thumb Code    36  usart1.o(i.u1_printf)
    _get_lc_numeric                          0x080077f9   Thumb Code    44  lc_numeric_c.o(locale$$code)
    _get_lc_ctype                            0x08007825   Thumb Code    44  lc_ctype_c.o(locale$$code)
    __aeabi_d2uiz                            0x08007851   Thumb Code     0  dfixu.o(x$fpl$dfixu)
    _dfixu                                   0x08007851   Thumb Code    90  dfixu.o(x$fpl$dfixu)
    __aeabi_ui2d                             0x080078ab   Thumb Code     0  dflt_clz.o(x$fpl$dfltu)
    _dfltu                                   0x080078ab   Thumb Code    38  dflt_clz.o(x$fpl$dfltu)
    __aeabi_dmul                             0x080078d1   Thumb Code     0  dmul.o(x$fpl$dmul)
    _dmul                                    0x080078d1   Thumb Code   332  dmul.o(x$fpl$dmul)
    __fpl_dnaninf                            0x08007a25   Thumb Code   156  dnaninf.o(x$fpl$dnaninf)
    __fpl_dretinf                            0x08007ac1   Thumb Code    12  dretinf.o(x$fpl$dretinf)
    _fp_init                                 0x08007acd   Thumb Code    10  fpinit.o(x$fpl$fpinit)
    __fplib_config_fpu_vfp                   0x08007ad5   Thumb Code     0  fpinit.o(x$fpl$fpinit)
    __fplib_config_pureend_doubles           0x08007ad5   Thumb Code     0  fpinit.o(x$fpl$fpinit)
    _printf_fp_dec                           0x08007ad7   Thumb Code     4  printf1.o(x$fpl$printf1)
    _printf_fp_hex                           0x08007adb   Thumb Code     4  printf2.o(x$fpl$printf2)
    __I$use$fp                               0x08007ade   Number         0  usenofp.o(x$fpl$usenofp)
    asc2_1206                                0x08007ade   Data        1140  lcd.o(.constdata)
    asc2_1608                                0x08007f52   Data        1520  lcd.o(.constdata)
    asc2_2412                                0x08008542   Data        3420  lcd.o(.constdata)
    Region$$Table$$Base                      0x080093b0   Number         0  anon$$obj.o(Region$$Table)
    Region$$Table$$Limit                     0x080093d0   Number         0  anon$$obj.o(Region$$Table)
    __ctype                                  0x080093f9   Data           0  lc_ctype_c.o(locale$$data)
    MB_Write_Ch1_Struct                      0x20000000   Data          16  main.o(.data)
    MB_Read_Ch1_Struct                       0x20000010   Data          16  main.o(.data)
    Server_IpAddr                            0x20000020   Data           4  main.o(.data)
    Server_Port                              0x20000024   Data           4  main.o(.data)
    Input_Key                                0x20000028   Data           1  transaction.o(.data)
    Transaction_Finished                     0x20000029   Data           1  transaction.o(.data)
    Commodity_Id                             0x2000002a   Data           1  transaction.o(.data)
    Commodity_Lack                           0x2000002b   Data           1  transaction.o(.data)
    Pay_Status                               0x2000002c   Data           1  transaction.o(.data)
    PayWaitTime                              0x2000002d   Data           1  transaction.o(.data)
    Device_Transaction_Info                  0x2000002e   Data           3  transaction.o(.data)
    Device_Transaction_Status                0x20000031   Data           3  transaction.o(.data)
    POINT_COLOR                              0x20000048   Data           2  lcd.o(.data)
    BACK_COLOR                               0x2000004a   Data           2  lcd.o(.data)
    __stdout                                 0x2000004c   Data           4  usart1.o(.data)
    USART1_RX_STA                            0x20000050   Data           2  usart1.o(.data)
    lcddev                                   0x20000054   Data          14  lcd.o(.bss)
    USART1_RX_BUF                            0x20000062   Data         128  usart1.o(.bss)
    USART1_TX_BUF                            0x200000e2   Data         128  usart1.o(.bss)
    TcpServer_WriteDataBuf1                  0x20000164   Data         512  modbus_tcp.o(.bss)
    TcpServer_ReadDataBuf1                   0x20000364   Data         512  modbus_tcp.o(.bss)
    mb_send_buffer                           0x20000564   Data         256  modbus_tcp.o(.bss)
    __libspace_start                         0x20000664   Data          96  libspace.o(.bss)
    __temporary_stack_top$libspace           0x200006c4   Data           0  libspace.o(.bss)



==============================================================================

Memory Map of the image

  Image Entry point : 0x08000189

  Load Region LR_IROM1 (Base: 0x08000000, Size: 0x00009550, Max: 0x00100000, ABSOLUTE)

    Execution Region ER_IROM1 (Base: 0x08000000, Size: 0x000094fc, Max: 0x00100000, ABSOLUTE)

    Base Addr    Size         Type   Attr      Idx    E Section Name        Object

    0x08000000   0x00000188   Data   RO          693    RESET               startup_stm32f40_41xxx.o
    0x08000188   0x00000008   Code   RO         3243  * !!!main             c_w.l(__main.o)
    0x08000190   0x00000034   Code   RO         3556    !!!scatter          c_w.l(__scatter.o)
    0x080001c4   0x0000001a   Code   RO         3558    !!handler_copy      c_w.l(__scatter_copy.o)
    0x080001de   0x00000002   PAD
    0x080001e0   0x0000001c   Code   RO         3560    !!handler_zi        c_w.l(__scatter_zi.o)
    0x080001fc   0x00000000   Code   RO         3234    .ARM.Collect$$_printf_percent$$00000000  c_w.l(_printf_percent.o)
    0x080001fc   0x00000006   Code   RO         3311    .ARM.Collect$$_printf_percent$$00000001  c_w.l(_printf_n.o)
    0x08000202   0x00000006   Code   RO         3313    .ARM.Collect$$_printf_percent$$00000002  c_w.l(_printf_p.o)
    0x08000208   0x00000006   Code   RO         3318    .ARM.Collect$$_printf_percent$$00000003  c_w.l(_printf_f.o)
    0x0800020e   0x00000006   Code   RO         3319    .ARM.Collect$$_printf_percent$$00000004  c_w.l(_printf_e.o)
    0x08000214   0x00000006   Code   RO         3320    .ARM.Collect$$_printf_percent$$00000005  c_w.l(_printf_g.o)
    0x0800021a   0x00000006   Code   RO         3321    .ARM.Collect$$_printf_percent$$00000006  c_w.l(_printf_a.o)
    0x08000220   0x0000000a   Code   RO         3326    .ARM.Collect$$_printf_percent$$00000007  c_w.l(_printf_ll.o)
    0x0800022a   0x00000006   Code   RO         3315    .ARM.Collect$$_printf_percent$$00000008  c_w.l(_printf_i.o)
    0x08000230   0x00000006   Code   RO         3316    .ARM.Collect$$_printf_percent$$00000009  c_w.l(_printf_d.o)
    0x08000236   0x00000006   Code   RO         3317    .ARM.Collect$$_printf_percent$$0000000A  c_w.l(_printf_u.o)
    0x0800023c   0x00000006   Code   RO         3314    .ARM.Collect$$_printf_percent$$0000000B  c_w.l(_printf_o.o)
    0x08000242   0x00000006   Code   RO         3312    .ARM.Collect$$_printf_percent$$0000000C  c_w.l(_printf_x.o)
    0x08000248   0x00000006   Code   RO         3323    .ARM.Collect$$_printf_percent$$0000000D  c_w.l(_printf_lli.o)
    0x0800024e   0x00000006   Code   RO         3324    .ARM.Collect$$_printf_percent$$0000000E  c_w.l(_printf_lld.o)
    0x08000254   0x00000006   Code   RO         3325    .ARM.Collect$$_printf_percent$$0000000F  c_w.l(_printf_llu.o)
    0x0800025a   0x00000006   Code   RO         3330    .ARM.Collect$$_printf_percent$$00000010  c_w.l(_printf_llo.o)
    0x08000260   0x00000006   Code   RO         3331    .ARM.Collect$$_printf_percent$$00000011  c_w.l(_printf_llx.o)
    0x08000266   0x0000000a   Code   RO         3327    .ARM.Collect$$_printf_percent$$00000012  c_w.l(_printf_l.o)
    0x08000270   0x00000006   Code   RO         3310    .ARM.Collect$$_printf_percent$$00000013  c_w.l(_printf_c.o)
    0x08000276   0x00000006   Code   RO         3233    .ARM.Collect$$_printf_percent$$00000014  c_w.l(_printf_s.o)
    0x0800027c   0x00000006   Code   RO         3328    .ARM.Collect$$_printf_percent$$00000015  c_w.l(_printf_lc.o)
    0x08000282   0x00000006   Code   RO         3329    .ARM.Collect$$_printf_percent$$00000016  c_w.l(_printf_ls.o)
    0x08000288   0x00000004   Code   RO         3322    .ARM.Collect$$_printf_percent$$00000017  c_w.l(_printf_percent_end.o)
    0x0800028c   0x00000002   Code   RO         3421    .ARM.Collect$$libinit$$00000000  c_w.l(libinit.o)
    0x0800028e   0x00000004   Code   RO         3436    .ARM.Collect$$libinit$$00000001  c_w.l(libinit2.o)
    0x08000292   0x00000000   Code   RO         3439    .ARM.Collect$$libinit$$00000004  c_w.l(libinit2.o)
    0x08000292   0x00000000   Code   RO         3442    .ARM.Collect$$libinit$$0000000A  c_w.l(libinit2.o)
    0x08000292   0x00000000   Code   RO         3444    .ARM.Collect$$libinit$$0000000C  c_w.l(libinit2.o)
    0x08000292   0x00000000   Code   RO         3446    .ARM.Collect$$libinit$$0000000E  c_w.l(libinit2.o)
    0x08000292   0x00000006   Code   RO         3447    .ARM.Collect$$libinit$$0000000F  c_w.l(libinit2.o)
    0x08000298   0x00000000   Code   RO         3449    .ARM.Collect$$libinit$$00000011  c_w.l(libinit2.o)
    0x08000298   0x0000000c   Code   RO         3450    .ARM.Collect$$libinit$$00000012  c_w.l(libinit2.o)
    0x080002a4   0x00000000   Code   RO         3451    .ARM.Collect$$libinit$$00000013  c_w.l(libinit2.o)
    0x080002a4   0x00000000   Code   RO         3453    .ARM.Collect$$libinit$$00000015  c_w.l(libinit2.o)
    0x080002a4   0x0000000a   Code   RO         3454    .ARM.Collect$$libinit$$00000016  c_w.l(libinit2.o)
    0x080002ae   0x00000000   Code   RO         3455    .ARM.Collect$$libinit$$00000017  c_w.l(libinit2.o)
    0x080002ae   0x00000000   Code   RO         3457    .ARM.Collect$$libinit$$00000019  c_w.l(libinit2.o)
    0x080002ae   0x00000000   Code   RO         3459    .ARM.Collect$$libinit$$0000001B  c_w.l(libinit2.o)
    0x080002ae   0x00000000   Code   RO         3461    .ARM.Collect$$libinit$$0000001D  c_w.l(libinit2.o)
    0x080002ae   0x00000000   Code   RO         3463    .ARM.Collect$$libinit$$0000001F  c_w.l(libinit2.o)
    0x080002ae   0x00000000   Code   RO         3465    .ARM.Collect$$libinit$$00000021  c_w.l(libinit2.o)
    0x080002ae   0x00000000   Code   RO         3467    .ARM.Collect$$libinit$$00000023  c_w.l(libinit2.o)
    0x080002ae   0x00000000   Code   RO         3469    .ARM.Collect$$libinit$$00000025  c_w.l(libinit2.o)
    0x080002ae   0x00000000   Code   RO         3473    .ARM.Collect$$libinit$$0000002C  c_w.l(libinit2.o)
    0x080002ae   0x00000000   Code   RO         3475    .ARM.Collect$$libinit$$0000002E  c_w.l(libinit2.o)
    0x080002ae   0x00000000   Code   RO         3477    .ARM.Collect$$libinit$$00000030  c_w.l(libinit2.o)
    0x080002ae   0x00000000   Code   RO         3479    .ARM.Collect$$libinit$$00000032  c_w.l(libinit2.o)
    0x080002ae   0x00000002   Code   RO         3480    .ARM.Collect$$libinit$$00000033  c_w.l(libinit2.o)
    0x080002b0   0x00000002   Code   RO         3498    .ARM.Collect$$libshutdown$$00000000  c_w.l(libshutdown.o)
    0x080002b2   0x00000000   Code   RO         3508    .ARM.Collect$$libshutdown$$00000002  c_w.l(libshutdown2.o)
    0x080002b2   0x00000000   Code   RO         3510    .ARM.Collect$$libshutdown$$00000004  c_w.l(libshutdown2.o)
    0x080002b2   0x00000000   Code   RO         3513    .ARM.Collect$$libshutdown$$00000007  c_w.l(libshutdown2.o)
    0x080002b2   0x00000000   Code   RO         3516    .ARM.Collect$$libshutdown$$0000000A  c_w.l(libshutdown2.o)
    0x080002b2   0x00000000   Code   RO         3518    .ARM.Collect$$libshutdown$$0000000C  c_w.l(libshutdown2.o)
    0x080002b2   0x00000000   Code   RO         3521    .ARM.Collect$$libshutdown$$0000000F  c_w.l(libshutdown2.o)
    0x080002b2   0x00000002   Code   RO         3522    .ARM.Collect$$libshutdown$$00000010  c_w.l(libshutdown2.o)
    0x080002b4   0x00000000   Code   RO         3263    .ARM.Collect$$rtentry$$00000000  c_w.l(__rtentry.o)
    0x080002b4   0x00000000   Code   RO         3346    .ARM.Collect$$rtentry$$00000002  c_w.l(__rtentry2.o)
    0x080002b4   0x00000006   Code   RO         3358    .ARM.Collect$$rtentry$$00000004  c_w.l(__rtentry4.o)
    0x080002ba   0x00000000   Code   RO         3348    .ARM.Collect$$rtentry$$00000009  c_w.l(__rtentry2.o)
    0x080002ba   0x00000004   Code   RO         3349    .ARM.Collect$$rtentry$$0000000A  c_w.l(__rtentry2.o)
    0x080002be   0x00000000   Code   RO         3351    .ARM.Collect$$rtentry$$0000000C  c_w.l(__rtentry2.o)
    0x080002be   0x00000008   Code   RO         3352    .ARM.Collect$$rtentry$$0000000D  c_w.l(__rtentry2.o)
    0x080002c6   0x00000002   Code   RO         3429    .ARM.Collect$$rtexit$$00000000  c_w.l(rtexit.o)
    0x080002c8   0x00000000   Code   RO         3482    .ARM.Collect$$rtexit$$00000002  c_w.l(rtexit2.o)
    0x080002c8   0x00000004   Code   RO         3483    .ARM.Collect$$rtexit$$00000003  c_w.l(rtexit2.o)
    0x080002cc   0x00000006   Code   RO         3484    .ARM.Collect$$rtexit$$00000004  c_w.l(rtexit2.o)
    0x080002d2   0x00000002   PAD
    0x080002d4   0x00000040   Code   RO          694    .text               startup_stm32f40_41xxx.o
    0x08000314   0x00000002   Code   RO         3201    .text               c_w.l(use_no_semi_2.o)
    0x08000316   0x00000002   PAD
    0x08000318   0x00000024   Code   RO         3203    .text               c_w.l(vsprintf.o)
    0x0800033c   0x0000002c   Code   RO         3205    .text               c_w.l(__2sprintf.o)
    0x08000368   0x00000052   Code   RO         3211    .text               c_w.l(_printf_str.o)
    0x080003ba   0x00000002   PAD
    0x080003bc   0x00000188   Code   RO         3230    .text               c_w.l(__printf_flags_ss_wp.o)
    0x08000544   0x00000024   Code   RO         3235    .text               c_w.l(strstr.o)
    0x08000568   0x0000003e   Code   RO         3237    .text               c_w.l(strlen.o)
    0x080005a6   0x0000004e   Code   RO         3239    .text               c_w.l(rt_memclr_w.o)
    0x080005f4   0x00000006   Code   RO         3241    .text               c_w.l(heapauxi.o)
    0x080005fa   0x00000002   Code   RO         3261    .text               c_w.l(use_no_semi.o)
    0x080005fc   0x0000004e   Code   RO         3264    .text               c_w.l(_printf_pad.o)
    0x0800064a   0x00000024   Code   RO         3266    .text               c_w.l(_printf_truncate.o)
    0x0800066e   0x00000002   PAD
    0x08000670   0x00000078   Code   RO         3268    .text               c_w.l(_printf_dec.o)
    0x080006e8   0x00000028   Code   RO         3270    .text               c_w.l(_printf_charcount.o)
    0x08000710   0x00000030   Code   RO         3272    .text               c_w.l(_printf_char_common.o)
    0x08000740   0x0000000a   Code   RO         3274    .text               c_w.l(_sputc.o)
    0x0800074a   0x0000002c   Code   RO         3276    .text               c_w.l(_printf_char.o)
    0x08000776   0x00000002   PAD
    0x08000778   0x000000bc   Code   RO         3278    .text               c_w.l(_printf_wctomb.o)
    0x08000834   0x0000007c   Code   RO         3281    .text               c_w.l(_printf_longlong_dec.o)
    0x080008b0   0x00000070   Code   RO         3287    .text               c_w.l(_printf_oct_int_ll.o)
    0x08000920   0x00000094   Code   RO         3307    .text               c_w.l(_printf_hex_int_ll_ptr.o)
    0x080009b4   0x0000008a   Code   RO         3360    .text               c_w.l(lludiv10.o)
    0x08000a3e   0x000000b2   Code   RO         3362    .text               c_w.l(_printf_intcommon.o)
    0x08000af0   0x0000041a   Code   RO         3364    .text               c_w.l(_printf_fp_dec.o)
    0x08000f0a   0x00000002   PAD
    0x08000f0c   0x000002fc   Code   RO         3366    .text               c_w.l(_printf_fp_hex.o)
    0x08001208   0x0000002c   Code   RO         3371    .text               c_w.l(_printf_wchar.o)
    0x08001234   0x00000040   Code   RO         3373    .text               c_w.l(_wcrtomb.o)
    0x08001274   0x0000004a   Code   RO         3375    .text               c_w.l(sys_stackheap_outer.o)
    0x080012be   0x00000002   PAD
    0x080012c0   0x00000010   Code   RO         3377    .text               c_w.l(rt_ctype_table.o)
    0x080012d0   0x00000008   Code   RO         3382    .text               c_w.l(rt_locale_intlibspace.o)
    0x080012d8   0x00000080   Code   RO         3384    .text               c_w.l(_printf_fp_infnan.o)
    0x08001358   0x000000dc   Code   RO         3386    .text               c_w.l(bigflt0.o)
    0x08001434   0x00000012   Code   RO         3414    .text               c_w.l(exit.o)
    0x08001446   0x00000002   PAD
    0x08001448   0x00000008   Code   RO         3426    .text               c_w.l(libspace.o)
    0x08001450   0x00000080   Code   RO         3434    .text               c_w.l(strcmpv7m.o)
    0x080014d0   0x0000003e   Code   RO         3389    CL$$btod_d2e        c_w.l(btod.o)
    0x0800150e   0x00000046   Code   RO         3391    CL$$btod_d2e_denorm_low  c_w.l(btod.o)
    0x08001554   0x00000060   Code   RO         3390    CL$$btod_d2e_norm_op1  c_w.l(btod.o)
    0x080015b4   0x00000338   Code   RO         3399    CL$$btod_div_common  c_w.l(btod.o)
    0x080018ec   0x000000c6   Code   RO         3396    CL$$btod_e2e        c_w.l(btod.o)
    0x080019b2   0x00000028   Code   RO         3393    CL$$btod_ediv       c_w.l(btod.o)
    0x080019da   0x00000028   Code   RO         3392    CL$$btod_emul       c_w.l(btod.o)
    0x08001a02   0x00000244   Code   RO         3398    CL$$btod_mult_common  c_w.l(btod.o)
    0x08001c46   0x00000004   Code   RO          179    i.BusFault_Handler  stm32f4xx_it.o
    0x08001c4a   0x00000002   PAD
    0x08001c4c   0x00000098   Code   RO          511    i.CheckPay_Status   transaction.o
    0x08001ce4   0x00000088   Code   RO          512    i.Commodity_ReserveCheck  transaction.o
    0x08001d6c   0x00000002   Code   RO          180    i.DebugMon_Handler  stm32f4xx_it.o
    0x08001d6e   0x00000002   PAD
    0x08001d70   0x00000034   Code   RO         2121    i.FSMC_NORSRAMCmd   stm32f4xx_fsmc.o
    0x08001da4   0x000000e6   Code   RO         2123    i.FSMC_NORSRAMInit  stm32f4xx_fsmc.o
    0x08001e8a   0x00000090   Code   RO          745    i.GPIO_Init         stm32f4xx_gpio.o
    0x08001f1a   0x00000046   Code   RO          746    i.GPIO_PinAFConfig  stm32f4xx_gpio.o
    0x08001f60   0x00000004   Code   RO          752    i.GPIO_ResetBits    stm32f4xx_gpio.o
    0x08001f64   0x00000004   Code   RO          753    i.GPIO_SetBits      stm32f4xx_gpio.o
    0x08001f68   0x00000004   Code   RO          181    i.HardFault_Handler  stm32f4xx_it.o
    0x08001f6c   0x00000006   Code   RO          513    i.Key2CDID          transaction.o
    0x08001f72   0x00000002   Code   RO          514    i.Key_Scan          transaction.o
    0x08001f74   0x0000006c   Code   RO         2806    i.LCD_Clear         lcd.o
    0x08001fe0   0x000001c0   Code   RO         2810    i.LCD_Display_Dir   lcd.o
    0x080021a0   0x00000180   Code   RO         2815    i.LCD_Fast_DrawPoint  lcd.o
    0x08002320   0x000000b8   Code   RO         2816    i.LCD_Fill          lcd.o
    0x080023d8   0x00003954   Code   RO         2817    i.LCD_Init          lcd.o
    0x08005d2c   0x00000014   Code   RO         2819    i.LCD_RD_DATA       lcd.o
    0x08005d40   0x00000016   Code   RO         2821    i.LCD_ReadReg       lcd.o
    0x08005d56   0x00000002   PAD
    0x08005d58   0x00000060   Code   RO         2822    i.LCD_SSD_BackLightSet  lcd.o
    0x08005db8   0x000002ec   Code   RO         2823    i.LCD_Scan_Dir      lcd.o
    0x080060a4   0x000001a8   Code   RO         2824    i.LCD_SetCursor     lcd.o
    0x0800624c   0x00000128   Code   RO         2826    i.LCD_ShowChar      lcd.o
    0x08006374   0x00000066   Code   RO         2828    i.LCD_ShowString    lcd.o
    0x080063da   0x00000002   PAD
    0x080063dc   0x00000018   Code   RO         2830    i.LCD_WR_DATA       lcd.o
    0x080063f4   0x00000018   Code   RO         2831    i.LCD_WR_REG        lcd.o
    0x0800640c   0x00000014   Code   RO         2833    i.LCD_WriteRAM_Prepare  lcd.o
    0x08006420   0x00000014   Code   RO         2834    i.LCD_WriteReg      lcd.o
    0x08006434   0x00000002   Code   RO          515    i.LcdShow_PayComplete  transaction.o
    0x08006436   0x00000002   Code   RO          516    i.LcdShow_PayOutTime  transaction.o
    0x08006438   0x00000002   Code   RO          517    i.LcdShow_TransactionLack  transaction.o
    0x0800643a   0x00000002   Code   RO          518    i.LcdShow_WaitPay   transaction.o
    0x0800643c   0x00000004   Code   RO          182    i.MemManage_Handler  stm32f4xx_it.o
    0x08006440   0x00000002   Code   RO          183    i.NMI_Handler       stm32f4xx_it.o
    0x08006442   0x00000002   PAD
    0x08006444   0x00000078   Code   RO          700    i.NVIC_Init         misc.o
    0x080064bc   0x00000014   Code   RO          701    i.NVIC_PriorityGroupConfig  misc.o
    0x080064d0   0x00000002   Code   RO          519    i.NoticeDevice_Action  transaction.o
    0x080064d2   0x00000002   Code   RO          184    i.PendSV_Handler    stm32f4xx_it.o
    0x080064d4   0x0000007c   Code   RO          520    i.PushBuy_Request   transaction.o
    0x08006550   0x00000020   Code   RO          842    i.RCC_AHB1PeriphClockCmd  stm32f4xx_rcc.o
    0x08006570   0x00000020   Code   RO          848    i.RCC_AHB3PeriphClockCmd  stm32f4xx_rcc.o
    0x08006590   0x00000020   Code   RO          851    i.RCC_APB1PeriphClockCmd  stm32f4xx_rcc.o
    0x080065b0   0x00000020   Code   RO          854    i.RCC_APB2PeriphClockCmd  stm32f4xx_rcc.o
    0x080065d0   0x000000e8   Code   RO          863    i.RCC_GetClocksFreq  stm32f4xx_rcc.o
    0x080066b8   0x00000002   Code   RO          521    i.ResetDevice2InitSellMode  transaction.o
    0x080066ba   0x00000002   Code   RO          185    i.SVC_Handler       stm32f4xx_it.o
    0x080066bc   0x000000ec   Code   RO          377    i.SetSysClock       system_stm32f4xx.o
    0x080067a8   0x00000028   Code   RO          704    i.SysTick_CLKSourceConfig  misc.o
    0x080067d0   0x00000002   Code   RO          186    i.SysTick_Handler   stm32f4xx_it.o
    0x080067d2   0x00000002   PAD
    0x080067d4   0x00000068   Code   RO          379    i.SystemInit        system_stm32f4xx.o
    0x0800683c   0x00000014   Code   RO         3019    i.TIM2_IRQHandler   timer.o
    0x08006850   0x00000034   Code   RO          187    i.TIM4_IRQHandler   stm32f4xx_it.o
    0x08006884   0x00000054   Code   RO         3066    i.TIM4_Int_Init     timer4_usart.o
    0x080068d8   0x00000018   Code   RO         3022    i.TIM5_IRQHandler   timer.o
    0x080068f0   0x00000006   Code   RO         1559    i.TIM_ClearITPendingBit  stm32f4xx_tim.o
    0x080068f6   0x00000018   Code   RO         1564    i.TIM_Cmd           stm32f4xx_tim.o
    0x0800690e   0x00000022   Code   RO         1585    i.TIM_GetITStatus   stm32f4xx_tim.o
    0x08006930   0x00000012   Code   RO         1589    i.TIM_ITConfig      stm32f4xx_tim.o
    0x08006942   0x00000004   Code   RO         1630    i.TIM_SetCounter    stm32f4xx_tim.o
    0x08006946   0x00000002   PAD
    0x08006948   0x00000084   Code   RO         1636    i.TIM_TimeBaseInit  stm32f4xx_tim.o
    0x080069cc   0x0000009c   Code   RO          522    i.Transaction_Process  transaction.o
    0x08006a68   0x00000064   Code   RO          188    i.USART1_IRQHandler  stm32f4xx_it.o
    0x08006acc   0x00000012   Code   RO         1232    i.USART_ClearFlag   stm32f4xx_usart.o
    0x08006ade   0x0000001e   Code   RO         1233    i.USART_ClearITPendingBit  stm32f4xx_usart.o
    0x08006afc   0x00000018   Code   RO         1236    i.USART_Cmd         stm32f4xx_usart.o
    0x08006b14   0x0000001a   Code   RO         1239    i.USART_GetFlagStatus  stm32f4xx_usart.o
    0x08006b2e   0x00000054   Code   RO         1240    i.USART_GetITStatus  stm32f4xx_usart.o
    0x08006b82   0x0000004a   Code   RO         1242    i.USART_ITConfig    stm32f4xx_usart.o
    0x08006bcc   0x000000d4   Code   RO         1243    i.USART_Init        stm32f4xx_usart.o
    0x08006ca0   0x0000000a   Code   RO         1250    i.USART_ReceiveData  stm32f4xx_usart.o
    0x08006caa   0x00000008   Code   RO         1253    i.USART_SendData    stm32f4xx_usart.o
    0x08006cb2   0x0000003e   Code   RO         3090    i.USART_SendStr     usart1.o
    0x08006cf0   0x00000004   Code   RO          189    i.UsageFault_Handler  stm32f4xx_it.o
    0x08006cf4   0x000000b8   Code   RO         3091    i.Usart_Init        usart1.o
    0x08006dac   0x00000030   Code   RO         3424    i.__ARM_fpclassify  m_wm.l(fpclassify.o)
    0x08006ddc   0x0000000e   Code   RO         3223    i._is_digit         c_w.l(__printf_wp.o)
    0x08006dea   0x00000004   Code   RO         3092    i._sys_exit         usart1.o
    0x08006dee   0x00000002   PAD
    0x08006df0   0x0000003c   Code   RO          603    i.delay_init        delay.o
    0x08006e2c   0x00000038   Code   RO          604    i.delay_ms          delay.o
    0x08006e64   0x0000004c   Code   RO          605    i.delay_us          delay.o
    0x08006eb0   0x0000004c   Code   RO          606    i.delay_xms         delay.o
    0x08006efc   0x0000008c   Code   RO            3    i.main              main.o
    0x08006f88   0x00000184   Code   RO         3157    i.modbus_send_cmd   modbus_tcp.o
    0x0800710c   0x00000080   Code   RO         3158    i.recv_modbus_response  modbus_tcp.o
    0x0800718c   0x00000034   Code   RO         2599    i.sim900a_check_cmd  sim900a.o
    0x080071c0   0x000004e4   Code   RO         2600    i.sim900a_connect   sim900a.o
    0x080076a4   0x00000040   Code   RO         2601    i.sim900a_init      sim900a.o
    0x080076e4   0x00000074   Code   RO         2602    i.sim900a_reset     sim900a.o
    0x08007758   0x00000074   Code   RO         2603    i.sim900a_send_cmd  sim900a.o
    0x080077cc   0x0000002c   Code   RO         3094    i.u1_printf         usart1.o
    0x080077f8   0x0000002c   Code   RO         3412    locale$$code        c_w.l(lc_numeric_c.o)
    0x08007824   0x0000002c   Code   RO         3432    locale$$code        c_w.l(lc_ctype_c.o)
    0x08007850   0x0000005a   Code   RO         3249    x$fpl$dfixu         fz_wm.l(dfixu.o)
    0x080078aa   0x00000026   Code   RO         3253    x$fpl$dfltu         fz_wm.l(dflt_clz.o)
    0x080078d0   0x00000154   Code   RO         3259    x$fpl$dmul          fz_wm.l(dmul.o)
    0x08007a24   0x0000009c   Code   RO         3332    x$fpl$dnaninf       fz_wm.l(dnaninf.o)
    0x08007ac0   0x0000000c   Code   RO         3334    x$fpl$dretinf       fz_wm.l(dretinf.o)
    0x08007acc   0x0000000a   Code   RO         3490    x$fpl$fpinit        fz_wm.l(fpinit.o)
    0x08007ad6   0x00000004   Code   RO         3336    x$fpl$printf1       fz_wm.l(printf1.o)
    0x08007ada   0x00000004   Code   RO         3338    x$fpl$printf2       fz_wm.l(printf2.o)
    0x08007ade   0x00000000   Code   RO         3344    x$fpl$usenofp       fz_wm.l(usenofp.o)
    0x08007ade   0x000017c0   Data   RO         2837    .constdata          lcd.o
    0x0800929e   0x00000011   Data   RO         3231    .constdata          c_w.l(__printf_flags_ss_wp.o)
    0x080092af   0x00000001   PAD
    0x080092b0   0x00000008   Data   RO         3279    .constdata          c_w.l(_printf_wctomb.o)
    0x080092b8   0x00000028   Data   RO         3308    .constdata          c_w.l(_printf_hex_int_ll_ptr.o)
    0x080092e0   0x00000026   Data   RO         3367    .constdata          c_w.l(_printf_fp_hex.o)
    0x08009306   0x00000002   PAD
    0x08009308   0x00000094   Data   RO         3387    .constdata          c_w.l(bigflt0.o)
    0x0800939c   0x00000014   Data   RO            4    .conststring        main.o
    0x080093b0   0x00000020   Data   RO         3554    Region$$Table       anon$$obj.o
    0x080093d0   0x0000001c   Data   RO         3411    locale$$data        c_w.l(lc_numeric_c.o)
    0x080093ec   0x00000110   Data   RO         3431    locale$$data        c_w.l(lc_ctype_c.o)


    Execution Region RW_IRAM1 (Base: 0x20000000, Size: 0x00000cc8, Max: 0x00020000, ABSOLUTE)

    Base Addr    Size         Type   Attr      Idx    E Section Name        Object

    0x20000000   0x00000028   Data   RW            5    .data               main.o
    0x20000028   0x0000000c   Data   RW          523    .data               transaction.o
    0x20000034   0x00000004   Data   RW          607    .data               delay.o
    0x20000038   0x00000010   Data   RW          895    .data               stm32f4xx_rcc.o
    0x20000048   0x00000004   Data   RW         2838    .data               lcd.o
    0x2000004c   0x00000006   Data   RW         3096    .data               usart1.o
    0x20000052   0x00000002   PAD
    0x20000054   0x0000000e   Zero   RW         2836    .bss                lcd.o
    0x20000062   0x00000100   Zero   RW         3095    .bss                usart1.o
    0x20000162   0x00000002   PAD
    0x20000164   0x00000500   Zero   RW         3159    .bss                modbus_tcp.o
    0x20000664   0x00000060   Zero   RW         3427    .bss                c_w.l(libspace.o)
    0x200006c4   0x00000004   PAD
    0x200006c8   0x00000200   Zero   RW          692    HEAP                startup_stm32f40_41xxx.o
    0x200008c8   0x00000400   Zero   RW          691    STACK               startup_stm32f40_41xxx.o


==============================================================================

Image component sizes


      Code (inc. data)   RO Data    RW Data    ZI Data      Debug   Object Name

       268         16          0          4          0     231839   delay.o
     17596        192       6080          4         14      22154   lcd.o
       140         20         20         40          0       7078   main.o
       180         24          0          0          0       2161   misc.o
       516         12          0          0       1280       3621   modbus_tcp.o
      1600        422          0          0          0     233040   sim900a.o
        64         26        392          0       1536        860   startup_stm32f40_41xxx.o
       282          6          0          0          0       1885   stm32f4xx_fsmc.o
       222          0          0          0          0       2987   stm32f4xx_gpio.o
       178         28          0          0          0      17904   stm32f4xx_it.o
       360         42          0         16          0       5364   stm32f4xx_rcc.o
       218         28          0          0          0       4379   stm32f4xx_tim.o
       486          8          0          0          0       6933   stm32f4xx_usart.o
       340         32          0          0          0      57461   system_stm32f4xx.o
        44          4          0          0          0       1012   timer.o
        84          6          0          0          0        716   timer4_usart.o
       588         62          0         12          0       8243   transaction.o
       294         18          0          6        256       4961   usart1.o

    ----------------------------------------------------------------------
     23476        946       6524         84       3088     612598   Object Totals
         0          0         32          0          0          0   (incl. Generated)
        16          0          0          2          2          0   (incl. Padding)

    ----------------------------------------------------------------------

      Code (inc. data)   RO Data    RW Data    ZI Data      Debug   Library Member Name

        44          6          0          0          0         84   __2sprintf.o
         8          0          0          0          0         68   __main.o
       392          4         17          0          0         92   __printf_flags_ss_wp.o
        14          0          0          0          0         68   __printf_wp.o
         0          0          0          0          0          0   __rtentry.o
        12          0          0          0          0          0   __rtentry2.o
         6          0          0          0          0          0   __rtentry4.o
        52          8          0          0          0          0   __scatter.o
        26          0          0          0          0          0   __scatter_copy.o
        28          0          0          0          0          0   __scatter_zi.o
         6          0          0          0          0          0   _printf_a.o
         6          0          0          0          0          0   _printf_c.o
        44          0          0          0          0        108   _printf_char.o
        48          6          0          0          0         96   _printf_char_common.o
        40          0          0          0          0         68   _printf_charcount.o
         6          0          0          0          0          0   _printf_d.o
       120         16          0          0          0         92   _printf_dec.o
         6          0          0          0          0          0   _printf_e.o
         6          0          0          0          0          0   _printf_f.o
      1050          0          0          0          0        216   _printf_fp_dec.o
       764          8         38          0          0        100   _printf_fp_hex.o
       128         16          0          0          0         84   _printf_fp_infnan.o
         6          0          0          0          0          0   _printf_g.o
       148          4         40          0          0        160   _printf_hex_int_ll_ptr.o
         6          0          0          0          0          0   _printf_i.o
       178          0          0          0          0         88   _printf_intcommon.o
        10          0          0          0          0          0   _printf_l.o
         6          0          0          0          0          0   _printf_lc.o
        10          0          0          0          0          0   _printf_ll.o
         6          0          0          0          0          0   _printf_lld.o
         6          0          0          0          0          0   _printf_lli.o
         6          0          0          0          0          0   _printf_llo.o
         6          0          0          0          0          0   _printf_llu.o
         6          0          0          0          0          0   _printf_llx.o
       124         16          0          0          0         92   _printf_longlong_dec.o
         6          0          0          0          0          0   _printf_ls.o
         6          0          0          0          0          0   _printf_n.o
         6          0          0          0          0          0   _printf_o.o
       112         10          0          0          0        124   _printf_oct_int_ll.o
         6          0          0          0          0          0   _printf_p.o
        78          0          0          0          0        108   _printf_pad.o
         0          0          0          0          0          0   _printf_percent.o
         4          0          0          0          0          0   _printf_percent_end.o
         6          0          0          0          0          0   _printf_s.o
        82          0          0          0          0         80   _printf_str.o
        36          0          0          0          0         84   _printf_truncate.o
         6          0          0          0          0          0   _printf_u.o
        44          0          0          0          0        108   _printf_wchar.o
       188          6          8          0          0         92   _printf_wctomb.o
         6          0          0          0          0          0   _printf_x.o
        10          0          0          0          0         68   _sputc.o
        64          0          0          0          0         92   _wcrtomb.o
       220          4        148          0          0         96   bigflt0.o
      1910        128          0          0          0        672   btod.o
        18          0          0          0          0         80   exit.o
         6          0          0          0          0        152   heapauxi.o
        44         10        272          0          0         76   lc_ctype_c.o
        44         10         28          0          0         76   lc_numeric_c.o
         2          0          0          0          0          0   libinit.o
        34          0          0          0          0          0   libinit2.o
         2          0          0          0          0          0   libshutdown.o
         2          0          0          0          0          0   libshutdown2.o
         8          4          0          0         96         68   libspace.o
       138          0          0          0          0         80   lludiv10.o
        16          4          0          0          0         76   rt_ctype_table.o
         8          4          0          0          0         68   rt_locale_intlibspace.o
        78          0          0          0          0         80   rt_memclr_w.o
         2          0          0          0          0          0   rtexit.o
        10          0          0          0          0          0   rtexit2.o
       128          0          0          0          0         68   strcmpv7m.o
        62          0          0          0          0         76   strlen.o
        36          0          0          0          0         80   strstr.o
        74          0          0          0          0         80   sys_stackheap_outer.o
         2          0          0          0          0         68   use_no_semi.o
         2          0          0          0          0         68   use_no_semi_2.o
        36          4          0          0          0         76   vsprintf.o
        90          4          0          0          0        140   dfixu.o
        38          0          0          0          0        116   dflt_clz.o
       340         12          0          0          0        152   dmul.o
       156          4          0          0          0        140   dnaninf.o
        12          0          0          0          0        116   dretinf.o
        10          0          0          0          0        116   fpinit.o
         4          0          0          0          0        116   printf1.o
         4          0          0          0          0        116   printf2.o
         0          0          0          0          0          0   usenofp.o
        48          0          0          0          0        124   fpclassify.o

    ----------------------------------------------------------------------
      7586        288        554          0        100       5348   Library Totals
        18          0          3          0          4          0   (incl. Padding)

    ----------------------------------------------------------------------

      Code (inc. data)   RO Data    RW Data    ZI Data      Debug   Library Name

      6866        268        551          0         96       4212   c_w.l
       654         20          0          0          0       1012   fz_wm.l
        48          0          0          0          0        124   m_wm.l

    ----------------------------------------------------------------------
      7586        288        554          0        100       5348   Library Totals

    ----------------------------------------------------------------------

==============================================================================


      Code (inc. data)   RO Data    RW Data    ZI Data      Debug   

     31062       1234       7078         84       3188     606758   Grand Totals
     31062       1234       7078         84       3188     606758   ELF Image Totals
     31062       1234       7078         84          0          0   ROM Totals

==============================================================================

    Total RO  Size (Code + RO Data)                38140 (  37.25kB)
    Total RW  Size (RW Data + ZI Data)              3272 (   3.20kB)
    Total ROM Size (Code + RO Data + RW Data)      38224 (  37.33kB)

==============================================================================

