Component: ARM Compiler 5.06 update 4 (build 422) Tool: armlink [4d35d2]

==============================================================================

Section Cross References

    main.o(i.COMTimerConfig) refers to stm32f4xx_rcc.o(i.RCC_APB1PeriphClockCmd) for RCC_APB1PeriphClockCmd
    main.o(i.COMTimerConfig) refers to stm32f4xx_tim.o(i.TIM_DeInit) for TIM_DeInit
    main.o(i.COMTimerConfig) refers to stm32f4xx_tim.o(i.TIM_InternalClockConfig) for TIM_InternalClockConfig
    main.o(i.COMTimerConfig) refers to stm32f4xx_tim.o(i.TIM_TimeBaseInit) for TIM_TimeBaseInit
    main.o(i.COMTimerConfig) refers to stm32f4xx_tim.o(i.TIM_ClearFlag) for TIM_ClearFlag
    main.o(i.COMTimerConfig) refers to stm32f4xx_tim.o(i.TIM_ARRPreloadConfig) for TIM_ARRPreloadConfig
    main.o(i.COMTimerConfig) refers to misc.o(i.NVIC_Init) for NVIC_Init
    main.o(i.COMTimerConfig) refers to stm32f4xx_tim.o(i.TIM_SetCounter) for TIM_SetCounter
    main.o(i.COMTimerConfig) refers to stm32f4xx_tim.o(i.TIM_ITConfig) for TIM_ITConfig
    main.o(i.COMTimerConfig) refers to stm32f4xx_tim.o(i.TIM_Cmd) for TIM_Cmd
    main.o(i.CmpCpuId) refers to eep.o(i.EepRd) for EepRd
    main.o(i.CmpCpuId) refers to main.o(.bss) for CpuID
    main.o(i.CmpCpuId) refers to global.o(.bss) for EepRdBuf
    main.o(i.GPIO_CONFIG) refers to stm32f4xx_rcc.o(i.RCC_AHB1PeriphClockCmd) for RCC_AHB1PeriphClockCmd
    main.o(i.GPIO_CONFIG) refers to stm32f4xx_gpio.o(i.GPIO_Init) for GPIO_Init
    main.o(i.GetLockCode) refers to eep.o(i.EepRd) for EepRd
    main.o(i.GetLockCode) refers to eep.o(i.EepWr) for EepWr
    main.o(i.GetLockCode) refers to global.o(.bss) for EepRdBuf
    main.o(i.GetLockCode) refers to main.o(.bss) for CpuID
    main.o(i.USH_User_App) refers to main.o(.data) for UPDATE_CHECK
    main.o(i.main) refers to system_stm32f4xx.o(i.SystemInit) for SystemInit
    main.o(i.main) refers to misc.o(i.NVIC_PriorityGroupConfig) for NVIC_PriorityGroupConfig
    main.o(i.main) refers to stm32f4xx_rcc.o(i.RCC_AHB1PeriphClockCmd) for RCC_AHB1PeriphClockCmd
    main.o(i.main) refers to delay.o(i.delay_init) for delay_init
    main.o(i.main) refers to delay.o(i.delay_ms) for delay_ms
    main.o(i.main) refers to usart1.o(i.Usart_Init) for Usart_Init
    main.o(i.main) refers to bl_ui.o(i.UI_Init) for UI_Init
    main.o(i.main) refers to can.o(i.CANHardwareConfig) for CANHardwareConfig
    main.o(i.main) refers to can.o(i.CAN1_Mode_Init) for CAN1_Mode_Init
    main.o(i.main) refers to sim900a.o(i.sim900a_init) for sim900a_init
    main.o(i.main) refers to key.o(i.KeyHardwareConfig) for KeyHardwareConfig
    main.o(i.main) refers to transaction.o(i.LcdShow_Frame) for LcdShow_Frame
    main.o(i.main) refers to transaction.o(i.LcdShow_SystemIdle) for LcdShow_SystemIdle
    main.o(i.main) refers to transaction.o(i.Key_Scan) for Key_Scan
    main.o(i.main) refers to transaction.o(i.Part_Init) for Part_Init
    main.o(i.main) refers to transaction.o(i.Transaction_Process) for Transaction_Process
    main.o(i.main) refers to transaction.o(i.NoticeDevice_Action) for NoticeDevice_Action
    main.o(i.main) refers to main.o(.data) for NeedInitFlag
    main.o(i.main) refers to usart1.o(.data) for USART1_RX_STA
    main.o(i.main) refers to transaction.o(.data) for Input_Key
    main.o(.data) refers to main.o(.conststring) for .conststring
    main.o(.data) refers to main.o(.bss) for myfs
    stm32f4xx_it.o(i.TIM4_IRQHandler) refers to stm32f4xx_tim.o(i.TIM_GetITStatus) for TIM_GetITStatus
    stm32f4xx_it.o(i.TIM4_IRQHandler) refers to stm32f4xx_tim.o(i.TIM_ClearITPendingBit) for TIM_ClearITPendingBit
    stm32f4xx_it.o(i.TIM4_IRQHandler) refers to stm32f4xx_tim.o(i.TIM_Cmd) for TIM_Cmd
    stm32f4xx_it.o(i.TIM4_IRQHandler) refers to modbus_tcp.o(i.recv_modbus_response) for recv_modbus_response
    stm32f4xx_it.o(i.TIM4_IRQHandler) refers to usart1.o(.data) for USART1_RX_STA
    stm32f4xx_it.o(i.TIM4_IRQHandler) refers to usart1.o(.bss) for USART1_RX_BUF
    stm32f4xx_it.o(i.USART2_IRQHandler) refers to stm32f4xx_usart.o(i.USART_GetITStatus) for USART_GetITStatus
    stm32f4xx_it.o(i.USART2_IRQHandler) refers to stm32f4xx_tim.o(i.TIM_Cmd) for TIM_Cmd
    stm32f4xx_it.o(i.USART2_IRQHandler) refers to stm32f4xx_usart.o(i.USART_ReceiveData) for USART_ReceiveData
    stm32f4xx_it.o(i.USART2_IRQHandler) refers to stm32f4xx_tim.o(i.TIM_SetCounter) for TIM_SetCounter
    stm32f4xx_it.o(i.USART2_IRQHandler) refers to stm32f4xx_usart.o(i.USART_ClearITPendingBit) for USART_ClearITPendingBit
    stm32f4xx_it.o(i.USART2_IRQHandler) refers to usart1.o(.data) for USART1_RX_STA
    stm32f4xx_it.o(i.USART2_IRQHandler) refers to usart1.o(.bss) for USART1_RX_BUF
    system_stm32f4xx.o(i.SystemCoreClockUpdate) refers to system_stm32f4xx.o(.data) for SystemCoreClock
    system_stm32f4xx.o(i.SystemInit) refers to system_stm32f4xx.o(i.SetSysClock) for SetSysClock
    eep.o(i.EEPROM_ByteWrite) refers to eep.o(i.EEPROM_WREN) for EEPROM_WREN
[...]
    GPIO_SetBits                             0x08002979   Thumb Code     4  stm32f4xx_gpio.o(i.GPIO_SetBits)
    HardFault_Handler                        0x0800297d   Thumb Code     4  stm32f4xx_it.o(i.HardFault_Handler)
    Key2CDID                                 0x08002981   Thumb Code     6  transaction.o(i.Key2CDID)
    KeyHardwareConfig                        0x08002989   Thumb Code    72  key.o(i.KeyHardwareConfig)
    KeyRead                                  0x080029d9   Thumb Code    74  key.o(i.KeyRead)
    Key_Scan                                 0x08002a2d   Thumb Code    62  transaction.o(i.Key_Scan)
    LcdDisplayASCII                          0x08002a6b   Thumb Code    36  lcd.o(i.LcdDisplayASCII)
    LcdDrawRectangle                         0x08002a8f   Thumb Code    70  lcd.o(i.LcdDrawRectangle)
    LcdShow_Frame                            0x08002ad5   Thumb Code   222  transaction.o(i.LcdShow_Frame)
    LcdShow_PayComplete                      0x08002c11   Thumb Code    96  transaction.o(i.LcdShow_PayComplete)
    LcdShow_PayOutTime                       0x08002cb9   Thumb Code    94  transaction.o(i.LcdShow_PayOutTime)
    LcdShow_RestoreFrame                     0x08002d7d   Thumb Code    26  transaction.o(i.LcdShow_RestoreFrame)
    LcdShow_SystemIdle                       0x08002d99   Thumb Code    46  transaction.o(i.LcdShow_SystemIdle)
    LcdShow_TransactionInfo                  0x08002ded   Thumb Code   326  transaction.o(i.LcdShow_TransactionInfo)
    LcdShow_TransactionLack                  0x08002f79   Thumb Code    94  transaction.o(i.LcdShow_TransactionLack)
    LcdShow_WaitPay                          0x08003029   Thumb Code   126  transaction.o(i.LcdShow_WaitPay)
    MemManage_Handler                        0x0800312d   Thumb Code     4  stm32f4xx_it.o(i.MemManage_Handler)
    NMI_Handler                              0x08003131   Thumb Code     2  stm32f4xx_it.o(i.NMI_Handler)
    NVIC_Init                                0x08003135   Thumb Code   106  misc.o(i.NVIC_Init)
    NVIC_PriorityGroupConfig                 0x080031ad   Thumb Code    10  misc.o(i.NVIC_PriorityGroupConfig)
    NoticeDevice_Action                      0x080031c1   Thumb Code    70  transaction.o(i.NoticeDevice_Action)
    OTG_FS_IRQHandler                        0x0800320d   Thumb Code    10  usbh_usr.o(i.OTG_FS_IRQHandler)
    Part_Init                                0x0800321d   Thumb Code    16  transaction.o(i.Part_Init)
    PendSV_Handler                           0x08003235   Thumb Code     2  stm32f4xx_it.o(i.PendSV_Handler)
    PushBuy_Request                          0x08003239   Thumb Code    96  transaction.o(i.PushBuy_Request)
    RA8875_PLL_Init                          0x080032a1   Thumb Code    58  ra8875.o(i.RA8875_PLL_Init)
    RCC_AHB1PeriphClockCmd                   0x080032dd   Thumb Code    26  stm32f4xx_rcc.o(i.RCC_AHB1PeriphClockCmd)
    RCC_AHB3PeriphClockCmd                   0x080032fd   Thumb Code    26  stm32f4xx_rcc.o(i.RCC_AHB3PeriphClockCmd)
    RCC_APB1PeriphClockCmd                   0x0800331d   Thumb Code    26  stm32f4xx_rcc.o(i.RCC_APB1PeriphClockCmd)
    RCC_APB1PeriphResetCmd                   0x0800333d   Thumb Code    26  stm32f4xx_rcc.o(i.RCC_APB1PeriphResetCmd)
    RCC_GetClocksFreq                        0x0800335d   Thumb Code   214  stm32f4xx_rcc.o(i.RCC_GetClocksFreq)
    ResetDevice2InitSellMode                 0x08003445   Thumb Code    12  transaction.o(i.ResetDevice2InitSellMode)
    SVC_Handler                              0x08003451   Thumb Code     2  stm32f4xx_it.o(i.SVC_Handler)
    SysTick_CLKSourceConfig                  0x08003541   Thumb Code    40  misc.o(i.SysTick_CLKSourceConfig)
    SysTick_Handler                          0x08003569   Thumb Code    78  systick.o(i.SysTick_Handler)
    SystemInit                               0x080035c1   Thumb Code    88  system_stm32f4xx.o(i.SystemInit)
    TIM2_IRQHandler                          0x08003629   Thumb Code    20  timer.o(i.TIM2_IRQHandler)
    TIM4_IRQHandler                          0x0800363d   Thumb Code    48  stm32f4xx_it.o(i.TIM4_IRQHandler)
    TIM4_Int_Init                            0x08003679   Thumb Code    78  timer4_usart.o(i.TIM4_Int_Init)
    TIM5_IRQHandler                          0x080036cd   Thumb Code    20  timer.o(i.TIM5_IRQHandler)
    TIM_ClearITPendingBit                    0x080036e5   Thumb Code     6  stm32f4xx_tim.o(i.TIM_ClearITPendingBit)
    TIM_Cmd                                  0x080036eb   Thumb Code    24  stm32f4xx_tim.o(i.TIM_Cmd)
    TIM_GetITStatus                          0x08003703   Thumb Code    34  stm32f4xx_tim.o(i.TIM_GetITStatus)
    TIM_ITConfig                             0x08003725   Thumb Code    18  stm32f4xx_tim.o(i.TIM_ITConfig)
    TIM_SetCounter                           0x08003737   Thumb Code     4  stm32f4xx_tim.o(i.TIM_SetCounter)
    TIM_TimeBaseInit                         0x0800373d   Thumb Code   104  stm32f4xx_tim.o(i.TIM_TimeBaseInit)
    Transaction_Process                      0x080037c1   Thumb Code   170  transaction.o(i.Transaction_Process)
    UART4_IRQHandler                         0x0800387d   Thumb Code   348  master.o(i.UART4_IRQHandler)
    UART5_IRQHandler                         0x08003a05   Thumb Code   210  master.o(i.UART5_IRQHandler)
    UI_Fill                                  0x08003af5   Thumb Code    38  bl_ui.o(i.UI_Fill)
    UI_Init                                  0x08003b1b   Thumb Code    32  bl_ui.o(i.UI_Init)
    USART2_IRQHandler                        0x08003b3d   Thumb Code    82  stm32f4xx_it.o(i.USART2_IRQHandler)
    USART3_IRQHandler                        0x08003ba1   Thumb Code   354  master.o(i.USART3_IRQHandler)
    USART_ClearFlag                          0x08003d21   Thumb Code    18  stm32f4xx_usart.o(i.USART_ClearFlag)
    USART_ClearITPendingBit                  0x08003d33   Thumb Code    30  stm32f4xx_usart.o(i.USART_ClearITPendingBit)
    USART_Cmd                                0x08003d51   Thumb Code    24  stm32f4xx_usart.o(i.USART_Cmd)
    USART_GetFlagStatus                      0x08003d69   Thumb Code    26  stm32f4xx_usart.o(i.USART_GetFlagStatus)
    USART_GetITStatus                        0x08003d83   Thumb Code    84  stm32f4xx_usart.o(i.USART_GetITStatus)
    USART_ITConfig                           0x08003dd7   Thumb Code    74  stm32f4xx_usart.o(i.USART_ITConfig)
    USART_Init                               0x08003e21   Thumb Code   204  stm32f4xx_usart.o(i.USART_Init)
    USART_ReceiveData                        0x08003ef5   Thumb Code    10  stm32f4xx_usart.o(i.USART_ReceiveData)
    USART_SendData                           0x08003eff   Thumb Code     8  stm32f4xx_usart.o(i.USART_SendData)
    USART_SendStr                            0x08003f07   Thumb Code    62  usart1.o(i.USART_SendStr)
    USBH_Connected                           0x08003f45   Thumb Code    12  usbh_core.o(i.USBH_Connected)
    USBH_Disconnected                        0x08003f51   Thumb Code    12  usbh_core.o(i.USBH_Disconnected)
    USBH_OTG_ISR_Handler                     0x08003f5d   Thumb Code   168  usb_hcd_int.o(i.USBH_OTG_ISR_Handler)
    USBH_SOF                                 0x08004005   Thumb Code     6  usbh_core.o(i.USBH_SOF)
    USB_OTG_BSP_mDelay                       0x0800400b   Thumb Code    12  usb_bsp.o(i.USB_OTG_BSP_mDelay)
    USB_OTG_GetMode                          0x08004017   Thumb Code    12  usb_core.o(i.USB_OTG_GetMode)
    USB_OTG_HC_DoPing                        0x08004023   Thumb Code    90  usb_core.o(i.USB_OTG_HC_DoPing)
    USB_OTG_HC_Halt                          0x0800407d   Thumb Code   130  usb_core.o(i.USB_OTG_HC_Halt)
    USB_OTG_InitFSLSPClkSel                  0x080040ff   Thumb Code    24  usb_core.o(i.USB_OTG_InitFSLSPClkSel)
    USB_OTG_IsHostMode                       0x08004117   Thumb Code    20  usb_core.o(i.USB_OTG_IsHostMode)
    USB_OTG_ReadCoreItr                      0x0800412b   Thumb Code    16  usb_core.o(i.USB_OTG_ReadCoreItr)
    USB_OTG_ReadHPRT0                        0x0800413b   Thumb Code    48  usb_core.o(i.USB_OTG_ReadHPRT0)
    USB_OTG_ReadHostAllChannels_intr         0x0800416b   Thumb Code     8  usb_core.o(i.USB_OTG_ReadHostAllChannels_intr)
    USB_OTG_ReadPacket                       0x08004173   Thumb Code    40  usb_core.o(i.USB_OTG_ReadPacket)
    USB_OTG_ResetPort                        0x0800419b   Thumb Code    64  usb_core.o(i.USB_OTG_ResetPort)
    USB_OTG_WritePacket                      0x08004fad   Thumb Code    64  usb_core.o(i.USB_OTG_WritePacket)
    UsageFault_Handler                       0x08004fed   Thumb Code     4  stm32f4xx_it.o(i.UsageFault_Handler)
    Usart_Init                               0x08004ff1   Thumb Code   192  usart1.o(i.Usart_Init)
    __ARM_fpclassify                         0x080050b9   Thumb Code    48  fpclassify.o(i.__ARM_fpclassify)
    _is_digit                                0x080050e9   Thumb Code    14  __printf_wp.o(i._is_digit)
    _sys_exit                                0x080050f7   Thumb Code     4  usart1.o(i._sys_exit)
    delay_init                               0x080050fd   Thumb Code    52  delay.o(i.delay_init)
    delay_ms                                 0x08005139   Thumb Code    56  delay.o(i.delay_ms)
    delay_xms                                0x08005171   Thumb Code    72  delay.o(i.delay_xms)
    iCAN_rdMsg                               0x080051bd   Thumb Code   176  can.o(i.iCAN_rdMsg)
    iCAN_wrMsg                               0x08005279   Thumb Code   178  can.o(i.iCAN_wrMsg)
    lcdBacklightAdjust                       0x08005335   Thumb Code   102  lcd.o(i.lcdBacklightAdjust)
    lcdDrawPixel                             0x080053a9   Thumb Code    28  lcd.o(i.lcdDrawPixel)
    lcdInit                                  0x080053c5   Thumb Code     8  lcd.o(i.lcdInit)
    lcd_text24                               0x080053cd   Thumb Code    92  lcd.o(i.lcd_text24)
    main                                     0x08005429   Thumb Code   164  main.o(i.main)
    modbus_send_cmd                          0x080054dd   Thumb Code   382  modbus_tcp.o(i.modbus_send_cmd)
    prvDelay1ms                              0x08005665   Thumb Code    30  ra8875.o(i.prvDelay1ms)
    prvMemoryBusy                            0x08005683   Thumb Code    26  ra8875.o(i.prvMemoryBusy)
    raActiveWindow                           0x080056c7   Thumb Code   112  ra8875.o(i.raActiveWindow)
    raBTEBackgroundColor                     0x08005737   Thumb Code    46  ra8875.o(i.raBTEBackgroundColor)
    raBTEForegroundColor                     0x08005765   Thumb Code    46  ra8875.o(i.raBTEForegroundColor)
    raDispalyOnOff                           0x08005793   Thumb Code    34  ra8875.o(i.raDispalyOnOff)
    raDisplayASCII                           0x080057b5   Thumb Code   100  ra8875.o(i.raDisplayASCII)
    raDisplayString                          0x08005819   Thumb Code    40  ra8875.o(i.raDisplayString)
    raDrawPixel                              0x08005841   Thumb Code    26  ra8875.o(i.raDrawPixel)
    raDrawRectangle                          0x0800585b   Thumb Code   160  ra8875.o(i.raDrawRectangle)
    raFontArial                              0x080058fb   Thumb Code    30  ra8875.o(i.raFontArial)
    raFontCodeGB2312                         0x08005919   Thumb Code    26  ra8875.o(i.raFontCodeGB2312)
    raFontControlCGROMFont                   0x08005933   Thumb Code    26  ra8875.o(i.raFontControlCGROMFont)
    raFontControlExternalCGROM               0x0800594d   Thumb Code    26  ra8875.o(i.raFontControlExternalCGROM)
    raFontControlInternalCGROM               0x08005967   Thumb Code    26  ra8875.o(i.raFontControlInternalCGROM)
    raFontSize24x24_12x24                    0x08005981   Thumb Code    30  ra8875.o(i.raFontSize24x24_12x24)
    raFontWithBackgroundColor                0x0800599f   Thumb Code    26  ra8875.o(i.raFontWithBackgroundColor)
    raFontWithBackgroundTransparency         0x080059b9   Thumb Code    26  ra8875.o(i.raFontWithBackgroundTransparency)
    raFontWriteCoordinate                    0x080059d3   Thumb Code    56  ra8875.o(i.raFontWriteCoordinate)
    raGTSROMGT23L32S4W                       0x08005a0b   Thumb Code    30  ra8875.o(i.raGTSROMGT23L32S4W)
    raGraphicMode                            0x08005a29   Thumb Code    26  ra8875.o(i.raGraphicMode)
    raHardwareConfig                         0x08005a45   Thumb Code   106  ra8875.o(i.raHardwareConfig)
    raInit                                   0x08005ab9   Thumb Code   356  ra8875.o(i.raInit)
    raMCU16bitInterface                      0x08005c21   Thumb Code    26  ra8875.o(i.raMCU16bitInterface)
    raMemoryBusy                             0x08005c3d   Thumb Code    18  ra8875.o(i.raMemoryBusy)
    raMemoryClearActiveWindow                0x08005c55   Thumb Code    20  ra8875.o(i.raMemoryClearActiveWindow)
    raMemoryClearStart                       0x08005c69   Thumb Code    20  ra8875.o(i.raMemoryClearStart)
    raMemoryWriteCoordinate                  0x08005c7d   Thumb Code    56  ra8875.o(i.raMemoryWriteCoordinate)
    raPCLKFallingEdgeSampling                0x08005cb5   Thumb Code    26  ra8875.o(i.raPCLKFallingEdgeSampling)
    raPWM1ClockDiv                           0x08005ccf   Thumb Code    34  ra8875.o(i.raPWM1ClockDiv)
    raPWM1DutyCycle                          0x08005cf1   Thumb Code    18  ra8875.o(i.raPWM1DutyCycle)
    raPWM1Enable                             0x08005d03   Thumb Code    26  ra8875.o(i.raPWM1Enable)
    raPWM1RetainLowWhenDisabled              0x08005d1d   Thumb Code    26  ra8875.o(i.raPWM1RetainLowWhenDisabled)
    raPWM1_fnuction_sel                      0x08005d37   Thumb Code    26  ra8875.o(i.raPWM1_fnuction_sel)
    raSerialROMSelect0                       0x08005d51   Thumb Code    26  ra8875.o(i.raSerialROMSelect0)
    raSetColor65K                            0x08005d6b   Thumb Code    36  ra8875.o(i.raSetColor65K)
    raSromClkDiv                             0x08005d8f   Thumb Code    18  ra8875.o(i.raSromClkDiv)
    raTextMode                               0x08005da1   Thumb Code    26  ra8875.o(i.raTextMode)
    raWriteCmdAndData                        0x08005dbb   Thumb Code    20  ra8875.o(i.raWriteCmdAndData)
    recv_modbus_response                     0x08005dd1   Thumb Code   124  modbus_tcp.o(i.recv_modbus_response)
    sim900a_check_cmd                        0x08005e51   Thumb Code    44  sim900a.o(i.sim900a_check_cmd)
    sim900a_connect                          0x08005e85   Thumb Code   504  sim900a.o(i.sim900a_connect)
    sim900a_init                             0x0800624d   Thumb Code    58  sim900a.o(i.sim900a_init)
    sim900a_reset                            0x0800628d   Thumb Code    64  sim900a.o(i.sim900a_reset)
    sim900a_send_cmd                         0x080062e5   Thumb Code    98  sim900a.o(i.sim900a_send_cmd)
    u1_printf                                0x08006359   Thumb Code    36  usart1.o(i.u1_printf)
    _get_lc_numeric                          0x08006385   Thumb Code    44  lc_numeric_c.o(locale$$code)
    _get_lc_ctype                            0x080063b1   Thumb Code    44  lc_ctype_c.o(locale$$code)
    __aeabi_d2f                              0x080063dd   Thumb Code     0  d2f.o(x$fpl$d2f)
    _d2f                                     0x080063dd   Thumb Code    98  d2f.o(x$fpl$d2f)
    __aeabi_ui2d                             0x0800643f   Thumb Code     0  dflt_clz.o(x$fpl$dfltu)
    _dfltu                                   0x0800643f   Thumb Code    38  dflt_clz.o(x$fpl$dfltu)
    __aeabi_dmul                             0x08006465   Thumb Code     0  dmul.o(x$fpl$dmul)
    _dmul                                    0x08006465   Thumb Code   332  dmul.o(x$fpl$dmul)
    __fpl_dnaninf                            0x080065b9   Thumb Code   156  dnaninf.o(x$fpl$dnaninf)
    __fpl_dretinf                            0x08006655   Thumb Code    12  dretinf.o(x$fpl$dretinf)
    _fp_init                                 0x08006661   Thumb Code    10  fpinit.o(x$fpl$fpinit)
    __fplib_config_fpu_vfp                   0x08006669   Thumb Code     0  fpinit.o(x$fpl$fpinit)
    __fplib_config_pureend_doubles           0x08006669   Thumb Code     0  fpinit.o(x$fpl$fpinit)
    __fpl_fretinf                            0x0800666b   Thumb Code    10  fretinf.o(x$fpl$fretinf)
    _printf_fp_dec                           0x08006675   Thumb Code     4  printf1.o(x$fpl$printf1)
    _printf_fp_hex                           0x08006679   Thumb Code     4  printf2.o(x$fpl$printf2)
    __I$use$fp                               0x0800667c   Number         0  usenofp.o(x$fpl$usenofp)
    Region$$Table$$Base                      0x08006798   Number         0  anon$$obj.o(Region$$Table)
    Region$$Table$$Limit                     0x080067b8   Number         0  anon$$obj.o(Region$$Table)
    __ctype                                  0x080067e1   Data           0  lc_ctype_c.o(locale$$data)
    Server_IpAddr                            0x20000200   Data           4  main.o(.data)
    Server_Port                              0x20000204   Data           4  main.o(.data)
    Server_APN                               0x20000208   Data           4  main.o(.data)
    NeedInitFlag                             0x2000020c   Data           1  main.o(.data)
    u4RxdCnt                                 0x20000210   Data           4  main.o(.data)
    u4TxdCnt                                 0x20000214   Data           4  main.o(.data)
    canbuf                                   0x20000218   Data           8  main.o(.data)
    flg1S                                    0x20000220   Data           1  main.o(.data)
    uw2S                                     0x20000224   Data           4  main.o(.data)
    flg2S                                    0x20000228   Data           1  main.o(.data)
    server_port                              0x2000022a   Data           8  main.o(.data)
    TX_RX_BufferSize                         0x20000232   Data          16  main.o(.data)
    gWIZNETINFO                              0x20000242   Data          23  main.o(.data)
    gWIZTIMEOUT                              0x2000025a   Data           4  main.o(.data)
    UPDATE_CHECK                             0x2000025e   Data           1  main.o(.data)
    fs                                       0x20000260   Data           4  main.o(.data)
    file                                     0x20000264   Data           4  main.o(.data)
    flgTest                                  0x20000268   Data           1  main.o(.data)
    flgSafe                                  0x20000269   Data           1  main.o(.data)
    idPKQ                                    0x2000026a   Data           1  main.o(.data)
    rtnCAN                                   0x2000026b   Data           1  main.o(.data)
    i                                        0x2000026c   Data           1  main.o(.data)
    u2RxdLen                                 0x20000470   Data           1  master.o(.data)
    flgU2StRecv                              0x20000471   Data           1  master.o(.data)
    flgU2Stx1                                0x20000472   Data           1  master.o(.data)
    flgU2Stx2                                0x20000473   Data           1  master.o(.data)
    idOilCode                                0x20000474   Data           4  master.o(.data)
    wrFtaDoDat                               0x20000478   Data           1  master.o(.data)
    u4TxCnt                                  0x20000479   Data           1  master.o(.data)
    u4RxCnt                                  0x2000047a   Data           1  master.o(.data)
    lenMbDat                                 0x2000047b   Data           1  master.o(.data)
    flgPkqDatOk                              0x2000047c   Data           1  master.o(.data)
    u2Tmr                                    0x20000480   Data           4  master.o(.data)
    u3Tmr                                    0x20000484   Data           4  master.o(.data)
    u2RxdCnt                                 0x20000488   Data           1  master.o(.data)
    u3RxdCnt                                 0x20000489   Data           1  master.o(.data)
    flgMbCrcOk                               0x2000048a   Data           1  master.o(.data)
    flgMb2CrcOk                              0x2000048b   Data           1  master.o(.data)
    flgMb3CrcOk                              0x2000048c   Data           1  master.o(.data)
    flgIcDat1OK                              0x2000048d   Data           1  master.o(.data)
    u2Cnt                                    0x2000048e   Data           1  master.o(.data)
    u2SndCnt                                 0x2000048f   Data           1  master.o(.data)
    u2Flag                                   0x20000490   Data           1  master.o(.data)
    u3Cnt                                    0x20000491   Data           1  master.o(.data)
    u3SndCnt                                 0x20000492   Data           1  master.o(.data)
    u3Flag                                   0x20000493   Data           1  master.o(.data)
    u4Cnt                                    0x20000494   Data           1  master.o(.data)
    u4SndCnt                                 0x20000495   Data           1  master.o(.data)
    u4Flag                                   0x20000496   Data           1  master.o(.data)
    function                                 0x20000497   Data           1  master.o(.data)
    Func                                     0x20000498   Data           1  master.o(.data)
    u4STX                                    0x20000499   Data           1  master.o(.data)
    u4Dat                                    0x2000049a   Data           1  master.o(.data)
    cntKK                                    0x2000049b   Data           1  master.o(.data)
    flgU4Stx1                                0x2000049c   Data           1  master.o(.data)
    flgU4Stx2                                0x2000049d   Data           1  master.o(.data)
    flgU4StRecv                              0x2000049e   Data           1  master.o(.data)
    flgU4StSend                              0x2000049f   Data           1  master.o(.data)
    flgU4OK                                  0x200004a0   Data           1  master.o(.data)
    WeiDat                                   0x200004a1   Data           7  master.o(.data)
    disWeiDat                                0x200004a8   Data           7  master.o(.data)
    lngWeiDat                                0x200004b0   Data           4  master.o(.data)
    u3STX                                    0x200004b4   Data           1  master.o(.data)
    ftaDIdat                                 0x200004b8   Data           4  master.o(.data)
    ftaDIdat_pre                             0x200004bc   Data           4  master.o(.data)
    ftaDOdat                                 0x200004c0   Data           1  master.o(.data)
    ftaDOdat_pre                             0x200004c1   Data           1  master.o(.data)
    ftaDo                                    0x200004c2   Data           8  master.o(.data)
    canChNum                                 0x200004cc   Data           1  global.o(.data)
    delChNum                                 0x200004cd   Data           1  global.o(.data)
    addChNum                                 0x200004ce   Data           1  global.o(.data)
    CAN_TxRdy                                0x200004d0   Data           4  global.o(.data)
    CAN_RxRdy                                0x200004d4   Data           4  global.o(.data)
    cntCAN_RxMsg                             0x200004d8   Data           1  global.o(.data)
    can_rtWD                                 0x200004dc   Data           4  global.o(.data)
    can_rtMD                                 0x200004e0   Data           4  global.o(.data)
    can_rtSFL                                0x200004e4   Data           4  global.o(.data)
    can_rtLJS                                0x200004e8   Data           4  global.o(.data)
    can_rtYFL                                0x200004ec   Data           4  global.o(.data)
    set_AddCa                                0x200004f0   Data           1  global.o(.data)
    flgCanFb                                 0x200004f1   Data           1  global.o(.data)
    cntCanFb                                 0x200004f2   Data           1  global.o(.data)
    rtnLos                                   0x200004f4   Data           4  global.o(.data)
    tId                                      0x200004f8   Data           4  global.o(.data)
    CarIdCnt                                 0x200004fc   Data           1  global.o(.data)
    CarIdOK                                  0x200004fd   Data           1  global.o(.data)
    LeadIdCnt                                0x200004fe   Data           1  global.o(.data)
    LeadIdOK                                 0x200004ff   Data           1  global.o(.data)
    SavLeadId                                0x20000500   Data           4  global.o(.data)
    flgViceValv                              0x20000504   Data           1  global.o(.data)
    DiDatHi                                  0x20000505   Data           1  global.o(.data)
    DiDatLo                                  0x20000506   Data           1  global.o(.data)
    DiDat                                    0x20000507   Data           1  global.o(.data)
    DoDat                                    0x20000508   Data           1  global.o(.data)
    rtDoDat                                  0x20000509   Data           1  global.o(.data)
    flgCANerr                                0x2000050a   Data           1  global.o(.data)
    flgIFIXerr                               0x2000050b   Data           1  global.o(.data)
    flgFVerr                                 0x2000050c   Data           2  global.o(.data)
    tmrCAN                                   0x20000510   Data           4  global.o(.data)
    tmrIFIX                                  0x20000514   Data           4  global.o(.data)
    tmrFV                                    0x20000518   Data           8  global.o(.data)
    iFix_id                                  0x20000520   Data           1  global.o(.data)
    flgAlertDone                             0x20000521   Data           1  global.o(.data)
    flgAlertRst                              0x20000522   Data           1  global.o(.data)
    rtAi                                     0x20000524   Data           4  global.o(.data)
    flPress                                  0x20000528   Data           4  global.o(.data)
    flgLstTFTok                              0x2000052c   Data           1  global.o(.data)
    canRtCnt                                 0x2000052d   Data           1  global.o(.data)
    sys_Conn                                 0x2000052e   Data           1  global.o(.data)
    c2f                                      0x2000052f   Data           4  global.o(.data)
    flgDisTime                               0x20000533   Data           1  global.o(.data)
    flgFlash_pre                             0x20000534   Data           1  global.o(.data)
    sysHH_pre                                0x20000535   Data           1  global.o(.data)
    sysMM_pre                                0x20000536   Data           1  global.o(.data)
    sysSS_pre                                0x20000537   Data           1  global.o(.data)
    sysY_pre                                 0x20000538   Data           1  global.o(.data)
    sysM_pre                                 0x20000539   Data           1  global.o(.data)
    sysD_pre                                 0x2000053a   Data           1  global.o(.data)
    sys_STA_Last                             0x2000053b   Data           1  global.o(.data)
    flgWrRtc                                 0x2000053c   Data           1  global.o(.data)
    flgMsgErr                                0x2000053d   Data           1  global.o(.data)
    flgU5RecvEn                              0x2000053e   Data           1  global.o(.data)
    u5Cnt                                    0x2000053f   Data           1  global.o(.data)
    flgSTX                                   0x20000540   Data           1  global.o(.data)
    flgETX                                   0x20000541   Data           1  global.o(.data)
    flgSlaveTmrOut                           0x20000542   Data           1  global.o(.data)
    uwSlaveTmrOut                            0x20000544   Data           4  global.o(.data)
    cntLstTFT                                0x20000548   Data           1  global.o(.data)
    flgFvETX                                 0x20000549   Data           1  global.o(.data)
    flgFv1ETX                                0x2000054a   Data           1  global.o(.data)
    flgFv2ETX                                0x2000054b   Data           1  global.o(.data)
    sys_adj50ms                              0x2000054c   Data           1  global.o(.data)
    cntIC                                    0x2000054d   Data           1  global.o(.data)
    flgFvRxd                                 0x2000054e   Data           1  global.o(.data)
    cntFvErr                                 0x20000550   Data           4  global.o(.data)
    cntFv1Err                                0x20000554   Data           4  global.o(.data)
    cntFv2Err                                0x20000558   Data           4  global.o(.data)
    cntLastTmr                               0x2000055c   Data           4  global.o(.data)
    cntLastTmrPre                            0x20000560   Data           4  global.o(.data)
    flgFcDis                                 0x20000564   Data           1  global.o(.data)
    frmNum                                   0x20000565   Data           1  global.o(.data)
    flgDisDate                               0x20000566   Data           1  global.o(.data)
    flgReNew                                 0x20000567   Data           1  global.o(.data)
    flgCur                                   0x20000568   Data           1  global.o(.data)
    set_AddMb                                0x20000569   Data           1  global.o(.data)
    sys_GoodsId                              0x2000056a   Data           1  global.o(.data)
    sysY                                     0x2000056b   Data           1  global.o(.data)
    sysM                                     0x2000056c   Data           1  global.o(.data)
    sysD                                     0x2000056d   Data           1  global.o(.data)
    u8PendNum                                0x2000056e   Data           1  global.o(.data)
    sys_STA                                  0x2000056f   Data           1  global.o(.data)
    ConfIndex                                0x20000570   Data           1  global.o(.data)
    ConfPos                                  0x20000571   Data           1  global.o(.data)
    frmMainCurX                              0x20000572   Data           1  global.o(.data)
    frmMainCurY                              0x20000573   Data           1  global.o(.data)
    disSlaveId                               0x20000574   Data           1  global.o(.data)
    frmNumLast                               0x20000575   Data           1  global.o(.data)
    SavFyDat                                 0x20000578   Data          64  global.o(.data)
    SavFyDatMax                              0x200005b8   Data          64  global.o(.data)
    u16SavFyDat                              0x200005f8   Data           4  global.o(.data)
    pollSpan                                 0x200005fc   Data           1  global.o(.data)
    retryCnt                                 0x200005fd   Data           1  global.o(.data)
    PlcDelay                                 0x200005fe   Data           1  global.o(.data)
    tmpPollSpan                              0x200005ff   Data           6  global.o(.data)
    SavDateTmrDat                            0x20000605   Data           6  global.o(.data)
    sysTmrOut                                0x2000060c   Data           4  global.o(.data)
    u8SavFyBuf                               0x20000610   Data           4  global.o(.data)
    sysHH                                    0x20000614   Data           1  global.o(.data)
    sysMM                                    0x20000615   Data           1  global.o(.data)
    sysSS                                    0x20000616   Data           1  global.o(.data)
    flgRmCon                                 0x20000617   Data           1  global.o(.data)
    flgRmEnd                                 0x20000618   Data           1  global.o(.data)
    flgWrWarnLst                             0x20000619   Data           1  global.o(.data)
    can_rtSSL                                0x2000061c   Data           4  global.o(.data)
    canSSL                                   0x20000620   Data           8  global.o(.data)
    canWD                                    0x20000628   Data           8  global.o(.data)
    canMD                                    0x20000630   Data           8  global.o(.data)
    canSFL                                   0x20000638   Data           8  global.o(.data)
    canLJS                                   0x20000640   Data           8  global.o(.data)
    can_YFL                                  0x20000648   Data           8  global.o(.data)
    canSFLv                                  0x20000650   Data           8  global.o(.data)
    dSSLv                                    0x20000658   Data           4  global.o(.data)
    dSSLm                                    0x2000065c   Data           4  global.o(.data)
    dLJSv                                    0x20000660   Data           4  global.o(.data)
    dLJSm                                    0x20000664   Data           4  global.o(.data)
    dYFLv                                    0x20000668   Data           4  global.o(.data)
    dSFLv                                    0x2000066c   Data           4  global.o(.data)
    dSFLm                                    0x20000670   Data           4  global.o(.data)
    dLJSv_first                              0x20000674   Data           4  global.o(.data)
    dLJSm_first                              0x20000678   Data           4  global.o(.data)
    dLJSv_last                               0x2000067c   Data           4  global.o(.data)
    dLJSm_last                               0x20000680   Data           4  global.o(.data)
    dMD                                      0x20000684   Data           4  global.o(.data)
    dWD                                      0x20000688   Data           4  global.o(.data)
    dSSLv_pls                                0x2000068c   Data           4  global.o(.data)
    rtSSLv_pls                               0x20000690   Data           4  global.o(.data)
    rtPLZk                                   0x20000694   Data           4  global.o(.data)
    rtPLerr                                  0x20000698   Data           4  global.o(.data)
    gSqlBuf                                  0x2000069c   Data           4  global.o(.data)
    tmpDat                                   0x200006a0   Data           1  global.o(.data)
    flgEndLst                                0x200006a1   Data           1  global.o(.data)
    flgSqrLst                                0x200006a2   Data           1  global.o(.data)
    ubKey_Command                            0x200006a3   Data           1  global.o(.data)
    FyIndex                                  0x200006a4   Data           1  global.o(.data)
    FyPos                                    0x200006a5   Data           1  global.o(.data)
    FyCur                                    0x200006a6   Data           1  global.o(.data)
    flgFyEn                                  0x200006a7   Data           1  global.o(.data)
    flgFyAllow                               0x200006a8   Data           1  global.o(.data)
    flgFyAllowPre                            0x200006a9   Data           1  global.o(.data)
    dualChNum                                0x200006aa   Data           1  global.o(.data)
    dualChNum_pre                            0x200006ab   Data           1  global.o(.data)
    flgSysWarn                               0x200006ac   Data           1  global.o(.data)
    AoDat                                    0x200006b0   Data           4  global.o(.data)
    AoDat1                                   0x200006b4   Data           4  global.o(.data)
    AoDat2                                   0x200006b8   Data           4  global.o(.data)
    YFL                                      0x200006bc   Data           8  global.o(.data)
    SFL                                      0x200006c4   Data           8  global.o(.data)
    flgU5Stx                                 0x200006cc   Data           1  global.o(.data)
    u5STX                                    0x200006cd   Data           1  global.o(.data)
    lstYFL                                   0x200006ce   Data           8  global.o(.data)
    lstOilId                                 0x200006d6   Data           8  global.o(.data)
    lstMD                                    0x200006de   Data           4  global.o(.data)
    lstWD                                    0x200006e2   Data           4  global.o(.data)
    bcdLJS                                   0x200006e6   Data           5  global.o(.data)
    canEnSendRt                              0x200006eb   Data           1  global.o(.data)
    lstOrdId                                 0x200006ec   Data           4  global.o(.data)
    PendAdd                                  0x200006f0   Data          40  global.o(.data)
    Input_Key                                0x20000718   Data           1  transaction.o(.data)
    Transaction_Finished                     0x20000719   Data           1  transaction.o(.data)
    Commodity_Id                             0x2000071a   Data           1  transaction.o(.data)
    Commodity_Lack                           0x2000071b   Data           1  transaction.o(.data)
    Pay_Status                               0x2000071c   Data           1  transaction.o(.data)
    PayWaitTime                              0x2000071d   Data           1  transaction.o(.data)
    Device_Transaction_Info                  0x2000071e   Data           3  transaction.o(.data)
    Device_Transaction_Status                0x20000721   Data           3  transaction.o(.data)
    Transaction_1_Name                       0x20000724   Data          10  transaction.o(.data)
    Transaction_2_Name                       0x2000072e   Data          10  transaction.o(.data)
    Transaction_3_Name                       0x20000738   Data          10  transaction.o(.data)
    Transaction_4_Name                       0x20000742   Data          10  transaction.o(.data)
    Transaction_5_Name                       0x2000074c   Data          10  transaction.o(.data)
    Transaction_NameBuf                      0x20000758   Data          20  transaction.o(.data)
    Transaction_1_Price                      0x2000076c   Data          10  transaction.o(.data)
    Transaction_2_Price                      0x20000776   Data          10  transaction.o(.data)
    Transaction_3_Price                      0x20000780   Data          10  transaction.o(.data)
    Transaction_4_Price                      0x2000078a   Data          10  transaction.o(.data)
    Transaction_5_Price                      0x20000794   Data          10  transaction.o(.data)
    Transaction_PriceBuf                     0x200007a0   Data          20  transaction.o(.data)
    Transaction_1_State                      0x200007b4   Data          10  transaction.o(.data)
    Transaction_2_State                      0x200007be   Data          10  transaction.o(.data)
    Transaction_3_State                      0x200007c8   Data          10  transaction.o(.data)
    Transaction_4_State                      0x200007d2   Data          10  transaction.o(.data)
    Transaction_StateBuf                     0x200007dc   Data          16  transaction.o(.data)
    __stdout                                 0x200007ec   Data           4  usart1.o(.data)
    USART1_RX_STA                            0x200007f0   Data           2  usart1.o(.data)
    SysTickRunTime                           0x20000808   Data           4  systick.o(.data)
    USBH_HCD_INT_cb                          0x2000080c   Data          12  usbh_core.o(.data)
    USBH_HCD_INT_fops                        0x20000818   Data           4  usbh_core.o(.data)
    temp_data                                0x20000820   Data          10  main.o(.bss)
    u4RxdBuf                                 0x2000082a   Data         100  main.o(.bss)
    u4TxdBuf                                 0x2000088e   Data          10  main.o(.bss)
    USB_Host                                 0x200008a4   Data         148  main.o(.bss)
    USB_OTG_Core                             0x20000938   Data        1452  main.o(.bss)
    myfs                                     0x20000ee4   Data         560  main.o(.bss)
    myfile                                   0x20001114   Data         552  main.o(.bss)
    databuf                                  0x2000133c   Data         512  main.o(.bss)
    CanSendData                              0x2000153c   Data          20  main.o(.bss)
    OilCode                                  0x20001550   Data          10  master.o(.bss)
    u4TxDat                                  0x2000155a   Data          20  master.o(.bss)
    u4RxDat                                  0x2000156e   Data          20  master.o(.bss)
    CamCard                                  0x20001582   Data          10  master.o(.bss)
    FV_Msg                                   0x2000158c   Data         504  master.o(.bss)
    PKQ_Msg                                  0x20001784   Data         504  master.o(.bss)
    bufMdBuf                                 0x2000197c   Data        1400  master.o(.bss)
    u4Buf                                    0x20001ef4   Data         100  master.o(.bss)
    u2RxdBuf                                 0x20001f58   Data          20  master.o(.bss)
    datMod2Buf                               0x20001f6c   Data         200  master.o(.bss)
    u3RxdBuf                                 0x20002034   Data          20  master.o(.bss)
    datMod3Buf                               0x20002048   Data         200  master.o(.bss)
    mbDat                                    0x20002110   Data         400  master.o(.bss)
    Txd2Buf                                  0x200022a0   Data         100  master.o(.bss)
    Txd3Buf                                  0x20002304   Data         100  master.o(.bss)
    Rxd2Buf                                  0x20002368   Data          30  master.o(.bss)
    u2MbBuf                                  0x20002386   Data         100  master.o(.bss)
    Rxd3Buf                                  0x200023ea   Data          30  master.o(.bss)
    u3MbBuf                                  0x20002408   Data         100  master.o(.bss)
    Rxd4Buf                                  0x2000246c   Data          30  master.o(.bss)
    u4MbBuf                                  0x2000248a   Data         100  master.o(.bss)
    ftaDi                                    0x200024ee   Data          12  master.o(.bss)
    u3TxDat                                  0x200024fa   Data          50  master.o(.bss)
    GKY_TxMsg                                0x2000252c   Data          14  can.o(.bss)
    iCAN_RxMsg                               0x2000253c   Data          14  global.o(.bss)
    iCAN_TxMsg                               0x2000254a   Data          14  global.o(.bss)
    rtCAN_TxMsg                              0x20002558   Data         140  global.o(.bss)
    lstCAN_TxMsg                             0x200025e4   Data         140  global.o(.bss)
    bufCAN_RxMsg                             0x20002670   Data        1400  global.o(.bss)
    datCAN_RxMsg                             0x20002be8   Data        1400  global.o(.bss)
    bufCanData                               0x20003160   Data        2520  global.o(.bss)
    CanData                                  0x20003b38   Data        5280  global.o(.bss)
    MB                                       0x20004fd8   Data        9600  global.o(.bss)
    rdCanBuf                                 0x20007558   Data         200  global.o(.bss)
    wrCanBuf                                 0x20007620   Data         200  global.o(.bss)
    tSqlBuf                                  0x200076e8   Data          10  global.o(.bss)
    PendCarId                                0x200076f2   Data           9  global.o(.bss)
    CarId                                    0x200076fb   Data           9  global.o(.bss)
    LeadId                                   0x20007704   Data           9  global.o(.bss)
    mbdata                                   0x20007710   Data         800  global.o(.bss)
    mbBuf                                    0x20007a30   Data         800  global.o(.bss)
    WarnOnOff                                0x20007d50   Data          11  global.o(.bss)
    tmpConfWarn                              0x20007d5b   Data          11  global.o(.bss)
    EepWrBuf                                 0x20007d66   Data         200  global.o(.bss)
    EepRdBuf                                 0x20007e2e   Data         200  global.o(.bss)
    CanRxdBuf                                0x20007ef6   Data         100  global.o(.bss)
    AD_Value                                 0x20007f5a   Data          20  global.o(.bss)
    NewPendBuf                               0x20007f6e   Data          30  global.o(.bss)
    PendBuf                                  0x20007f8c   Data         250  global.o(.bss)
    NewPendAscBuf                            0x20008086   Data           9  global.o(.bss)
    DelPendBuf                               0x2000808f   Data          10  global.o(.bss)
    SavOilId                                 0x20008099   Data          15  global.o(.bss)
    u5RxdBuf                                 0x200080a8   Data         200  global.o(.bss)
    SavFyDatMin                              0x20008170   Data          64  global.o(.bss)
    tmpSavFy                                 0x200081b0   Data          64  global.o(.bss)
    tSavFyDat                                0x200081f0   Data          32  global.o(.bss)
    tmpDateTime                              0x20008210   Data          12  global.o(.bss)
    SavFy                                    0x2000821c   Data          64  global.o(.bss)
    NewLstBuf                                0x2000825c   Data          80  global.o(.bss)
    LstFyBuf                                 0x200082ac   Data          80  global.o(.bss)
    flgAlert                                 0x200082fc   Data          11  global.o(.bss)
    pkqDat                                   0x20008307   Data        4560  global.o(.bss)
    chrLeadId                                0x200094d7   Data          18  global.o(.bss)
    chrCarId                                 0x200094e9   Data          18  global.o(.bss)
    chrYFL                                   0x200094fb   Data          18  global.o(.bss)
    chrOilId                                 0x2000950d   Data          18  global.o(.bss)
    lstSFL                                   0x2000951f   Data          12  global.o(.bss)
    mdRxdBuf                                 0x2000952b   Data          50  global.o(.bss)
    Fy2CanLst                                0x2000955d   Data         100  global.o(.bss)
    TcpServer_WriteDataBuf                   0x200095c4   Data         512  modbus_tcp.o(.bss)
    TcpServer_ReadDataBuf                    0x200097c4   Data         512  modbus_tcp.o(.bss)
    mb_send_buffer                           0x200099c4   Data         256  modbus_tcp.o(.bss)
    mb_check                                 0x20009ac4   Data         112  transaction.o(.bss)
    USART1_RX_BUF                            0x20009b34   Data         128  usart1.o(.bss)
    USART1_TX_BUF                            0x20009bb4   Data         128  usart1.o(.bss)
    __libspace_start                         0x20009c64   Data          96  libspace.o(.bss)
    __temporary_stack_top$libspace           0x20009cc4   Data           0  libspace.o(.bss)



==============================================================================

Memory Map of the image

  Image Entry point : 0x08000189

  Load Region LR_IROM1 (Base: 0x08000000, Size: 0x00007104, Max: 0x00080000, ABSOLUTE, COMPRESSED[0x00006b74])

    Execution Region ER_IROM1 (Base: 0x08000000, Size: 0x000068e4, Max: 0x00080000, ABSOLUTE)

    Base Addr    Size         Type   Attr      Idx    E Section Name        Object

    0x08000000   0x00000188   Data   RO         1680    RESET               startup_stm32f40_41xxx.o
    0x08000188   0x00000008   Code   RO         8548  * !!!main             c_w.l(__main.o)
    0x08000190   0x00000034   Code   RO         8988    !!!scatter          c_w.l(__scatter.o)
    0x080001c4   0x00000064   Code   RO         8986    !!dclz77c           c_w.l(__dclz77c.o)
    0x08000228   0x0000001c   Code   RO         8990    !!handler_zi        c_w.l(__scatter_zi.o)
    0x08000244   0x00000000   Code   RO         8529    .ARM.Collect$$_printf_percent$$00000000  c_w.l(_printf_percent.o)
    0x08000244   0x00000006   Code   RO         8658    .ARM.Collect$$_printf_percent$$00000001  c_w.l(_printf_n.o)
    0x0800024a   0x00000006   Code   RO         8660    .ARM.Collect$$_printf_percent$$00000002  c_w.l(_printf_p.o)
    0x08000250   0x00000006   Code   RO         8664    .ARM.Collect$$_printf_percent$$00000003  c_w.l(_printf_f.o)
    0x08000256   0x00000006   Code   RO         8665    .ARM.Collect$$_printf_percent$$00000004  c_w.l(_printf_e.o)
    0x0800025c   0x00000006   Code   RO         8666    .ARM.Collect$$_printf_percent$$00000005  c_w.l(_printf_g.o)
    0x08000262   0x00000006   Code   RO         8667    .ARM.Collect$$_printf_percent$$00000006  c_w.l(_printf_a.o)
    0x08000268   0x0000000a   Code   RO         8672    .ARM.Collect$$_printf_percent$$00000007  c_w.l(_printf_ll.o)
    0x08000272   0x00000006   Code   RO         8528    .ARM.Collect$$_printf_percent$$00000008  c_w.l(_printf_i.o)
    0x08000278   0x00000006   Code   RO         8662    .ARM.Collect$$_printf_percent$$00000009  c_w.l(_printf_d.o)
    0x0800027e   0x00000006   Code   RO         8663    .ARM.Collect$$_printf_percent$$0000000A  c_w.l(_printf_u.o)
    0x08000284   0x00000006   Code   RO         8661    .ARM.Collect$$_printf_percent$$0000000B  c_w.l(_printf_o.o)
    0x0800028a   0x00000006   Code   RO         8659    .ARM.Collect$$_printf_percent$$0000000C  c_w.l(_printf_x.o)
    0x08000290   0x00000006   Code   RO         8669    .ARM.Collect$$_printf_percent$$0000000D  c_w.l(_printf_lli.o)
    0x08000296   0x00000006   Code   RO         8670    .ARM.Collect$$_printf_percent$$0000000E  c_w.l(_printf_lld.o)
    0x0800029c   0x00000006   Code   RO         8671    .ARM.Collect$$_printf_percent$$0000000F  c_w.l(_printf_llu.o)
    0x080002a2   0x00000006   Code   RO         8676    .ARM.Collect$$_printf_percent$$00000010  c_w.l(_printf_llo.o)
    0x080002a8   0x00000006   Code   RO         8677    .ARM.Collect$$_printf_percent$$00000011  c_w.l(_printf_llx.o)
    0x080002ae   0x0000000a   Code   RO         8673    .ARM.Collect$$_printf_percent$$00000012  c_w.l(_printf_l.o)
    0x080002b8   0x00000006   Code   RO         8657    .ARM.Collect$$_printf_percent$$00000013  c_w.l(_printf_c.o)
    0x080002be   0x00000006   Code   RO         8527    .ARM.Collect$$_printf_percent$$00000014  c_w.l(_printf_s.o)
    0x080002c4   0x00000006   Code   RO         8674    .ARM.Collect$$_printf_percent$$00000015  c_w.l(_printf_lc.o)
    0x080002ca   0x00000006   Code   RO         8675    .ARM.Collect$$_printf_percent$$00000016  c_w.l(_printf_ls.o)
    0x080002d0   0x00000004   Code   RO         8668    .ARM.Collect$$_printf_percent$$00000017  c_w.l(_printf_percent_end.o)
    0x080002d4   0x00000002   Code   RO         8852    .ARM.Collect$$libinit$$00000000  c_w.l(libinit.o)
    0x080002d6   0x00000004   Code   RO         8862    .ARM.Collect$$libinit$$00000001  c_w.l(libinit2.o)
    0x080002da   0x00000000   Code   RO         8865    .ARM.Collect$$libinit$$00000004  c_w.l(libinit2.o)
    0x080002da   0x00000000   Code   RO         8868    .ARM.Collect$$libinit$$0000000A  c_w.l(libinit2.o)
    0x080002da   0x00000000   Code   RO         8870    .ARM.Collect$$libinit$$0000000C  c_w.l(libinit2.o)
    0x080002da   0x00000000   Code   RO         8872    .ARM.Collect$$libinit$$0000000E  c_w.l(libinit2.o)
    0x080002da   0x00000006   Code   RO         8873    .ARM.Collect$$libinit$$0000000F  c_w.l(libinit2.o)
    0x080002e0   0x00000000   Code   RO         8875    .ARM.Collect$$libinit$$00000011  c_w.l(libinit2.o)
    0x080002e0   0x0000000c   Code   RO         8876    .ARM.Collect$$libinit$$00000012  c_w.l(libinit2.o)
    0x080002ec   0x00000000   Code   RO         8877    .ARM.Collect$$libinit$$00000013  c_w.l(libinit2.o)
    0x080002ec   0x00000000   Code   RO         8879    .ARM.Collect$$libinit$$00000015  c_w.l(libinit2.o)
    0x080002ec   0x0000000a   Code   RO         8880    .ARM.Collect$$libinit$$00000016  c_w.l(libinit2.o)
    0x080002f6   0x00000000   Code   RO         8881    .ARM.Collect$$libinit$$00000017  c_w.l(libinit2.o)
    0x080002f6   0x00000000   Code   RO         8883    .ARM.Collect$$libinit$$00000019  c_w.l(libinit2.o)
    0x080002f6   0x00000000   Code   RO         8885    .ARM.Collect$$libinit$$0000001B  c_w.l(libinit2.o)
    0x080002f6   0x00000000   Code   RO         8887    .ARM.Collect$$libinit$$0000001D  c_w.l(libinit2.o)
    0x080002f6   0x00000000   Code   RO         8889    .ARM.Collect$$libinit$$0000001F  c_w.l(libinit2.o)
    0x080002f6   0x00000000   Code   RO         8891    .ARM.Collect$$libinit$$00000021  c_w.l(libinit2.o)
    0x080002f6   0x00000000   Code   RO         8893    .ARM.Collect$$libinit$$00000023  c_w.l(libinit2.o)
    0x080002f6   0x00000000   Code   RO         8895    .ARM.Collect$$libinit$$00000025  c_w.l(libinit2.o)
    0x080002f6   0x00000000   Code   RO         8899    .ARM.Collect$$libinit$$0000002C  c_w.l(libinit2.o)
    0x080002f6   0x00000000   Code   RO         8901    .ARM.Collect$$libinit$$0000002E  c_w.l(libinit2.o)
    0x080002f6   0x00000000   Code   RO         8903    .ARM.Collect$$libinit$$00000030  c_w.l(libinit2.o)
    0x080002f6   0x00000000   Code   RO         8905    .ARM.Collect$$libinit$$00000032  c_w.l(libinit2.o)
    0x080002f6   0x00000002   Code   RO         8906    .ARM.Collect$$libinit$$00000033  c_w.l(libinit2.o)
    0x080002f8   0x00000002   Code   RO         8928    .ARM.Collect$$libshutdown$$00000000  c_w.l(libshutdown.o)
    0x080002fa   0x00000000   Code   RO         8938    .ARM.Collect$$libshutdown$$00000002  c_w.l(libshutdown2.o)
    0x080002fa   0x00000000   Code   RO         8940    .ARM.Collect$$libshutdown$$00000004  c_w.l(libshutdown2.o)
    0x080002fa   0x00000000   Code   RO         8943    .ARM.Collect$$libshutdown$$00000007  c_w.l(libshutdown2.o)
    0x080002fa   0x00000000   Code   RO         8946    .ARM.Collect$$libshutdown$$0000000A  c_w.l(libshutdown2.o)
    0x080002fa   0x00000000   Code   RO         8948    .ARM.Collect$$libshutdown$$0000000C  c_w.l(libshutdown2.o)
    0x080002fa   0x00000000   Code   RO         8951    .ARM.Collect$$libshutdown$$0000000F  c_w.l(libshutdown2.o)
    0x080002fa   0x00000002   Code   RO         8952    .ARM.Collect$$libshutdown$$00000010  c_w.l(libshutdown2.o)
    0x080002fc   0x00000000   Code   RO         8610    .ARM.Collect$$rtentry$$00000000  c_w.l(__rtentry.o)
    0x080002fc   0x00000000   Code   RO         8730    .ARM.Collect$$rtentry$$00000002  c_w.l(__rtentry2.o)
    0x080002fc   0x00000006   Code   RO         8742    .ARM.Collect$$rtentry$$00000004  c_w.l(__rtentry4.o)
    0x08000302   0x00000000   Code   RO         8732    .ARM.Collect$$rtentry$$00000009  c_w.l(__rtentry2.o)
    0x08000302   0x00000004   Code   RO         8733    .ARM.Collect$$rtentry$$0000000A  c_w.l(__rtentry2.o)
    0x08000306   0x00000000   Code   RO         8735    .ARM.Collect$$rtentry$$0000000C  c_w.l(__rtentry2.o)
    0x08000306   0x00000008   Code   RO         8736    .ARM.Collect$$rtentry$$0000000D  c_w.l(__rtentry2.o)
    0x0800030e   0x00000002   Code   RO         8857    .ARM.Collect$$rtexit$$00000000  c_w.l(rtexit.o)
    0x08000310   0x00000000   Code   RO         8910    .ARM.Collect$$rtexit$$00000002  c_w.l(rtexit2.o)
    0x08000310   0x00000004   Code   RO         8911    .ARM.Collect$$rtexit$$00000003  c_w.l(rtexit2.o)
    0x08000314   0x00000006   Code   RO         8912    .ARM.Collect$$rtexit$$00000004  c_w.l(rtexit2.o)
    0x0800031a   0x00000002   PAD
    0x0800031c   0x00000040   Code   RO         1681    .text               startup_stm32f40_41xxx.o
    0x0800035c   0x00000002   Code   RO         8491    .text               c_w.l(use_no_semi_2.o)
    0x0800035e   0x00000002   PAD
    0x08000360   0x00000024   Code   RO         8493    .text               c_w.l(vsprintf.o)
    0x08000384   0x0000002c   Code   RO         8495    .text               c_w.l(__2sprintf.o)
    0x080003b0   0x0000004e   Code   RO         8501    .text               c_w.l(_printf_pad.o)
    0x080003fe   0x00000052   Code   RO         8503    .text               c_w.l(_printf_str.o)
    0x08000450   0x00000078   Code   RO         8505    .text               c_w.l(_printf_dec.o)
    0x080004c8   0x00000188   Code   RO         8524    .text               c_w.l(__printf_flags_ss_wp.o)
    0x08000650   0x00000024   Code   RO         8530    .text               c_w.l(strstr.o)
    0x08000674   0x0000003e   Code   RO         8534    .text               c_w.l(strlen.o)
    0x080006b2   0x0000004e   Code   RO         8542    .text               c_w.l(rt_memclr_w.o)
    0x08000700   0x00000080   Code   RO         8544    .text               c_w.l(strcmpv7m.o)
    0x08000780   0x00000006   Code   RO         8546    .text               c_w.l(heapauxi.o)
    0x08000786   0x00000002   Code   RO         8608    .text               c_w.l(use_no_semi.o)
    0x08000788   0x00000024   Code   RO         8613    .text               c_w.l(_printf_truncate.o)
    0x080007ac   0x000000b2   Code   RO         8615    .text               c_w.l(_printf_intcommon.o)
    0x0800085e   0x00000028   Code   RO         8617    .text               c_w.l(_printf_charcount.o)
    0x08000886   0x00000002   PAD
    0x08000888   0x00000030   Code   RO         8619    .text               c_w.l(_printf_char_common.o)
    0x080008b8   0x0000000a   Code   RO         8621    .text               c_w.l(_sputc.o)
    0x080008c2   0x0000002c   Code   RO         8623    .text               c_w.l(_printf_char.o)
    0x080008ee   0x00000002   PAD
    0x080008f0   0x000000bc   Code   RO         8625    .text               c_w.l(_printf_wctomb.o)
    0x080009ac   0x0000007c   Code   RO         8628    .text               c_w.l(_printf_longlong_dec.o)
    0x08000a28   0x00000070   Code   RO         8634    .text               c_w.l(_printf_oct_int_ll.o)
    0x08000a98   0x00000094   Code   RO         8654    .text               c_w.l(_printf_hex_int_ll_ptr.o)
    0x08000b2c   0x0000008a   Code   RO         8749    .text               c_w.l(lludiv10.o)
    0x08000bb6   0x0000041a   Code   RO         8751    .text               c_w.l(_printf_fp_dec.o)
    0x08000fd0   0x000002fc   Code   RO         8753    .text               c_w.l(_printf_fp_hex.o)
    0x080012cc   0x0000002c   Code   RO         8758    .text               c_w.l(_printf_wchar.o)
    0x080012f8   0x00000040   Code   RO         8760    .text               c_w.l(_wcrtomb.o)
    0x08001338   0x00000008   Code   RO         8803    .text               c_w.l(libspace.o)
    0x08001340   0x0000004a   Code   RO         8806    .text               c_w.l(sys_stackheap_outer.o)
    0x0800138a   0x00000002   PAD
    0x0800138c   0x00000010   Code   RO         8808    .text               c_w.l(rt_ctype_table.o)
    0x0800139c   0x00000008   Code   RO         8813    .text               c_w.l(rt_locale_intlibspace.o)
    0x080013a4   0x00000080   Code   RO         8815    .text               c_w.l(_printf_fp_infnan.o)
    0x08001424   0x000000dc   Code   RO         8817    .text               c_w.l(bigflt0.o)
    0x08001500   0x00000012   Code   RO         8845    .text               c_w.l(exit.o)
    0x08001512   0x0000003e   Code   RO         8820    CL$$btod_d2e        c_w.l(btod.o)
    0x08001550   0x00000046   Code   RO         8822    CL$$btod_d2e_denorm_low  c_w.l(btod.o)
    0x08001596   0x00000060   Code   RO         8821    CL$$btod_d2e_norm_op1  c_w.l(btod.o)
    0x080015f6   0x00000338   Code   RO         8830    CL$$btod_div_common  c_w.l(btod.o)
    0x0800192e   0x000000c6   Code   RO         8827    CL$$btod_e2e        c_w.l(btod.o)
    0x080019f4   0x00000028   Code   RO         8824    CL$$btod_ediv       c_w.l(btod.o)
    0x08001a1c   0x00000028   Code   RO         8823    CL$$btod_emul       c_w.l(btod.o)
    0x08001a44   0x00000244   Code   RO         8829    CL$$btod_mult_common  c_w.l(btod.o)
    0x08001c88   0x00000004   Code   RO          335    i.BusFault_Handler  stm32f4xx_it.o
    0x08001c8c   0x00000100   Code   RO         1052    i.CAN1_Mode_Init    can.o
    0x08001d8c   0x00000040   Code   RO         1053    i.CAN1_RX0_IRQHandler  can.o
    0x08001dcc   0x00000058   Code   RO         1055    i.CAN1_Send_Msg     can.o
    0x08001e24   0x00000024   Code   RO         1057    i.CAN2_RX0_IRQHandler  can.o
    0x08001e48   0x000001e4   Code   RO         1059    i.CANHardwareConfig  can.o
    0x0800202c   0x00000038   Code   RO         4335    i.CAN_DeInit        stm32f4xx_can.o
    0x08002064   0x00000108   Code   RO         4337    i.CAN_FilterInit    stm32f4xx_can.o
    0x0800216c   0x00000012   Code   RO         4343    i.CAN_ITConfig      stm32f4xx_can.o
    0x0800217e   0x00000114   Code   RO         4344    i.CAN_Init          stm32f4xx_can.o
    0x08002292   0x000000f0   Code   RO         4347    i.CAN_Receive       stm32f4xx_can.o
    0x08002382   0x00000002   PAD
    0x08002384   0x000000a0   Code   RO         4353    i.CAN_TransmitStatus  stm32f4xx_can.o
    0x08002424   0x00000090   Code   RO         1415    i.CheckPay_Status   transaction.o
    0x080024b4   0x00000080   Code   RO         1416    i.Commodity_ReserveCheck  transaction.o
    0x08002534   0x00000002   Code   RO          336    i.DebugMon_Handler  stm32f4xx_it.o
    0x08002536   0x000000a8   Code   RO         6086    i.Dis_Num16         lcd.o
    0x080025de   0x00000002   PAD
    0x080025e0   0x00000168   Code   RO         7948    i.FSMC_Init         linker_fsmc.o
    0x08002748   0x00000034   Code   RO         2230    i.FSMC_NORSRAMCmd   stm32f4xx_fsmc.o
    0x0800277c   0x000000e6   Code   RO         2232    i.FSMC_NORSRAMInit  stm32f4xx_fsmc.o
    0x08002862   0x00000008   Code   RO         7975    i.FSMC_ReadData     linker_fsmc.o
    0x0800286a   0x00000002   PAD
    0x0800286c   0x0000000c   Code   RO         7981    i.FSMC_ReadStatus   linker_fsmc.o
    0x08002878   0x0000000c   Code   RO         7969    i.FSMC_WriteCommand  linker_fsmc.o
    0x08002884   0x00000008   Code   RO         7963    i.FSMC_WriteData    linker_fsmc.o
    0x0800288c   0x00000090   Code   RO         1732    i.GPIO_Init         stm32f4xx_gpio.o
    0x0800291c   0x00000046   Code   RO         1733    i.GPIO_PinAFConfig  stm32f4xx_gpio.o
    0x08002962   0x00000012   Code   RO         1736    i.GPIO_ReadInputDataBit  stm32f4xx_gpio.o
    0x08002974   0x00000004   Code   RO         1739    i.GPIO_ResetBits    stm32f4xx_gpio.o
    0x08002978   0x00000004   Code   RO         1740    i.GPIO_SetBits      stm32f4xx_gpio.o
    0x0800297c   0x00000004   Code   RO          337    i.HardFault_Handler  stm32f4xx_it.o
    0x08002980   0x00000006   Code   RO         1417    i.Key2CDID          transaction.o
    0x08002986   0x00000002   PAD
    0x08002988   0x00000050   Code   RO         1230    i.KeyHardwareConfig  key.o
    0x080029d8   0x00000054   Code   RO         1231    i.KeyRead           key.o
    0x08002a2c   0x0000003e   Code   RO         1418    i.Key_Scan          transaction.o
    0x08002a6a   0x00000024   Code   RO         6099    i.LcdDisplayASCII   lcd.o
    0x08002a8e   0x00000046   Code   RO         6105    i.LcdDrawRectangle  lcd.o
    0x08002ad4   0x0000013c   Code   RO         1420    i.LcdShow_Frame     transaction.o
    0x08002c10   0x000000a8   Code   RO         1421    i.LcdShow_PayComplete  transaction.o
    0x08002cb8   0x000000c4   Code   RO         1422    i.LcdShow_PayOutTime  transaction.o
    0x08002d7c   0x0000001a   Code   RO         1423    i.LcdShow_RestoreFrame  transaction.o
    0x08002d96   0x00000002   PAD
    0x08002d98   0x00000054   Code   RO         1424    i.LcdShow_SystemIdle  transaction.o
    0x08002dec   0x0000018c   Code   RO         1425    i.LcdShow_TransactionInfo  transaction.o
    0x08002f78   0x000000b0   Code   RO         1426    i.LcdShow_TransactionLack  transaction.o
    0x08003028   0x00000104   Code   RO         1427    i.LcdShow_WaitPay   transaction.o
    0x0800312c   0x00000004   Code   RO          338    i.MemManage_Handler  stm32f4xx_it.o
    0x08003130   0x00000002   Code   RO          339    i.NMI_Handler       stm32f4xx_it.o
    0x08003132   0x00000002   PAD
    0x08003134   0x00000078   Code   RO         1687    i.NVIC_Init         misc.o
    0x080031ac   0x00000014   Code   RO         1688    i.NVIC_PriorityGroupConfig  misc.o
    0x080031c0   0x0000004c   Code   RO         1428    i.NoticeDevice_Action  transaction.o
    0x0800320c   0x00000010   Code   RO         5768    i.OTG_FS_IRQHandler  usbh_usr.o
    0x0800321c   0x00000018   Code   RO         1429    i.Part_Init         transaction.o
    0x08003234   0x00000002   Code   RO          340    i.PendSV_Handler    stm32f4xx_it.o
    0x08003236   0x00000002   PAD
    0x08003238   0x00000068   Code   RO         1430    i.PushBuy_Request   transaction.o
    0x080032a0   0x0000003a   Code   RO         6388    i.RA8875_PLL_Init   ra8875.o
    0x080032da   0x00000002   PAD
    0x080032dc   0x00000020   Code   RO         1829    i.RCC_AHB1PeriphClockCmd  stm32f4xx_rcc.o
    0x080032fc   0x00000020   Code   RO         1835    i.RCC_AHB3PeriphClockCmd  stm32f4xx_rcc.o
    0x0800331c   0x00000020   Code   RO         1838    i.RCC_APB1PeriphClockCmd  stm32f4xx_rcc.o
    0x0800333c   0x00000020   Code   RO         1840    i.RCC_APB1PeriphResetCmd  stm32f4xx_rcc.o
    0x0800335c   0x000000e8   Code   RO         1850    i.RCC_GetClocksFreq  stm32f4xx_rcc.o
    0x08003444   0x0000000c   Code   RO         1431    i.ResetDevice2InitSellMode  transaction.o
    0x08003450   0x00000002   Code   RO          341    i.SVC_Handler       stm32f4xx_it.o
    0x08003452   0x00000002   PAD
    0x08003454   0x000000ec   Code   RO          442    i.SetSysClock       system_stm32f4xx.o
    0x08003540   0x00000028   Code   RO         1691    i.SysTick_CLKSourceConfig  misc.o
    0x08003568   0x00000058   Code   RO         3503    i.SysTick_Handler   systick.o
    0x080035c0   0x00000068   Code   RO          444    i.SystemInit        system_stm32f4xx.o
    0x08003628   0x00000014   Code   RO         1351    i.TIM2_IRQHandler   timer.o
    0x0800363c   0x0000003c   Code   RO          342    i.TIM4_IRQHandler   stm32f4xx_it.o
    0x08003678   0x00000054   Code   RO         1395    i.TIM4_Int_Init     timer4_usart.o
    0x080036cc   0x00000018   Code   RO         1354    i.TIM5_IRQHandler   timer.o
    0x080036e4   0x00000006   Code   RO         3592    i.TIM_ClearITPendingBit  stm32f4xx_tim.o
    0x080036ea   0x00000018   Code   RO         3597    i.TIM_Cmd           stm32f4xx_tim.o
    0x08003702   0x00000022   Code   RO         3618    i.TIM_GetITStatus   stm32f4xx_tim.o
    0x08003724   0x00000012   Code   RO         3622    i.TIM_ITConfig      stm32f4xx_tim.o
    0x08003736   0x00000004   Code   RO         3663    i.TIM_SetCounter    stm32f4xx_tim.o
    0x0800373a   0x00000002   PAD
    0x0800373c   0x00000084   Code   RO         3669    i.TIM_TimeBaseInit  stm32f4xx_tim.o
    0x080037c0   0x000000bc   Code   RO         1432    i.Transaction_Process  transaction.o
    0x0800387c   0x00000188   Code   RO          905    i.UART4_IRQHandler  master.o
    0x08003a04   0x000000f0   Code   RO          907    i.UART5_IRQHandler  master.o
    0x08003af4   0x00000026   Code   RO         5975    i.UI_Fill           bl_ui.o
    0x08003b1a   0x00000020   Code   RO         5976    i.UI_Init           bl_ui.o
    0x08003b3a   0x00000002   PAD
    0x08003b3c   0x00000064   Code   RO          343    i.USART2_IRQHandler  stm32f4xx_it.o
    0x08003ba0   0x00000180   Code   RO          908    i.USART3_IRQHandler  master.o
    0x08003d20   0x00000012   Code   RO         4143    i.USART_ClearFlag   stm32f4xx_usart.o
    0x08003d32   0x0000001e   Code   RO         4144    i.USART_ClearITPendingBit  stm32f4xx_usart.o
    0x08003d50   0x00000018   Code   RO         4147    i.USART_Cmd         stm32f4xx_usart.o
    0x08003d68   0x0000001a   Code   RO         4150    i.USART_GetFlagStatus  stm32f4xx_usart.o
    0x08003d82   0x00000054   Code   RO         4151    i.USART_GetITStatus  stm32f4xx_usart.o
    0x08003dd6   0x0000004a   Code   RO         4153    i.USART_ITConfig    stm32f4xx_usart.o
    0x08003e20   0x000000d4   Code   RO         4154    i.USART_Init        stm32f4xx_usart.o
    0x08003ef4   0x0000000a   Code   RO         4161    i.USART_ReceiveData  stm32f4xx_usart.o
    0x08003efe   0x00000008   Code   RO         4164    i.USART_SendData    stm32f4xx_usart.o
    0x08003f06   0x0000003e   Code   RO         1559    i.USART_SendStr     usart1.o
    0x08003f44   0x0000000c   Code   RO         5252    i.USBH_Connected    usbh_core.o
    0x08003f50   0x0000000c   Code   RO         5254    i.USBH_Disconnected  usbh_core.o
    0x08003f5c   0x000000a8   Code   RO         5182    i.USBH_OTG_ISR_Handler  usb_hcd_int.o
    0x08004004   0x00000006   Code   RO         5260    i.USBH_SOF          usbh_core.o
    0x0800400a   0x0000000c   Code   RO         5717    i.USB_OTG_BSP_mDelay  usb_bsp.o
    0x08004016   0x0000000c   Code   RO         4932    i.USB_OTG_GetMode   usb_core.o
    0x08004022   0x0000005a   Code   RO         4933    i.USB_OTG_HC_DoPing  usb_core.o
    0x0800407c   0x00000082   Code   RO         4934    i.USB_OTG_HC_Halt   usb_core.o
    0x080040fe   0x00000018   Code   RO         4937    i.USB_OTG_InitFSLSPClkSel  usb_core.o
    0x08004116   0x00000014   Code   RO         4940    i.USB_OTG_IsHostMode  usb_core.o
    0x0800412a   0x00000010   Code   RO         4941    i.USB_OTG_ReadCoreItr  usb_core.o
    0x0800413a   0x00000030   Code   RO         4942    i.USB_OTG_ReadHPRT0  usb_core.o
    0x0800416a   0x00000008   Code   RO         4943    i.USB_OTG_ReadHostAllChannels_intr  usb_core.o
    0x08004172   0x00000028   Code   RO         4945    i.USB_OTG_ReadPacket  usb_core.o
    0x0800419a   0x00000040   Code   RO         4946    i.USB_OTG_ResetPort  usb_core.o
    0x080041da   0x00000002   PAD
    0x080041dc   0x0000002c   Code   RO         5183    i.USB_OTG_USBH_handle_Disconnect_ISR  usb_hcd_int.o
    0x08004208   0x00000046   Code   RO         5184    i.USB_OTG_USBH_handle_IncompletePeriodicXfer_ISR  usb_hcd_int.o
    0x0800424e   0x00000056   Code   RO         5185    i.USB_OTG_USBH_handle_hc_ISR  usb_hcd_int.o
    0x080042a4   0x0000042a   Code   RO         5186    i.USB_OTG_USBH_handle_hc_n_In_ISR  usb_hcd_int.o
    0x080046ce   0x000003d0   Code   RO         5187    i.USB_OTG_USBH_handle_hc_n_Out_ISR  usb_hcd_int.o
    0x08004a9e   0x0000012e   Code   RO         5188    i.USB_OTG_USBH_handle_nptxfempty_ISR  usb_hcd_int.o
    0x08004bcc   0x00000120   Code   RO         5189    i.USB_OTG_USBH_handle_port_ISR  usb_hcd_int.o
    0x08004cec   0x0000012e   Code   RO         5190    i.USB_OTG_USBH_handle_ptxfempty_ISR  usb_hcd_int.o
    0x08004e1a   0x00000164   Code   RO         5191    i.USB_OTG_USBH_handle_rx_qlvl_ISR  usb_hcd_int.o
    0x08004f7e   0x00000002   PAD
    0x08004f80   0x0000002c   Code   RO         5192    i.USB_OTG_USBH_handle_sof_ISR  usb_hcd_int.o
    0x08004fac   0x00000040   Code   RO         4950    i.USB_OTG_WritePacket  usb_core.o
    0x08004fec   0x00000004   Code   RO          344    i.UsageFault_Handler  stm32f4xx_it.o
    0x08004ff0   0x000000c8   Code   RO         1560    i.Usart_Init        usart1.o
    0x080050b8   0x00000030   Code   RO         8786    i.__ARM_fpclassify  m_wm.l(fpclassify.o)
    0x080050e8   0x0000000e   Code   RO         8517    i._is_digit         c_w.l(__printf_wp.o)
    0x080050f6   0x00000004   Code   RO         1561    i._sys_exit         usart1.o
    0x080050fa   0x00000002   PAD
    0x080050fc   0x0000003c   Code   RO         1622    i.delay_init        delay.o
    0x08005138   0x00000038   Code   RO         1623    i.delay_ms          delay.o
    0x08005170   0x0000004c   Code   RO         1625    i.delay_xms         delay.o
    0x080051bc   0x000000bc   Code   RO         1070    i.iCAN_rdMsg        can.o
    0x08005278   0x000000bc   Code   RO         1071    i.iCAN_wrMsg        can.o
    0x08005334   0x00000074   Code   RO         6111    i.lcdBacklightAdjust  lcd.o
    0x080053a8   0x0000001c   Code   RO         6112    i.lcdDrawPixel      lcd.o
    0x080053c4   0x00000008   Code   RO         6113    i.lcdInit           lcd.o
    0x080053cc   0x0000005c   Code   RO         6116    i.lcd_text24        lcd.o
    0x08005428   0x000000b4   Code   RO            8    i.main              main.o
    0x080054dc   0x00000188   Code   RO         1260    i.modbus_send_cmd   modbus_tcp.o
    0x08005664   0x0000001e   Code   RO         6404    i.prvDelay1ms       ra8875.o
    0x08005682   0x0000001a   Code   RO         6405    i.prvMemoryBusy     ra8875.o
    0x0800569c   0x0000000c   Code   RO         6407    i.prvRACmdWrite     ra8875.o
    0x080056a8   0x00000008   Code   RO         6408    i.prvRADataRead     ra8875.o
    0x080056b0   0x0000000c   Code   RO         6409    i.prvRADataWrite    ra8875.o
    0x080056bc   0x0000000a   Code   RO         6410    i.prvRAStatusRead   ra8875.o
    0x080056c6   0x00000070   Code   RO         6411    i.raActiveWindow    ra8875.o
    0x08005736   0x0000002e   Code   RO         6412    i.raBTEBackgroundColor  ra8875.o
    0x08005764   0x0000002e   Code   RO         6417    i.raBTEForegroundColor  ra8875.o
    0x08005792   0x00000022   Code   RO         6427    i.raDispalyOnOff    ra8875.o
    0x080057b4   0x00000064   Code   RO         6428    i.raDisplayASCII    ra8875.o
    0x08005818   0x00000028   Code   RO         6430    i.raDisplayString   ra8875.o
    0x08005840   0x0000001a   Code   RO         6436    i.raDrawPixel       ra8875.o
    0x0800585a   0x000000a0   Code   RO         6437    i.raDrawRectangle   ra8875.o
    0x080058fa   0x0000001e   Code   RO         6440    i.raFontArial       ra8875.o
    0x08005918   0x0000001a   Code   RO         6445    i.raFontCodeGB2312  ra8875.o
    0x08005932   0x0000001a   Code   RO         6451    i.raFontControlCGROMFont  ra8875.o
    0x0800594c   0x0000001a   Code   RO         6452    i.raFontControlExternalCGROM  ra8875.o
    0x08005966   0x0000001a   Code   RO         6457    i.raFontControlInternalCGROM  ra8875.o
    0x08005980   0x0000001e   Code   RO         6467    i.raFontSize24x24_12x24  ra8875.o
    0x0800599e   0x0000001a   Code   RO         6475    i.raFontWithBackgroundColor  ra8875.o
    0x080059b8   0x0000001a   Code   RO         6476    i.raFontWithBackgroundTransparency  ra8875.o
    0x080059d2   0x00000038   Code   RO         6477    i.raFontWriteCoordinate  ra8875.o
    0x08005a0a   0x0000001e   Code   RO         6482    i.raGTSROMGT23L32S4W  ra8875.o
    0x08005a28   0x0000001a   Code   RO         6496    i.raGraphicMode     ra8875.o
    0x08005a42   0x00000002   PAD
    0x08005a44   0x00000074   Code   RO         6507    i.raHardwareConfig  ra8875.o
    0x08005ab8   0x00000168   Code   RO         6508    i.raInit            ra8875.o
    0x08005c20   0x0000001a   Code   RO         6517    i.raMCU16bitInterface  ra8875.o
    0x08005c3a   0x00000002   PAD
    0x08005c3c   0x00000018   Code   RO         6519    i.raMemoryBusy      ra8875.o
    0x08005c54   0x00000014   Code   RO         6520    i.raMemoryClearActiveWindow  ra8875.o
    0x08005c68   0x00000014   Code   RO         6522    i.raMemoryClearStart  ra8875.o
    0x08005c7c   0x00000038   Code   RO         6527    i.raMemoryWriteCoordinate  ra8875.o
    0x08005cb4   0x0000001a   Code   RO         6530    i.raPCLKFallingEdgeSampling  ra8875.o
    0x08005cce   0x00000022   Code   RO         6533    i.raPWM1ClockDiv    ra8875.o
    0x08005cf0   0x00000012   Code   RO         6535    i.raPWM1DutyCycle   ra8875.o
    0x08005d02   0x0000001a   Code   RO         6536    i.raPWM1Enable      ra8875.o
    0x08005d1c   0x0000001a   Code   RO         6538    i.raPWM1RetainLowWhenDisabled  ra8875.o
    0x08005d36   0x0000001a   Code   RO         6539    i.raPWM1_fnuction_sel  ra8875.o
    0x08005d50   0x0000001a   Code   RO         6563    i.raSerialROMSelect0  ra8875.o
    0x08005d6a   0x00000024   Code   RO         6569    i.raSetColor65K     ra8875.o
    0x08005d8e   0x00000012   Code   RO         6572    i.raSromClkDiv      ra8875.o
    0x08005da0   0x0000001a   Code   RO         6580    i.raTextMode        ra8875.o
    0x08005dba   0x00000014   Code   RO         6586    i.raWriteCmdAndData  ra8875.o
    0x08005dce   0x00000002   PAD
    0x08005dd0   0x00000080   Code   RO         1261    i.recv_modbus_response  modbus_tcp.o
    0x08005e50   0x00000034   Code   RO         1300    i.sim900a_check_cmd  sim900a.o
    0x08005e84   0x000003c8   Code   RO         1301    i.sim900a_connect   sim900a.o
    0x0800624c   0x00000040   Code   RO         1302    i.sim900a_init      sim900a.o
    0x0800628c   0x00000058   Code   RO         1303    i.sim900a_reset     sim900a.o
    0x080062e4   0x00000074   Code   RO         1304    i.sim900a_send_cmd  sim900a.o
    0x08006358   0x0000002c   Code   RO         1563    i.u1_printf         usart1.o
    0x08006384   0x0000002c   Code   RO         8843    locale$$code        c_w.l(lc_numeric_c.o)
    0x080063b0   0x0000002c   Code   RO         8860    locale$$code        c_w.l(lc_ctype_c.o)
    0x080063dc   0x00000062   Code   RO         8550    x$fpl$d2f           fz_wm.l(d2f.o)
    0x0800643e   0x00000026   Code   RO         8572    x$fpl$dfltu         fz_wm.l(dflt_clz.o)
    0x08006464   0x00000154   Code   RO         8584    x$fpl$dmul          fz_wm.l(dmul.o)
    0x080065b8   0x0000009c   Code   RO         8680    x$fpl$dnaninf       fz_wm.l(dnaninf.o)
    0x08006654   0x0000000c   Code   RO         8682    x$fpl$dretinf       fz_wm.l(dretinf.o)
    0x08006660   0x0000000a   Code   RO         8918    x$fpl$fpinit        fz_wm.l(fpinit.o)
    0x0800666a   0x0000000a   Code   RO         8686    x$fpl$fretinf       fz_wm.l(fretinf.o)
    0x08006674   0x00000004   Code   RO         8690    x$fpl$printf1       fz_wm.l(printf1.o)
    0x08006678   0x00000004   Code   RO         8692    x$fpl$printf2       fz_wm.l(printf2.o)
    0x0800667c   0x00000000   Code   RO         8698    x$fpl$usenofp       fz_wm.l(usenofp.o)
    0x0800667c   0x00000011   Data   RO         8525    .constdata          c_w.l(__printf_flags_ss_wp.o)
    0x0800668d   0x00000003   PAD
    0x08006690   0x00000008   Data   RO         8626    .constdata          c_w.l(_printf_wctomb.o)
    0x08006698   0x00000028   Data   RO         8655    .constdata          c_w.l(_printf_hex_int_ll_ptr.o)
    0x080066c0   0x00000026   Data   RO         8754    .constdata          c_w.l(_printf_fp_hex.o)
    0x080066e6   0x00000002   PAD
    0x080066e8   0x00000094   Data   RO         8818    .constdata          c_w.l(bigflt0.o)
    0x0800677c   0x0000001a   Data   RO           11    .conststring        main.o
    0x08006796   0x00000002   PAD
    0x08006798   0x00000020   Data   RO         8984    Region$$Table       anon$$obj.o
    0x080067b8   0x0000001c   Data   RO         8842    locale$$data        c_w.l(lc_numeric_c.o)
    0x080067d4   0x00000110   Data   RO         8859    locale$$data        c_w.l(lc_ctype_c.o)


    Execution Region RW_IRAM1 (Base: 0x20000000, Size: 0x0000a2c8, Max: 0x00020000, ABSOLUTE, COMPRESSED[0x00000290])

    Base Addr    Size         Type   Attr      Idx    E Section Name        Object

    0x20000000   0x0000026e   Data   RW           12    .data               main.o
    0x2000026e   0x00000002   PAD
    0x20000270   0x0000025a   Data   RW          912    .data               master.o
    0x200004ca   0x00000002   PAD
    0x200004cc   0x0000024c   Data   RW         1199    .data               global.o
    0x20000718   0x000000d4   Data   RW         1434    .data               transaction.o
    0x200007ec   0x00000006   Data   RW         1565    .data               usart1.o
    0x200007f2   0x00000004   Data   RW         1626    .data               delay.o
    0x200007f6   0x00000010   Data   RW         1882    .data               stm32f4xx_rcc.o
    0x20000806   0x00000002   PAD
    0x20000808   0x00000004   Data   RW         3513    .data               systick.o
    0x2000080c   0x00000012   Data   RW         5261    .data               usbh_core.o
    0x2000081e   0x00000002   PAD
    0x20000820   0x00000d30   Zero   RW           10    .bss                main.o
    0x20001550   0x00000fdc   Zero   RW          910    .bss                master.o
    0x2000252c   0x0000000e   Zero   RW         1072    .bss                can.o
    0x2000253a   0x00000002   PAD
    0x2000253c   0x00007085   Zero   RW         1198    .bss                global.o
    0x200095c1   0x00000003   PAD
    0x200095c4   0x00000500   Zero   RW         1262    .bss                modbus_tcp.o
    0x20009ac4   0x00000070   Zero   RW         1433    .bss                transaction.o
    0x20009b34   0x00000100   Zero   RW         1564    .bss                usart1.o
    0x20009c34   0x00000030   Zero   RW         3512    .bss                systick.o
    0x20009c64   0x00000060   Zero   RW         8804    .bss                c_w.l(libspace.o)
    0x20009cc4   0x00000004   PAD
    0x20009cc8   0x00000200   Zero   RW         1679    HEAP                startup_stm32f40_41xxx.o
    0x20009ec8   0x00000400   Zero   RW         1678    STACK               startup_stm32f40_41xxx.o


==============================================================================

Image component sizes


      Code (inc. data)   RO Data    RW Data    ZI Data      Debug   Object Name

        70          0          0          0          0       1164   bl_ui.o
      1304         70          0          0         14       6971   can.o
       192         12          0          4          0       1944   delay.o
         0          0          0        588      28805       8252   global.o
       164         18          0          0          0       1046   key.o
       518         14          0          0          0       4688   lcd.o
       400         22          0          0          0       2659   linker_fsmc.o
       180         16         26        622       3376     334552   main.o
      1016        104          0        602       4060       6362   master.o
       180         24          0          0          0       2057   misc.o
       520         14          0          0       1280       3483   modbus_tcp.o
      1952         20          0          0          0      24412   ra8875.o
      1288        520          0          0          0       3975   sim900a.o
        64         26        392          0       1536        836   startup_stm32f40_41xxx.o
      1014         34          0          0          0       4971   stm32f4xx_can.o
       282          6          0          0          0       1809   stm32f4xx_fsmc.o
       240          0          0          0          0       3487   stm32f4xx_gpio.o
       184         30          0          0          0     232094   stm32f4xx_it.o
       360         42          0         16          0       5172   stm32f4xx_rcc.o
       218         28          0          0          0       4191   stm32f4xx_tim.o
       486          8          0          0          0       6661   stm32f4xx_usart.o
       340         32          0          0          0       1461   system_stm32f4xx.o
        88         10          0          4         48       1223   systick.o
        44          4          0          0          0        956   timer.o
        84          6          0          0          0        688   timer4_usart.o
      2366        668          0        212        112      12831   transaction.o
       310         16          0          6        256       5029   usart1.o
        12          0          0          0          0        901   usb_bsp.o
       516          0          0          0          0       7979   usb_core.o
      3702         16          0          0          0      10743   usb_hcd_int.o
        30          0          0         18          0       5217   usbh_core.o
        16          6          0          0          0        500   usbh_usr.o

    ----------------------------------------------------------------------
     18174       1766        452       2080      39492     708314   Object Totals
         0          0         32          0          0          0   (incl. Generated)
        34          0          2          8          5          0   (incl. Padding)

    ----------------------------------------------------------------------

      Code (inc. data)   RO Data    RW Data    ZI Data      Debug   Library Member Name

        44          6          0          0          0         84   __2sprintf.o
       100          0          0          0          0          0   __dclz77c.o
         8          0          0          0          0         68   __main.o
       392          4         17          0          0         92   __printf_flags_ss_wp.o
        14          0          0          0          0         68   __printf_wp.o
         0          0          0          0          0          0   __rtentry.o
        12          0          0          0          0          0   __rtentry2.o
         6          0          0          0          0          0   __rtentry4.o
        52          8          0          0          0          0   __scatter.o
        28          0          0          0          0          0   __scatter_zi.o
         6          0          0          0          0          0   _printf_a.o
         6          0          0          0          0          0   _printf_c.o
        44          0          0          0          0        108   _printf_char.o
        48          6          0          0          0         96   _printf_char_common.o
        40          0          0          0          0         68   _printf_charcount.o
         6          0          0          0          0          0   _printf_d.o
       120         16          0          0          0         92   _printf_dec.o
         6          0          0          0          0          0   _printf_e.o
         6          0          0          0          0          0   _printf_f.o
      1050          0          0          0          0        216   _printf_fp_dec.o
       764          8         38          0          0        100   _printf_fp_hex.o
       128         16          0          0          0         84   _printf_fp_infnan.o
         6          0          0          0          0          0   _printf_g.o
       148          4         40          0          0        160   _printf_hex_int_ll_ptr.o
         6          0          0          0          0          0   _printf_i.o
       178          0          0          0          0         88   _printf_intcommon.o
        10          0          0          0          0          0   _printf_l.o
         6          0          0          0          0          0   _printf_lc.o
        10          0          0          0          0          0   _printf_ll.o
         6          0          0          0          0          0   _printf_lld.o
         6          0          0          0          0          0   _printf_lli.o
         6          0          0          0          0          0   _printf_llo.o
         6          0          0          0          0          0   _printf_llu.o
         6          0          0          0          0          0   _printf_llx.o
       124         16          0          0          0         92   _printf_longlong_dec.o
         6          0          0          0          0          0   _printf_ls.o
         6          0          0          0          0          0   _printf_n.o
         6          0          0          0          0          0   _printf_o.o
       112         10          0          0          0        124   _printf_oct_int_ll.o
         6          0          0          0          0          0   _printf_p.o
        78          0          0          0          0        108   _printf_pad.o
         0          0          0          0          0          0   _printf_percent.o
         4          0          0          0          0          0   _printf_percent_end.o
         6          0          0          0          0          0   _printf_s.o
        82          0          0          0          0         80   _printf_str.o
        36          0          0          0          0         84   _printf_truncate.o
         6          0          0          0          0          0   _printf_u.o
        44          0          0          0          0        108   _printf_wchar.o
       188          6          8          0          0         92   _printf_wctomb.o
         6          0          0          0          0          0   _printf_x.o
        10          0          0          0          0         68   _sputc.o
        64          0          0          0          0         92   _wcrtomb.o
       220          4        148          0          0         96   bigflt0.o
      1910        128          0          0          0        672   btod.o
        18          0          0          0          0         80   exit.o
         6          0          0          0          0        152   heapauxi.o
        44         10        272          0          0         76   lc_ctype_c.o
        44         10         28          0          0         76   lc_numeric_c.o
         2          0          0          0          0          0   libinit.o
        34          0          0          0          0          0   libinit2.o
         2          0          0          0          0          0   libshutdown.o
         2          0          0          0          0          0   libshutdown2.o
         8          4          0          0         96         68   libspace.o
       138          0          0          0          0         80   lludiv10.o
        16          4          0          0          0         76   rt_ctype_table.o
         8          4          0          0          0         68   rt_locale_intlibspace.o
        78          0          0          0          0         80   rt_memclr_w.o
         2          0          0          0          0          0   rtexit.o
        10          0          0          0          0          0   rtexit2.o
       128          0          0          0          0         68   strcmpv7m.o
        62          0          0          0          0         76   strlen.o
        36          0          0          0          0         80   strstr.o
        74          0          0          0          0         80   sys_stackheap_outer.o
         2          0          0          0          0         68   use_no_semi.o
         2          0          0          0          0         68   use_no_semi_2.o
        36          4          0          0          0         76   vsprintf.o
        98          4          0          0          0        140   d2f.o
        38          0          0          0          0        116   dflt_clz.o
       340         12          0          0          0        152   dmul.o
       156          4          0          0          0        140   dnaninf.o
        12          0          0          0          0        116   dretinf.o
        10          0          0          0          0        116   fpinit.o
        10          0          0          0          0        116   fretinf.o
         4          0          0          0          0        116   printf1.o
         4          0          0          0          0        116   printf2.o
         0          0          0          0          0          0   usenofp.o
        48          0          0          0          0        124   fpclassify.o

    ----------------------------------------------------------------------
      7670        288        556          0        100       5464   Library Totals
        10          0          5          0          4          0   (incl. Padding)

    ----------------------------------------------------------------------

      Code (inc. data)   RO Data    RW Data    ZI Data      Debug   Library Name

      6940        268        551          0         96       4212   c_w.l
       672         20          0          0          0       1128   fz_wm.l
        48          0          0          0          0        124   m_wm.l

    ----------------------------------------------------------------------
      7670        288        556          0        100       5464   Library Totals

    ----------------------------------------------------------------------

==============================================================================


      Code (inc. data)   RO Data    RW Data    ZI Data      Debug   

     25844       2054       1008       2080      39592     693190   Grand Totals
     25844       2054       1008        656      39592     693190   ELF Image Totals (compressed)
     25844       2054       1008        656          0          0   ROM Totals

==============================================================================

    Total RO  Size (Code + RO Data)                26852 (  26.22kB)
    Total RW  Size (RW Data + ZI Data)             41672 (  40.70kB)
    Total ROM Size (Code + RO Data + RW Data)      27508 (  26.86kB)

==============================================================================

